<html>
<body>
<pre>
<h1>µVision Build Log</h1>
<h2>Tool Versions:</h2>
IDE-Version: ¦ÌVision V5.14.0.0
Copyright (C) 2015 ARM Ltd and ARM Germany GmbH. All rights reserved.
License Information: 1 User, 1, LIC=8MZI6-D5GIJ-D3UM3-AMFJV-PG19A-PM7DB
 
Tool Versions:
Toolchain:       MDK-ARM Professional  Version: 5.14.0.0
Toolchain Path:  D:\Keil_V5\ARM\ARMCC\Bin
C Compiler:      Armcc.exe V5.05 update 1 (build 106)
Assembler:       Armasm.exe V5.05 update 1 (build 106)
Linker/Locator:  ArmLink.exe V5.05 update 1 (build 106)
Library Manager: ArmAr.exe V5.05 update 1 (build 106)
Hex Converter:   FromElf.exe V5.05 update 1 (build 106)
CPU DLL:         SARMCM3.DLL V5.14.0.0
Dialog DLL:      DCM.DLL V1.13.1.0
Target DLL:      Segger\JL2CM3.dll V2.99.13.0
Dialog DLL:      TCM.DLL V1.14.4.0
 
<h2>Project:</h2>
D:\YPC\Desktop\Keil5 Project\Sonar_Sensor _RTOS\MDK-ARM\Sonar_Sensor.uvprojx
Project File Date:  05/13/2026

<h2>Output:</h2>
Rebuild target 'Target 1'
compiling main.c...
compiling gd32f10x_it.c...
compiling sonar.c...
compiling uart.c...
compiling gd32f10x_adc.c...
compiling gd32f10x_crc.c...
compiling gd32f10x_dma.c...
compiling gd32f10x_exti.c...
compiling gd32f10x_i2c.c...
compiling gd32f10x_gpio.c...
compiling gd32f10x_rtc.c...
compiling gd32f10x_spi.c...
compiling gd32f10x_timer.c...
compiling gd32f10x_usart.c...
compiling gd32f10x_misc.c...
compiling gd32f10x_rcu.c...
compiling system_gd32f10x.c...
assembling startup_gd32f10x_md.s...
compiling event_groups.c...
compiling heap_4.c...
compiling list.c...
compiling port.c...
compiling queue.c...
compiling tasks.c...
compiling timers.c...
linking...
Program Size: Code=7692 RO-data=292 RW-data=132 ZI-data=16868  
FromELF: creating hex file...
".\Objects\Sonar_Sensor.axf" - 0 Error(s), 0 Warning(s).

<h2>Collection of Component include folders:</h2>
  D:\YPC\Desktop\Keil5 Project\Sonar_Sensor _RTOS\MDK-ARM\RTE
  D:\Keil_V5\ARM\PACK\GigaDevice\GD32F10x_DFP\2.0.3\Device\Include

<h2>Collection of Component Files used:</h2>
</pre>
</body>
</html>
