Component: ARM Compiler 5.05 update 1 (build 106) Tool: armlink [4d0efa]

==============================================================================

Section Cross References

    startup_stm32f407xx.o(STACK) refers (Special) to heapauxi.o(.text) for __use_two_region_memory
    startup_stm32f407xx.o(HEAP) refers (Special) to heapauxi.o(.text) for __use_two_region_memory
    startup_stm32f407xx.o(RESET) refers (Special) to heapauxi.o(.text) for __use_two_region_memory
    startup_stm32f407xx.o(RESET) refers to startup_stm32f407xx.o(STACK) for __initial_sp
    startup_stm32f407xx.o(RESET) refers to startup_stm32f407xx.o(.text) for Reset_Handler
    startup_stm32f407xx.o(RESET) refers to stm32f4xx_it.o(i.NMI_Handler) for NMI_Handler
    startup_stm32f407xx.o(RESET) refers to stm32f4xx_it.o(i.HardFault_Handler) for HardFault_Handler
    startup_stm32f407xx.o(RESET) refers to stm32f4xx_it.o(i.MemManage_Handler) for MemManage_Handler
    startup_stm32f407xx.o(RESET) refers to stm32f4xx_it.o(i.BusFault_Handler) for BusFault_Handler
    startup_stm32f407xx.o(RESET) refers to stm32f4xx_it.o(i.UsageFault_Handler) for UsageFault_Handler
    startup_stm32f407xx.o(RESET) refers to stm32f4xx_it.o(i.SVC_Handler) for SVC_Handler
    startup_stm32f407xx.o(RESET) refers to stm32f4xx_it.o(i.DebugMon_Handler) for DebugMon_Handler
    startup_stm32f407xx.o(RESET) refers to stm32f4xx_it.o(i.PendSV_Handler) for PendSV_Handler
    startup_stm32f407xx.o(RESET) refers to stm32f4xx_it.o(i.SysTick_Handler) for SysTick_Handler
    startup_stm32f407xx.o(RESET) refers to stm32f4xx_it.o(i.EXTI0_IRQHandler) for EXTI0_IRQHandler
    startup_stm32f407xx.o(RESET) refers to stm32f4xx_it.o(i.EXTI2_IRQHandler) for EXTI2_IRQHandler
    startup_stm32f407xx.o(RESET) refers to usart.o(i.USART6_IRQHandler) for USART6_IRQHandler
    startup_stm32f407xx.o(.text) refers (Special) to heapauxi.o(.text) for __use_two_region_memory
    startup_stm32f407xx.o(.text) refers to system_stm32f4xx.o(i.SystemInit) for SystemInit
    startup_stm32f407xx.o(.text) refers to __main.o(!!!main) for __main
    startup_stm32f407xx.o(.text) refers to startup_stm32f407xx.o(HEAP) for Heap_Mem
    startup_stm32f407xx.o(.text) refers to startup_stm32f407xx.o(STACK) for Stack_Mem
    main.o(i.SystemClock_Config) refers to rt_memclr_w.o(.text) for __aeabi_memclr4
    main.o(i.SystemClock_Config) refers to stm32f4xx_hal_rcc.o(i.HAL_RCC_OscConfig) for HAL_RCC_OscConfig
    main.o(i.SystemClock_Config) refers to stm32f4xx_hal_rcc.o(i.HAL_RCC_ClockConfig) for HAL_RCC_ClockConfig
    main.o(i.main) refers to stm32f4xx_hal.o(i.HAL_Init) for HAL_Init
    main.o(i.main) refers to main.o(i.SystemClock_Config) for SystemClock_Config
    main.o(i.main) refers to gpio.o(i.MX_GPIO_Init) for MX_GPIO_Init
    main.o(i.main) refers to spi.o(i.MX_SPI1_Init) for MX_SPI1_Init
    main.o(i.main) refers to tim.o(i.MX_TIM3_Init) for MX_TIM3_Init
    main.o(i.main) refers to ecat_api.o(i.ECAT_Stack_Init) for ECAT_Stack_Init
    main.o(i.main) refers to usart.o(i.Sensor_UART_Init) for Sensor_UART_Init
    main.o(i.main) refers to ecat_api.o(i.ECAT_RegisterPeriodicTask) for ECAT_RegisterPeriodicTask
    main.o(i.main) refers to ecat_api.o(i.ECAT_RegisterSafeOutput) for ECAT_RegisterSafeOutput
    main.o(i.main) refers to application.o(i.Sonar_Task) for Sonar_Task
    main.o(i.main) refers to ecat_api.o(i.ECAT_Stack_MainLoop) for ECAT_Stack_MainLoop
    main.o(i.main) refers to application.o(i.DO_LED_Ctrl) for DO_LED_Ctrl
    main.o(i.main) refers to application.o(i.DO_LED_Off) for DO_LED_Off
    gpio.o(i.MX_GPIO_Init) refers to rt_memclr_w.o(.text) for __aeabi_memclr4
    gpio.o(i.MX_GPIO_Init) refers to stm32f4xx_hal_gpio.o(i.HAL_GPIO_WritePin) for HAL_GPIO_WritePin
    gpio.o(i.MX_GPIO_Init) refers to stm32f4xx_hal_gpio.o(i.HAL_GPIO_Init) for HAL_GPIO_Init
    gpio.o(i.MX_GPIO_Init) refers to stm32f4xx_hal_cortex.o(i.HAL_NVIC_SetPriority) for HAL_NVIC_SetPriority
    gpio.o(i.MX_GPIO_Init) refers to stm32f4xx_hal_cortex.o(i.HAL_NVIC_EnableIRQ) for HAL_NVIC_EnableIRQ
    spi.o(i.HAL_SPI_MspDeInit) refers to stm32f4xx_hal_gpio.o(i.HAL_GPIO_DeInit) for HAL_GPIO_DeInit
    spi.o(i.HAL_SPI_MspInit) refers to rt_memclr_w.o(.text) for __aeabi_memclr4
    spi.o(i.HAL_SPI_MspInit) refers to stm32f4xx_hal_gpio.o(i.HAL_GPIO_Init) for HAL_GPIO_Init
    spi.o(i.MX_SPI1_Init) refers to stm32f4xx_hal_spi.o(i.HAL_SPI_Init) for HAL_SPI_Init
    spi.o(i.MX_SPI1_Init) refers to main.o(i.Error_Handler) for Error_Handler
    spi.o(i.MX_SPI1_Init) refers to spi.o(.bss) for .bss
    tim.o(i.MX_TIM3_Init) refers to stm32f4xx_hal_tim.o(i.HAL_TIM_Base_Init) for HAL_TIM_Base_Init
    tim.o(i.MX_TIM3_Init) refers to main.o(i.Error_Handler) for Error_Handler
    tim.o(i.MX_TIM3_Init) refers to stm32f4xx_hal_tim.o(i.HAL_TIM_ConfigClockSource) for HAL_TIM_ConfigClockSource
    tim.o(i.MX_TIM3_Init) refers to stm32f4xx_hal_tim_ex.o(i.HAL_TIMEx_MasterConfigSynchronization) for HAL_TIMEx_MasterConfigSynchronization
[...]
    CAN2_SCE_IRQHandler                      0x0800028b   Thumb Code     0  startup_stm32f407xx.o(.text)
    CAN2_TX_IRQHandler                       0x0800028b   Thumb Code     0  startup_stm32f407xx.o(.text)
    DCMI_IRQHandler                          0x0800028b   Thumb Code     0  startup_stm32f407xx.o(.text)
    DMA1_Stream0_IRQHandler                  0x0800028b   Thumb Code     0  startup_stm32f407xx.o(.text)
    DMA1_Stream1_IRQHandler                  0x0800028b   Thumb Code     0  startup_stm32f407xx.o(.text)
    DMA1_Stream2_IRQHandler                  0x0800028b   Thumb Code     0  startup_stm32f407xx.o(.text)
    DMA1_Stream3_IRQHandler                  0x0800028b   Thumb Code     0  startup_stm32f407xx.o(.text)
    DMA1_Stream4_IRQHandler                  0x0800028b   Thumb Code     0  startup_stm32f407xx.o(.text)
    DMA1_Stream5_IRQHandler                  0x0800028b   Thumb Code     0  startup_stm32f407xx.o(.text)
    DMA1_Stream6_IRQHandler                  0x0800028b   Thumb Code     0  startup_stm32f407xx.o(.text)
    DMA1_Stream7_IRQHandler                  0x0800028b   Thumb Code     0  startup_stm32f407xx.o(.text)
    DMA2_Stream0_IRQHandler                  0x0800028b   Thumb Code     0  startup_stm32f407xx.o(.text)
    DMA2_Stream1_IRQHandler                  0x0800028b   Thumb Code     0  startup_stm32f407xx.o(.text)
    DMA2_Stream2_IRQHandler                  0x0800028b   Thumb Code     0  startup_stm32f407xx.o(.text)
    DMA2_Stream3_IRQHandler                  0x0800028b   Thumb Code     0  startup_stm32f407xx.o(.text)
    DMA2_Stream4_IRQHandler                  0x0800028b   Thumb Code     0  startup_stm32f407xx.o(.text)
    DMA2_Stream5_IRQHandler                  0x0800028b   Thumb Code     0  startup_stm32f407xx.o(.text)
    DMA2_Stream6_IRQHandler                  0x0800028b   Thumb Code     0  startup_stm32f407xx.o(.text)
    DMA2_Stream7_IRQHandler                  0x0800028b   Thumb Code     0  startup_stm32f407xx.o(.text)
    ETH_IRQHandler                           0x0800028b   Thumb Code     0  startup_stm32f407xx.o(.text)
    ETH_WKUP_IRQHandler                      0x0800028b   Thumb Code     0  startup_stm32f407xx.o(.text)
    EXTI15_10_IRQHandler                     0x0800028b   Thumb Code     0  startup_stm32f407xx.o(.text)
    EXTI1_IRQHandler                         0x0800028b   Thumb Code     0  startup_stm32f407xx.o(.text)
    EXTI3_IRQHandler                         0x0800028b   Thumb Code     0  startup_stm32f407xx.o(.text)
    EXTI4_IRQHandler                         0x0800028b   Thumb Code     0  startup_stm32f407xx.o(.text)
    EXTI9_5_IRQHandler                       0x0800028b   Thumb Code     0  startup_stm32f407xx.o(.text)
    FLASH_IRQHandler                         0x0800028b   Thumb Code     0  startup_stm32f407xx.o(.text)
    FMC_IRQHandler                           0x0800028b   Thumb Code     0  startup_stm32f407xx.o(.text)
    FPU_IRQHandler                           0x0800028b   Thumb Code     0  startup_stm32f407xx.o(.text)
    HASH_RNG_IRQHandler                      0x0800028b   Thumb Code     0  startup_stm32f407xx.o(.text)
    I2C1_ER_IRQHandler                       0x0800028b   Thumb Code     0  startup_stm32f407xx.o(.text)
    I2C1_EV_IRQHandler                       0x0800028b   Thumb Code     0  startup_stm32f407xx.o(.text)
    I2C2_ER_IRQHandler                       0x0800028b   Thumb Code     0  startup_stm32f407xx.o(.text)
    I2C2_EV_IRQHandler                       0x0800028b   Thumb Code     0  startup_stm32f407xx.o(.text)
    I2C3_ER_IRQHandler                       0x0800028b   Thumb Code     0  startup_stm32f407xx.o(.text)
    I2C3_EV_IRQHandler                       0x0800028b   Thumb Code     0  startup_stm32f407xx.o(.text)
    OTG_FS_IRQHandler                        0x0800028b   Thumb Code     0  startup_stm32f407xx.o(.text)
    OTG_FS_WKUP_IRQHandler                   0x0800028b   Thumb Code     0  startup_stm32f407xx.o(.text)
    OTG_HS_EP1_IN_IRQHandler                 0x0800028b   Thumb Code     0  startup_stm32f407xx.o(.text)
    OTG_HS_EP1_OUT_IRQHandler                0x0800028b   Thumb Code     0  startup_stm32f407xx.o(.text)
    OTG_HS_IRQHandler                        0x0800028b   Thumb Code     0  startup_stm32f407xx.o(.text)
    OTG_HS_WKUP_IRQHandler                   0x0800028b   Thumb Code     0  startup_stm32f407xx.o(.text)
    PVD_IRQHandler                           0x0800028b   Thumb Code     0  startup_stm32f407xx.o(.text)
    RCC_IRQHandler                           0x0800028b   Thumb Code     0  startup_stm32f407xx.o(.text)
    RTC_Alarm_IRQHandler                     0x0800028b   Thumb Code     0  startup_stm32f407xx.o(.text)
    RTC_WKUP_IRQHandler                      0x0800028b   Thumb Code     0  startup_stm32f407xx.o(.text)
    SDIO_IRQHandler                          0x0800028b   Thumb Code     0  startup_stm32f407xx.o(.text)
    SPI1_IRQHandler                          0x0800028b   Thumb Code     0  startup_stm32f407xx.o(.text)
    SPI2_IRQHandler                          0x0800028b   Thumb Code     0  startup_stm32f407xx.o(.text)
    SPI3_IRQHandler                          0x0800028b   Thumb Code     0  startup_stm32f407xx.o(.text)
    TAMP_STAMP_IRQHandler                    0x0800028b   Thumb Code     0  startup_stm32f407xx.o(.text)
    TIM1_BRK_TIM9_IRQHandler                 0x0800028b   Thumb Code     0  startup_stm32f407xx.o(.text)
    TIM1_CC_IRQHandler                       0x0800028b   Thumb Code     0  startup_stm32f407xx.o(.text)
    TIM1_TRG_COM_TIM11_IRQHandler            0x0800028b   Thumb Code     0  startup_stm32f407xx.o(.text)
    TIM1_UP_TIM10_IRQHandler                 0x0800028b   Thumb Code     0  startup_stm32f407xx.o(.text)
    TIM2_IRQHandler                          0x0800028b   Thumb Code     0  startup_stm32f407xx.o(.text)
    TIM3_IRQHandler                          0x0800028b   Thumb Code     0  startup_stm32f407xx.o(.text)
    TIM4_IRQHandler                          0x0800028b   Thumb Code     0  startup_stm32f407xx.o(.text)
    TIM5_IRQHandler                          0x0800028b   Thumb Code     0  startup_stm32f407xx.o(.text)
    TIM6_DAC_IRQHandler                      0x0800028b   Thumb Code     0  startup_stm32f407xx.o(.text)
    TIM7_IRQHandler                          0x0800028b   Thumb Code     0  startup_stm32f407xx.o(.text)
    TIM8_BRK_TIM12_IRQHandler                0x0800028b   Thumb Code     0  startup_stm32f407xx.o(.text)
    TIM8_CC_IRQHandler                       0x0800028b   Thumb Code     0  startup_stm32f407xx.o(.text)
    TIM8_TRG_COM_TIM14_IRQHandler            0x0800028b   Thumb Code     0  startup_stm32f407xx.o(.text)
    TIM8_UP_TIM13_IRQHandler                 0x0800028b   Thumb Code     0  startup_stm32f407xx.o(.text)
    UART4_IRQHandler                         0x0800028b   Thumb Code     0  startup_stm32f407xx.o(.text)
    UART5_IRQHandler                         0x0800028b   Thumb Code     0  startup_stm32f407xx.o(.text)
    USART1_IRQHandler                        0x0800028b   Thumb Code     0  startup_stm32f407xx.o(.text)
    USART2_IRQHandler                        0x0800028b   Thumb Code     0  startup_stm32f407xx.o(.text)
    USART3_IRQHandler                        0x0800028b   Thumb Code     0  startup_stm32f407xx.o(.text)
    WWDG_IRQHandler                          0x0800028b   Thumb Code     0  startup_stm32f407xx.o(.text)
    __user_initial_stackheap                 0x0800028d   Thumb Code     0  startup_stm32f407xx.o(.text)
    malloc                                   0x080002b1   Thumb Code    94  h1_alloc.o(.text)
    free                                     0x0800030f   Thumb Code    78  h1_free.o(.text)
    __aeabi_uldivmod                         0x0800035d   Thumb Code     0  lludivv7m.o(.text)
    _ll_udiv                                 0x0800035d   Thumb Code   238  lludivv7m.o(.text)
    memcmp                                   0x0800044b   Thumb Code    88  memcmp.o(.text)
    strlen                                   0x080004a3   Thumb Code    62  strlen.o(.text)
    __aeabi_memcpy                           0x080004e1   Thumb Code     0  rt_memcpy_v6.o(.text)
    __rt_memcpy                              0x080004e1   Thumb Code   138  rt_memcpy_v6.o(.text)
    _memcpy_lastbytes                        0x08000547   Thumb Code     0  rt_memcpy_v6.o(.text)
    __aeabi_memcpy4                          0x0800056b   Thumb Code     0  rt_memcpy_w.o(.text)
    __aeabi_memcpy8                          0x0800056b   Thumb Code     0  rt_memcpy_w.o(.text)
    __rt_memcpy_w                            0x0800056b   Thumb Code   100  rt_memcpy_w.o(.text)
    _memcpy_lastbytes_aligned                0x080005b3   Thumb Code     0  rt_memcpy_w.o(.text)
    __aeabi_memclr4                          0x080005cf   Thumb Code     0  rt_memclr_w.o(.text)
    __aeabi_memclr8                          0x080005cf   Thumb Code     0  rt_memclr_w.o(.text)
    __rt_memclr_w                            0x080005cf   Thumb Code    78  rt_memclr_w.o(.text)
    _memset_w                                0x080005d3   Thumb Code     0  rt_memclr_w.o(.text)
    __use_two_region_memory                  0x0800061d   Thumb Code     2  heapauxi.o(.text)
    __rt_heap_escrow                         0x0800061f   Thumb Code     2  heapauxi.o(.text)
    __rt_heap_expand                         0x08000621   Thumb Code     2  heapauxi.o(.text)
    __rt_heap_descriptor                     0x08000625   Thumb Code     8  rt_heap_descriptor_intlibspace.o(.text)
    __use_no_heap                            0x0800062d   Thumb Code     2  hguard.o(.text)
    __heap$guard                             0x0800062f   Thumb Code     2  hguard.o(.text)
    _terminate_user_alloc                    0x08000631   Thumb Code     2  init_alloc.o(.text)
    _init_user_alloc                         0x08000633   Thumb Code     2  init_alloc.o(.text)
    __Heap_Full                              0x08000635   Thumb Code    34  init_alloc.o(.text)
    __Heap_Broken                            0x08000657   Thumb Code     6  init_alloc.o(.text)
    _init_alloc                              0x0800065d   Thumb Code    94  init_alloc.o(.text)
    __Heap_Initialize                        0x080006bb   Thumb Code    10  h1_init.o(.text)
    __Heap_DescSize                          0x080006c5   Thumb Code     4  h1_init.o(.text)
    __user_libspace                          0x080006c9   Thumb Code     8  libspace.o(.text)
    __user_perproc_libspace                  0x080006c9   Thumb Code     0  libspace.o(.text)
    __user_perthread_libspace                0x080006c9   Thumb Code     0  libspace.o(.text)
    __Heap_ProvideMemory                     0x080006d1   Thumb Code    52  h1_extend.o(.text)
    __rt_SIGRTMEM                            0x08000705   Thumb Code    14  defsig_rtmem_outer.o(.text)
    __I$use$semihosting                      0x08000713   Thumb Code     0  use_no_semi.o(.text)
    __use_no_semihosting_swi                 0x08000713   Thumb Code     2  use_no_semi.o(.text)
    __semihosting_library_function           0x08000715   Thumb Code     0  indicate_semi.o(.text)
    __user_setup_stackheap                   0x08000715   Thumb Code    74  sys_stackheap_outer.o(.text)
    exit                                     0x0800075f   Thumb Code    12  exit.o(.text)
    __sig_exit                               0x0800076b   Thumb Code    10  defsig_exit.o(.text)
    __rt_SIGRTMEM_inner                      0x08000775   Thumb Code    22  defsig_rtmem_inner.o(.text)
    _sys_exit                                0x080007c5   Thumb Code     8  sys_exit.o(.text)
    __default_signal_display                 0x080007d1   Thumb Code    50  defsig_general.o(.text)
    _ttywrch                                 0x08000803   Thumb Code    14  sys_wrch.o(.text)
    AL_ControlInd                            0x08000811   Thumb Code   852  ecatslv.o(i.AL_ControlInd)
    AL_ControlRes                            0x08000b71   Thumb Code   388  ecatslv.o(i.AL_ControlRes)
    APPL_AckErrorInd                         0x08000cfd   Thumb Code     2  ssc-device.o(i.APPL_AckErrorInd)
    APPL_Application                         0x08000d01   Thumb Code    20  ssc-device.o(i.APPL_Application)
    APPL_CoeRxPdoMapping                     0x08000d1d   Thumb Code    34  ecat_api.o(i.APPL_CoeRxPdoMapping)
    APPL_CoeTxPdoMapping                     0x08000d49   Thumb Code    32  ecat_api.o(i.APPL_CoeTxPdoMapping)
    APPL_GenerateMapping                     0x08000d71   Thumb Code   228  ssc-device.o(i.APPL_GenerateMapping)
    APPL_InputMapping                        0x08000e59   Thumb Code     4  ssc-device.o(i.APPL_InputMapping)
    APPL_OutputMapping                       0x08000e5d   Thumb Code     4  ssc-device.o(i.APPL_OutputMapping)
    APPL_StartInputHandler                   0x08000e61   Thumb Code     4  ssc-device.o(i.APPL_StartInputHandler)
    APPL_StartMailboxHandler                 0x08000e65   Thumb Code     4  ssc-device.o(i.APPL_StartMailboxHandler)
    APPL_StartOutputHandler                  0x08000e69   Thumb Code     4  ssc-device.o(i.APPL_StartOutputHandler)
    APPL_StopInputHandler                    0x08000e6d   Thumb Code     4  ssc-device.o(i.APPL_StopInputHandler)
    APPL_StopMailboxHandler                  0x08000e71   Thumb Code     4  ssc-device.o(i.APPL_StopMailboxHandler)
    APPL_StopOutputHandler                   0x08000e75   Thumb Code    14  ssc-device.o(i.APPL_StopOutputHandler)
    AddObjectsToObjDictionary                0x08000e89   Thumb Code    32  coeappl.o(i.AddObjectsToObjDictionary)
    App_Load_Params_From_Flash               0x08000edd   Thumb Code    46  app_flash.o(i.App_Load_Params_From_Flash)
    App_Save_Params_To_Flash                 0x08000f15   Thumb Code   130  app_flash.o(i.App_Save_Params_To_Flash)
    BusFault_Handler                         0x08000fc5   Thumb Code     2  stm32f4xx_it.o(i.BusFault_Handler)
    COE_AddObjectToDic                       0x08000fc9   Thumb Code    88  coeappl.o(i.COE_AddObjectToDic)
    COE_ClearObjDictionary                   0x08001025   Thumb Code    26  coeappl.o(i.COE_ClearObjDictionary)
    COE_ContinueInd                          0x08001045   Thumb Code    52  ecatcoe.o(i.COE_ContinueInd)
    COE_GetObjectDictionary                  0x08001081   Thumb Code     6  coeappl.o(i.COE_GetObjectDictionary)
    COE_Init                                 0x0800108d   Thumb Code    12  ecatcoe.o(i.COE_Init)
    COE_Main                                 0x080010a1   Thumb Code   140  coeappl.o(i.COE_Main)
    COE_ObjDictionaryInit                    0x0800114d   Thumb Code    34  coeappl.o(i.COE_ObjDictionaryInit)
    COE_ObjInit                              0x08001175   Thumb Code   162  coeappl.o(i.COE_ObjInit)
    COE_RemoveDicEntry                       0x08001251   Thumb Code    52  coeappl.o(i.COE_RemoveDicEntry)
    COE_ServiceInd                           0x08001289   Thumb Code    38  ecatcoe.o(i.COE_ServiceInd)
    COE_SyncTimeStamp                        0x080012b1   Thumb Code    68  coeappl.o(i.COE_SyncTimeStamp)
    COE_UpdateSyncErrorStatus                0x080012fd   Thumb Code    56  coeappl.o(i.COE_UpdateSyncErrorStatus)
    CheckIfEcatError                         0x08001341   Thumb Code    92  ecatslv.o(i.CheckIfEcatError)
    CheckSmSettings                          0x080013a1   Thumb Code   344  ecatslv.o(i.CheckSmSettings)
    CheckSyncTypeValue                       0x080014fd   Thumb Code   128  objdef.o(i.CheckSyncTypeValue)
    DC_CheckWatchdog                         0x080015a5   Thumb Code   124  ecatslv.o(i.DC_CheckWatchdog)
    DO_LED_Ctrl                              0x080016d1   Thumb Code   138  application.o(i.DO_LED_Ctrl)
    DO_LED_Off                               0x08001771   Thumb Code    68  application.o(i.DO_LED_Off)
    DebugMon_Handler                         0x080017bd   Thumb Code     2  stm32f4xx_it.o(i.DebugMon_Handler)
    DisableSyncManChannel                    0x080017bf   Thumb Code    48  ecatslv.o(i.DisableSyncManChannel)
    ECAT_Application                         0x080017f1   Thumb Code    36  ecatappl.o(i.ECAT_Application)
    ECAT_CheckTimer                          0x08001821   Thumb Code    86  ecatappl.o(i.ECAT_CheckTimer)
    ECAT_Init                                0x08001895   Thumb Code   144  ecatslv.o(i.ECAT_Init)
    ECAT_Main                                0x08001929   Thumb Code   250  ecatslv.o(i.ECAT_Main)
    ECAT_RegisterPeriodicTask                0x08001a35   Thumb Code     6  ecat_api.o(i.ECAT_RegisterPeriodicTask)
    ECAT_RegisterSafeOutput                  0x08001a41   Thumb Code     6  ecat_api.o(i.ECAT_RegisterSafeOutput)
    ECAT_SetLedIndication                    0x08001a4d   Thumb Code   308  ecatappl.o(i.ECAT_SetLedIndication)
    ECAT_Stack_Init                          0x08001b95   Thumb Code    54  ecat_api.o(i.ECAT_Stack_Init)
    ECAT_Stack_MainLoop                      0x08001be1   Thumb Code    24  ecat_api.o(i.ECAT_Stack_MainLoop)
    EXTI0_IRQHandler                         0x08001bfd   Thumb Code     6  stm32f4xx_it.o(i.EXTI0_IRQHandler)
    EXTI2_IRQHandler                         0x08001c03   Thumb Code     6  stm32f4xx_it.o(i.EXTI2_IRQHandler)
    EnableSyncManChannel                     0x08001c09   Thumb Code    46  ecatslv.o(i.EnableSyncManChannel)
    Error_Handler                            0x08001c37   Thumb Code     4  main.o(i.Error_Handler)
    FLASH_Erase_Sector                       0x08001c3d   Thumb Code    74  stm32f4xx_hal_flash_ex.o(i.FLASH_Erase_Sector)
    FLASH_FlushCaches                        0x08001c8d   Thumb Code    80  stm32f4xx_hal_flash_ex.o(i.FLASH_FlushCaches)
    FLASH_WaitForLastOperation               0x08001e05   Thumb Code    72  stm32f4xx_hal_flash.o(i.FLASH_WaitForLastOperation)
    GetOutOfMbxQueue                         0x08001e55   Thumb Code    38  mailbox.o(i.GetOutOfMbxQueue)
    GetSyncMan                               0x08001e7d   Thumb Code    22  ecatslv.o(i.GetSyncMan)
    GetSystemTimeDelay                       0x08001e99   Thumb Code    58  ecatappl.o(i.GetSystemTimeDelay)
    HAL_DMA_Abort                            0x08001ed9   Thumb Code   146  stm32f4xx_hal_dma.o(i.HAL_DMA_Abort)
    HAL_DMA_Abort_IT                         0x08001f6b   Thumb Code    36  stm32f4xx_hal_dma.o(i.HAL_DMA_Abort_IT)
    HAL_DMA_Init                             0x08001f91   Thumb Code   206  stm32f4xx_hal_dma.o(i.HAL_DMA_Init)
    HAL_DMA_Start_IT                         0x08002065   Thumb Code   110  stm32f4xx_hal_dma.o(i.HAL_DMA_Start_IT)
    HAL_Delay                                0x080020d5   Thumb Code    32  stm32f4xx_hal.o(i.HAL_Delay)
    HAL_FLASHEx_Erase                        0x080020f9   Thumb Code   144  stm32f4xx_hal_flash_ex.o(i.HAL_FLASHEx_Erase)
    HAL_FLASH_Lock                           0x08002191   Thumb Code    14  stm32f4xx_hal_flash.o(i.HAL_FLASH_Lock)
    HAL_FLASH_Program                        0x080021a5   Thumb Code   116  stm32f4xx_hal_flash.o(i.HAL_FLASH_Program)
    HAL_FLASH_Unlock                         0x08002221   Thumb Code    32  stm32f4xx_hal_flash.o(i.HAL_FLASH_Unlock)
    HAL_GPIO_EXTI_Callback                   0x0800224d   Thumb Code    30  tr8253evb.o(i.HAL_GPIO_EXTI_Callback)
    HAL_GPIO_EXTI_IRQHandler                 0x08002271   Thumb Code    18  stm32f4xx_hal_gpio.o(i.HAL_GPIO_EXTI_IRQHandler)
    HAL_GPIO_Init                            0x08002289   Thumb Code   450  stm32f4xx_hal_gpio.o(i.HAL_GPIO_Init)
    HAL_GPIO_WritePin                        0x08002479   Thumb Code    10  stm32f4xx_hal_gpio.o(i.HAL_GPIO_WritePin)
    HAL_GetTick                              0x08002485   Thumb Code     6  stm32f4xx_hal.o(i.HAL_GetTick)
    HAL_IncTick                              0x08002491   Thumb Code    12  stm32f4xx_hal.o(i.HAL_IncTick)
    HAL_Init                                 0x080024a1   Thumb Code    48  stm32f4xx_hal.o(i.HAL_Init)
    HAL_InitTick                             0x080024d5   Thumb Code    54  stm32f4xx_hal.o(i.HAL_InitTick)
    HAL_MspInit                              0x08002515   Thumb Code    48  stm32f4xx_hal_msp.o(i.HAL_MspInit)
    HAL_NVIC_EnableIRQ                       0x08002549   Thumb Code    26  stm32f4xx_hal_cortex.o(i.HAL_NVIC_EnableIRQ)
    HAL_NVIC_SetPriority                     0x08002565   Thumb Code    60  stm32f4xx_hal_cortex.o(i.HAL_NVIC_SetPriority)
    HAL_NVIC_SetPriorityGrouping             0x080025a5   Thumb Code    26  stm32f4xx_hal_cortex.o(i.HAL_NVIC_SetPriorityGrouping)
    HAL_RCC_ClockConfig                      0x080025c9   Thumb Code   288  stm32f4xx_hal_rcc.o(i.HAL_RCC_ClockConfig)
    HAL_RCC_GetPCLK1Freq                     0x080026fd   Thumb Code    20  stm32f4xx_hal_rcc.o(i.HAL_RCC_GetPCLK1Freq)
    HAL_RCC_GetPCLK2Freq                     0x0800271d   Thumb Code    20  stm32f4xx_hal_rcc.o(i.HAL_RCC_GetPCLK2Freq)
    HAL_RCC_GetSysClockFreq                  0x0800273d   Thumb Code    88  stm32f4xx_hal_rcc.o(i.HAL_RCC_GetSysClockFreq)
    HAL_RCC_OscConfig                        0x080027a1   Thumb Code   856  stm32f4xx_hal_rcc.o(i.HAL_RCC_OscConfig)
    HAL_SPI_Init                             0x08002b0d   Thumb Code   188  stm32f4xx_hal_spi.o(i.HAL_SPI_Init)
    HAL_SPI_MspInit                          0x08002bc9   Thumb Code    92  spi.o(i.HAL_SPI_MspInit)
    HAL_SYSTICK_Config                       0x08002c31   Thumb Code    40  stm32f4xx_hal_cortex.o(i.HAL_SYSTICK_Config)
    HAL_TIMEx_MasterConfigSynchronization    0x08002c59   Thumb Code   116  stm32f4xx_hal_tim_ex.o(i.HAL_TIMEx_MasterConfigSynchronization)
    HAL_TIM_Base_Init                        0x08002ce9   Thumb Code    90  stm32f4xx_hal_tim.o(i.HAL_TIM_Base_Init)
    HAL_TIM_Base_MspInit                     0x08002d45   Thumb Code    30  tim.o(i.HAL_TIM_Base_MspInit)
    HAL_TIM_Base_Start                       0x08002d6d   Thumb Code    90  stm32f4xx_hal_tim.o(i.HAL_TIM_Base_Start)
    HAL_TIM_ConfigClockSource                0x08002de5   Thumb Code   220  stm32f4xx_hal_tim.o(i.HAL_TIM_ConfigClockSource)
    HAL_UARTEx_RxEventCallback               0x08002ec1   Thumb Code     2  stm32f4xx_hal_uart.o(i.HAL_UARTEx_RxEventCallback)
    HAL_UART_ErrorCallback                   0x08002ec3   Thumb Code     2  stm32f4xx_hal_uart.o(i.HAL_UART_ErrorCallback)
    HAL_UART_IRQHandler                      0x08002ec5   Thumb Code   636  stm32f4xx_hal_uart.o(i.HAL_UART_IRQHandler)
    HAL_UART_Init                            0x08003145   Thumb Code   100  stm32f4xx_hal_uart.o(i.HAL_UART_Init)
    HAL_UART_MspInit                         0x080031a9   Thumb Code     2  stm32f4xx_hal_uart.o(i.HAL_UART_MspInit)
    HAL_UART_Receive_DMA                     0x080031ab   Thumb Code    28  stm32f4xx_hal_uart.o(i.HAL_UART_Receive_DMA)
    HAL_UART_RxCpltCallback                  0x080031c7   Thumb Code     2  stm32f4xx_hal_uart.o(i.HAL_UART_RxCpltCallback)
    HAL_UART_RxHalfCpltCallback              0x080031c9   Thumb Code     2  stm32f4xx_hal_uart.o(i.HAL_UART_RxHalfCpltCallback)
    HAL_UART_TxCpltCallback                  0x080031cb   Thumb Code     2  stm32f4xx_hal_uart.o(i.HAL_UART_TxCpltCallback)
    HW_EscRead                               0x080031cd   Thumb Code    60  tr8253evb.o(i.HW_EscRead)
    HW_EscReadIsr                            0x0800320d   Thumb Code    54  tr8253evb.o(i.HW_EscReadIsr)
    HW_EscWrite                              0x08003249   Thumb Code    58  tr8253evb.o(i.HW_EscWrite)
    HW_EscWriteIsr                           0x08003289   Thumb Code    50  tr8253evb.o(i.HW_EscWriteIsr)
    HW_GetALEventRegister                    0x080032c1   Thumb Code    18  tr8253evb.o(i.HW_GetALEventRegister)
    HW_GetALEventRegister_Isr                0x080032d9   Thumb Code    18  tr8253evb.o(i.HW_GetALEventRegister_Isr)
    HW_Init                                  0x080032f1   Thumb Code   120  tr8253evb.o(i.HW_Init)
    HandleCycleTimeMeasurement               0x08003371   Thumb Code    56  ecatappl.o(i.HandleCycleTimeMeasurement)
    HardFault_Handler                        0x080033b9   Thumb Code     2  stm32f4xx_it.o(i.HardFault_Handler)
    MBX_CheckAndCopyMailbox                  0x080033bd   Thumb Code   194  mailbox.o(i.MBX_CheckAndCopyMailbox)
    MBX_CopyToSendMailbox                    0x08003489   Thumb Code   156  mailbox.o(i.MBX_CopyToSendMailbox)
    MBX_Init                                 0x08003531   Thumb Code   102  mailbox.o(i.MBX_Init)
    MBX_MailboxReadInd                       0x080035a1   Thumb Code    86  mailbox.o(i.MBX_MailboxReadInd)
    MBX_MailboxRepeatReq                     0x08003601   Thumb Code    58  mailbox.o(i.MBX_MailboxRepeatReq)
    MBX_MailboxSendReq                       0x08003641   Thumb Code   108  mailbox.o(i.MBX_MailboxSendReq)
    MBX_MailboxWriteInd                      0x080036b9   Thumb Code    94  mailbox.o(i.MBX_MailboxWriteInd)
    MBX_Main                                 0x08003721   Thumb Code    66  mailbox.o(i.MBX_Main)
    MBX_StartMailboxHandler                  0x0800376d   Thumb Code   108  mailbox.o(i.MBX_StartMailboxHandler)
    MBX_StopMailboxHandler                   0x080037dd   Thumb Code   160  mailbox.o(i.MBX_StopMailboxHandler)
    MX_GPIO_Init                             0x08003885   Thumb Code   302  gpio.o(i.MX_GPIO_Init)
    MX_SPI1_Init                             0x080039c9   Thumb Code    62  spi.o(i.MX_SPI1_Init)
    MX_TIM3_Init                             0x08003a11   Thumb Code    94  tim.o(i.MX_TIM3_Init)
    MailboxServiceInd                        0x08003a79   Thumb Code    18  mailbox.o(i.MailboxServiceInd)
    MainInit                                 0x08003a8d   Thumb Code   118  ecatappl.o(i.MainInit)
    MainLoop                                 0x08003b09   Thumb Code   162  ecatappl.o(i.MainLoop)
    MemManage_Handler                        0x08003bcd   Thumb Code     2  stm32f4xx_it.o(i.MemManage_Handler)
    NMI_Handler                              0x08003bcf   Thumb Code     2  stm32f4xx_it.o(i.NMI_Handler)
    OBJ_CopyNumberToString                   0x08003bd1   Thumb Code    48  objdef.o(i.OBJ_CopyNumberToString)
    OBJ_GetDesc                              0x08003c01   Thumb Code   142  objdef.o(i.OBJ_GetDesc)
    OBJ_GetEntryDesc                         0x08003c95   Thumb Code    30  objdef.o(i.OBJ_GetEntryDesc)
    OBJ_GetEntryOffset                       0x08003cb3   Thumb Code   208  objdef.o(i.OBJ_GetEntryOffset)
    OBJ_GetNoOfObjects                       0x08003d83   Thumb Code    90  objdef.o(i.OBJ_GetNoOfObjects)
    OBJ_GetObjDesc                           0x08003ddd   Thumb Code     4  objdef.o(i.OBJ_GetObjDesc)
    OBJ_GetObjectHandle                      0x08003de1   Thumb Code    24  objdef.o(i.OBJ_GetObjectHandle)
    OBJ_GetObjectLength                      0x08003df9   Thumb Code   130  objdef.o(i.OBJ_GetObjectLength)
    OBJ_GetObjectList                        0x08003e7d   Thumb Code   152  objdef.o(i.OBJ_GetObjectList)
    OBJ_Read                                 0x08003f19   Thumb Code   848  objdef.o(i.OBJ_Read)
    OBJ_Write                                0x08004271   Thumb Code  1060  objdef.o(i.OBJ_Write)
    PDI_ClearTimer                           0x080046a9   Thumb Code    10  tr8253evb.o(i.PDI_ClearTimer)
    PDI_GetTimer                             0x080046b9   Thumb Code    10  tr8253evb.o(i.PDI_GetTimer)
    PDI_Isr                                  0x080046c9   Thumb Code   184  ecatappl.o(i.PDI_Isr)
    PDO_InputMapping                         0x080047b1   Thumb Code    80  ecatappl.o(i.PDO_InputMapping)
    PDO_OutputMapping                        0x08004815   Thumb Code    92  ecatappl.o(i.PDO_OutputMapping)
    PendSV_Handler                           0x08004889   Thumb Code     2  stm32f4xx_it.o(i.PendSV_Handler)
    PutInMbxQueue                            0x0800488b   Thumb Code    38  mailbox.o(i.PutInMbxQueue)
    Read0x10F8                               0x080048b1   Thumb Code    58  coeappl.o(i.Read0x10F8)
    ResetALEventMask                         0x080048f1   Thumb Code    52  ecatslv.o(i.ResetALEventMask)
    SDOS_SdoInd                              0x08004969   Thumb Code   722  sdoserv.o(i.SDOS_SdoInd)
    SDOS_SdoInfoInd                          0x08004c49   Thumb Code   584  sdoserv.o(i.SDOS_SdoInfoInd)
    SDOS_SdoRes                              0x08004ea9   Thumb Code   136  sdoserv.o(i.SDOS_SdoRes)
    SODS_ClearPendingResponse                0x08004f39   Thumb Code    70  sdoserv.o(i.SODS_ClearPendingResponse)
    SVC_Handler                              0x08004f8d   Thumb Code     2  stm32f4xx_it.o(i.SVC_Handler)
    SdoRes                                   0x08005175   Thumb Code   178  sdoserv.o(i.SdoRes)
    Sensor_UART_Init                         0x08005349   Thumb Code   118  usart.o(i.Sensor_UART_Init)
    SetALEventMask                           0x080053d1   Thumb Code    52  ecatslv.o(i.SetALEventMask)
    SetALStatus                              0x08005405   Thumb Code   104  ecatslv.o(i.SetALStatus)
    Sonar_RecvTick                           0x08005471   Thumb Code   124  usart.o(i.Sonar_RecvTick)
    Sonar_Task                               0x08005501   Thumb Code    96  application.o(i.Sonar_Task)
    StartInputHandler                        0x08005569   Thumb Code   966  ecatslv.o(i.StartInputHandler)
    StartOutputHandler                       0x0800595d   Thumb Code    42  ecatslv.o(i.StartOutputHandler)
    StopInputHandler                         0x08005995   Thumb Code    92  ecatslv.o(i.StopInputHandler)
    StopOutputHandler                        0x08005a01   Thumb Code    10  ecatslv.o(i.StopOutputHandler)
    Sync0_Isr                                0x08005a11   Thumb Code   200  ecatappl.o(i.Sync0_Isr)
    SysTick_Handler                          0x08005b09   Thumb Code     4  stm32f4xx_it.o(i.SysTick_Handler)
    SystemClock_Config                       0x08005b0d   Thumb Code   142  main.o(i.SystemClock_Config)
    SystemInit                               0x08005ba5   Thumb Code    12  system_stm32f4xx.o(i.SystemInit)
    TIM_Base_SetConfig                       0x08005bb5   Thumb Code   170  stm32f4xx_hal_tim.o(i.TIM_Base_SetConfig)
    TIM_ETR_SetConfig                        0x08005c8d   Thumb Code    20  stm32f4xx_hal_tim.o(i.TIM_ETR_SetConfig)
    UART_Start_Receive_DMA                   0x0800602d   Thumb Code   146  stm32f4xx_hal_uart.o(i.UART_Start_Receive_DMA)
    USART6_IRQHandler                        0x080060cd   Thumb Code     6  usart.o(i.USART6_IRQHandler)
    UpdateEEPROMLoadedState                  0x080060d9   Thumb Code    44  ecatslv.o(i.UpdateEEPROMLoadedState)
    UsageFault_Handler                       0x08006109   Thumb Code     2  stm32f4xx_it.o(i.UsageFault_Handler)
    main                                     0x08006181   Thumb Code    54  main.o(i.main)
    _fp_init                                 0x080061c1   Thumb Code    10  fpinit.o(x$fpl$fpinit)
    __fplib_config_fpu_vfp                   0x080061c9   Thumb Code     0  fpinit.o(x$fpl$fpinit)
    __fplib_config_pureend_doubles           0x080061c9   Thumb Code     0  fpinit.o(x$fpl$fpinit)
    AHBPrescTable                            0x080061d2   Data          16  system_stm32f4xx.o(.constdata)
    APBPrescTable                            0x080061e2   Data           8  system_stm32f4xx.o(.constdata)
    asEntryDesc0x1600                        0x080061ea   Data        1536  coeappl.o(.constdata)
    aName0x1600                              0x080067ea   Data        3326  coeappl.o(.constdata)
    asEntryDesc0x1601                        0x080074e8   Data        1536  coeappl.o(.constdata)
    aName0x1601                              0x08007ae8   Data        3326  coeappl.o(.constdata)
    asEntryDesc0x1A00                        0x080087e6   Data        1536  coeappl.o(.constdata)
    aName0x1A00                              0x08008de6   Data        3326  coeappl.o(.constdata)
    asEntryDesc0x1A01                        0x08009ae4   Data        1536  coeappl.o(.constdata)
    aName0x1A01                              0x0800a0e4   Data        3326  coeappl.o(.constdata)
    asEntryDesc0x1C12                        0x0800ade2   Data          12  coeappl.o(.constdata)
    aName0x1C12                              0x0800adee   Data          27  coeappl.o(.constdata)
    asEntryDesc0x1C13                        0x0800ae0a   Data          12  coeappl.o(.constdata)
    aName0x1C13                              0x0800ae16   Data          27  coeappl.o(.constdata)
    asEntryDesc0x6000                        0x0800ae32   Data          12  coeappl.o(.constdata)
    aName0x6000                              0x0800ae3e   Data          11  coeappl.o(.constdata)
    asEntryDesc0x6001                        0x0800ae4a   Data          12  coeappl.o(.constdata)
    aName0x6001                              0x0800ae56   Data          11  coeappl.o(.constdata)
    asEntryDesc0x7000                        0x0800ae62   Data          12  coeappl.o(.constdata)
    aName0x7000                              0x0800ae6e   Data          11  coeappl.o(.constdata)
    asEntryDesc0x7001                        0x0800ae7a   Data          12  coeappl.o(.constdata)
    aName0x7001                              0x0800ae86   Data          11  coeappl.o(.constdata)
    asEntryDesc0xF008                        0x0800ae92   Data          30  coeappl.o(.constdata)
    aName0xF008                              0x0800aeb0   Data          96  coeappl.o(.constdata)
    sEntryDesc0x1000                         0x0800af10   Data           6  coeappl.o(.constdata)
    aName0x1000                              0x0800af16   Data          12  coeappl.o(.constdata)
    sEntryDesc0x1001                         0x0800af22   Data           6  coeappl.o(.constdata)
    aName0x1001                              0x0800af28   Data          15  coeappl.o(.constdata)
    sEntryDesc0x1008                         0x0800af38   Data           6  coeappl.o(.constdata)
    aName0x1008                              0x0800af3e   Data          12  coeappl.o(.constdata)
    sEntryDesc0x1009                         0x0800af4a   Data           6  coeappl.o(.constdata)
    aName0x1009                              0x0800af50   Data          17  coeappl.o(.constdata)
    sEntryDesc0x100A                         0x0800af62   Data           6  coeappl.o(.constdata)
    aName0x100A                              0x0800af68   Data          17  coeappl.o(.constdata)
    asEntryDesc0x1018                        0x0800af7a   Data          30  coeappl.o(.constdata)
    aName0x1018                              0x0800af98   Data          57  coeappl.o(.constdata)
    asEntryDesc0x10F1                        0x0800afd2   Data          18  coeappl.o(.constdata)
    aName0x10F1                              0x0800afe4   Data          63  coeappl.o(.constdata)
    sEntryDesc0x10F8                         0x0800b024   Data           6  coeappl.o(.constdata)
    aName0x10F8                              0x0800b02a   Data          19  coeappl.o(.constdata)
    asEntryDesc0x1C00                        0x0800b03e   Data          12  coeappl.o(.constdata)
    aName0x1C00                              0x0800b04a   Data          18  coeappl.o(.constdata)
    asEntryDesc0x1C3x                        0x0800b05c   Data         198  coeappl.o(.constdata)
    aName0x1C32                              0x0800b122   Data         256  coeappl.o(.constdata)
    aName0x1C33                              0x0800b222   Data         255  coeappl.o(.constdata)
    cBitMask                                 0x0800b322   Data          32  objdef.o(.constdata)
    cAbortCode                               0x0800b344   Data         120  sdoserv.o(.constdata)
    Region$$Table$$Base                      0x0800b3bc   Number         0  anon$$obj.o(Region$$Table)
    Region$$Table$$Limit                     0x0800b3dc   Number         0  anon$$obj.o(Region$$Table)
    uwTickFreq                               0x20000008   Data           1  stm32f4xx_hal.o(.data)
    uwTickPrio                               0x2000000c   Data           4  stm32f4xx_hal.o(.data)
    uwTick                                   0x20000010   Data           4  stm32f4xx_hal.o(.data)
    SystemCoreClock                          0x20000014   Data           4  system_stm32f4xx.o(.data)
    ObjDicList                               0x20000018   Data           4  coeappl.o(.data)
    u32LastDc32Value                         0x2000001c   Data           4  coeappl.o(.data)
    u32CheckForDcOverrunCnt                  0x20000020   Data           4  coeappl.o(.data)
    u64Timestamp                             0x20000028   Data           8  coeappl.o(.data)
    ApplicationObjDic                        0x20000030   Data         480  coeappl.o(.data)
    GenObjDic                                0x20000210   Data         480  coeappl.o(.data)
    u32Devicetype                            0x200003f0   Data           4  coeappl.o(.data)
    u16ErrorRegister                         0x200003f4   Data           2  coeappl.o(.data)
    acDevicename                             0x200003f6   Data          11  coeappl.o(.data)
    acHardwareversion                        0x20000401   Data           5  coeappl.o(.data)
    acSoftwareversion                        0x20000406   Data           5  coeappl.o(.data)
    sIdentity                                0x2000040c   Data          20  coeappl.o(.data)
    sSyncmanagertype                         0x20000420   Data           6  coeappl.o(.data)
    bInitFinished                            0x20000428   Data           1  ecatappl.o(.data)
    bEtherCATRunLed                          0x2000042b   Data           1  ecatappl.o(.data)
    bEtherCATErrorLed                        0x2000042c   Data           1  ecatappl.o(.data)
    bMinCycleTimeMeasurementStarted          0x2000042d   Data           1  ecatappl.o(.data)
    pAPPL_MainLoop                           0x20000434   Data           4  ecatappl.o(.data)
    u32CycleTimeStartValue                   0x20000438   Data           4  ecatappl.o(.data)
    u32MinCycleTimeStartValue                0x2000043c   Data           4  ecatappl.o(.data)
    u32SystemTimeReadFailure                 0x20000440   Data           4  ecatappl.o(.data)
    u32MinCycleTimeValue                     0x20000444   Data           4  ecatappl.o(.data)
    pCoeSendStored                           0x20000448   Data           4  ecatcoe.o(.data)
    EepromLoaded                             0x2000044c   Data           1  ecatslv.o(.data)
    bEcatOutputUpdateRunning                 0x2000044d   Data           1  ecatslv.o(.data)
    bEcatInputUpdateRunning                  0x2000044e   Data           1  ecatslv.o(.data)
    bEcatFirstOutputsReceived                0x2000044f   Data           1  ecatslv.o(.data)
    bWdTrigger                               0x20000450   Data           1  ecatslv.o(.data)
    bDcSyncActive                            0x20000451   Data           1  ecatslv.o(.data)
    bDcRunning                               0x20000452   Data           1  ecatslv.o(.data)
    bSmSyncSequenceValid                     0x20000453   Data           1  ecatslv.o(.data)
    bEscIntEnabled                           0x20000454   Data           1  ecatslv.o(.data)
    b3BufferMode                             0x20000455   Data           1  ecatslv.o(.data)
    bLocalErrorFlag                          0x20000456   Data           1  ecatslv.o(.data)
    bApplEsmPending                          0x20000457   Data           1  ecatslv.o(.data)
    bEcatWaitForAlControlRes                 0x20000458   Data           1  ecatslv.o(.data)
    u8EcatErrorLed                           0x20000459   Data           1  ecatslv.o(.data)
    nMaxSyncMan                              0x2000045a   Data           1  ecatslv.o(.data)
    nAlStatus                                0x2000045b   Data           1  ecatslv.o(.data)
    SMActivate                               0x2000045c   Data           2  ecatslv.o(.data)
    EsmTimeoutCounter                        0x2000045e   Data           2  ecatslv.o(.data)
    u16SmSync0Counter                        0x20000460   Data           2  ecatslv.o(.data)
    u16SmSync0Value                          0x20000462   Data           2  ecatslv.o(.data)
    i16WaitForPllRunningTimeout              0x20000464   Data           2  ecatslv.o(.data)
    i16WaitForPllRunningCnt                  0x20000466   Data           2  ecatslv.o(.data)
    Sync0WdCounter                           0x20000468   Data           2  ecatslv.o(.data)
    Sync0WdValue                             0x2000046a   Data           2  ecatslv.o(.data)
    Sync1WdCounter                           0x2000046c   Data           2  ecatslv.o(.data)
    Sync1WdValue                             0x2000046e   Data           2  ecatslv.o(.data)
    LatchInputSync0Value                     0x20000470   Data           2  ecatslv.o(.data)
    LatchInputSync0Counter                   0x20000472   Data           2  ecatslv.o(.data)
    u16LocalErrorCode                        0x20000474   Data           2  ecatslv.o(.data)
    nEcatStateTrans                          0x20000476   Data           2  ecatslv.o(.data)
    nPdInputSize                             0x20000478   Data           2  ecatslv.o(.data)
    nPdOutputSize                            0x2000047a   Data           2  ecatslv.o(.data)
    nMaxEscAddress                           0x2000047c   Data           2  ecatslv.o(.data)
    EcatWdValue                              0x2000047e   Data           2  ecatslv.o(.data)
    nEscAddrOutputData                       0x20000480   Data           2  ecatslv.o(.data)
    nEscAddrInputData                        0x20000482   Data           2  ecatslv.o(.data)
    u16ALEventMask                           0x20000484   Data           2  ecatslv.o(.data)
    u16dummy                                 0x20000486   Data           2  ecatslv.o(.data)
    SyncManInfo                              0x20000488   Data           8  ecatslv.o(.data)
    b32BitDc                                 0x20000490   Data           1  ecatslv.o(.data)
    u8EcatRunLed                             0x20000491   Data           1  ecatslv.o(.data)
    bReceiveMbxIsLocked                      0x20000494   Data           1  mailbox.o(.data)
    bSendMbxIsFull                           0x20000495   Data           1  mailbox.o(.data)
    bMbxRunning                              0x20000496   Data           1  mailbox.o(.data)
    bMbxRepeatToggle                         0x20000497   Data           1  mailbox.o(.data)
    u8MbxWriteCounter                        0x20000498   Data           1  mailbox.o(.data)
    u8MbxReadCounter                         0x20000499   Data           1  mailbox.o(.data)
    u8MailboxSendReqStored                   0x2000049a   Data           1  mailbox.o(.data)
    bNoMbxMemoryAvailable                    0x2000049b   Data           1  mailbox.o(.data)
    u16SendMbxSize                           0x2000049c   Data           2  mailbox.o(.data)
    u16ReceiveMbxSize                        0x2000049e   Data           2  mailbox.o(.data)
    u16EscAddrReceiveMbx                     0x200004a0   Data           2  mailbox.o(.data)
    u16EscAddrSendMbx                        0x200004a2   Data           2  mailbox.o(.data)
    psWriteMbx                               0x200004a4   Data           4  mailbox.o(.data)
    psReadMbx                                0x200004a8   Data           4  mailbox.o(.data)
    psRepeatMbx                              0x200004ac   Data           4  mailbox.o(.data)
    psStoreMbx                               0x200004b0   Data           4  mailbox.o(.data)
    DOUnit20x1600                            0x200004b4   Data        1024  ssc-device.o(.data)
    DOUnit40x1601                            0x200008b4   Data        1024  ssc-device.o(.data)
    DIUnit10x1A00                            0x20000cb4   Data        1024  ssc-device.o(.data)
    DIUnit30x1A01                            0x200010b4   Data        1024  ssc-device.o(.data)
    sRxPDOassign                             0x200014b4   Data           6  ssc-device.o(.data)
    sTxPDOassign                             0x200014ba   Data           6  ssc-device.o(.data)
    DIUnit10x6000                            0x200014c0   Data         512  ssc-device.o(.data)
    DIUnit30x6001                            0x200016c0   Data         512  ssc-device.o(.data)
    DOUnit20x7000                            0x200018c0   Data         512  ssc-device.o(.data)
    DOUnit40x7001                            0x20001ac0   Data         512  ssc-device.o(.data)
    ParametersHanding0xF008                  0x20001cc0   Data          10  ssc-device.o(.data)
    sErrorSettings                           0x20001ccc   Data          12  objdef.o(.data)
    bSyncSetByUser                           0x20001cd8   Data           1  objdef.o(.data)
    aSubindexDesc                            0x20001cd9   Data          13  objdef.o(.data)
    sCycleDiag                               0x20001ce6   Data           2  objdef.o(.data)
    bSdoInWork                               0x20001ce8   Data           1  sdoserv.o(.data)
    u8PendingSdo                             0x20001ce9   Data           1  sdoserv.o(.data)
    bStoreCompleteAccess                     0x20001cea   Data           1  sdoserv.o(.data)
    u8StoreSubindex                          0x20001ceb   Data           1  sdoserv.o(.data)
    nSdoSegService                           0x20001cec   Data           1  sdoserv.o(.data)
    bSdoSegFollows                           0x20001ced   Data           1  sdoserv.o(.data)
    bSdoSegAccess                            0x20001cee   Data           1  sdoserv.o(.data)
    nSdoSegSubindex                          0x20001cef   Data           1  sdoserv.o(.data)
    bSdoSegLastToggle                        0x20001cf0   Data           1  sdoserv.o(.data)
    u16StoreIndex                            0x20001cf2   Data           2  sdoserv.o(.data)
    nSdoInfoFragmentsLeft                    0x20001cf4   Data           2  sdoserv.o(.data)
    nSdoInfoIndex                            0x20001cf6   Data           2  sdoserv.o(.data)
    nSdoSegIndex                             0x20001cf8   Data           2  sdoserv.o(.data)
    u32StoreDataSize                         0x20001cfc   Data           4  sdoserv.o(.data)
    pStoreData                               0x20001d00   Data           4  sdoserv.o(.data)
    pSdoPendFunc                             0x20001d04   Data           4  sdoserv.o(.data)
    pSdoSegData                              0x20001d08   Data           4  sdoserv.o(.data)
    pSdoResStored                            0x20001d0c   Data           4  sdoserv.o(.data)
    nSdoSegBytesToHandle                     0x20001d10   Data           4  sdoserv.o(.data)
    nSdoSegCompleteSize                      0x20001d14   Data           4  sdoserv.o(.data)
    pSdoSegObjEntry                          0x20001d18   Data           4  sdoserv.o(.data)
    pSdoInfoObjEntry                         0x20001d1c   Data           4  sdoserv.o(.data)
    EscALEvent                               0x20001d20   Data           2  tr8253evb.o(.data)
    g_SonarDist                              0x20001d26   Data           2  application.o(.data)
    g_SonarBuf                               0x20001d2c   Data           4  application.o(.data)
    g_bConfigDirty                           0x20001d30   Data           1  app_flash.o(.data)
    g_pfnPeriodicTask                        0x20001d34   Data           4  ecat_api.o(.data)
    g_pfnSafeOutput                          0x20001d38   Data           4  ecat_api.o(.data)
    g_pfnTxPdoMapping                        0x20001d3c   Data           4  ecat_api.o(.data)
    g_pfnRxPdoMapping                        0x20001d40   Data           4  ecat_api.o(.data)
    hspi1                                    0x20001d4c   Data          88  spi.o(.bss)
    htim3                                    0x20001da4   Data          72  tim.o(.bss)
    pFlash                                   0x20001ed4   Data          32  stm32f4xx_hal_flash.o(.bss)
    aPdOutputData                            0x20001ef4   Data        1024  ecatappl.o(.bss)
    aPdInputData                             0x200022f4   Data        1024  ecatappl.o(.bss)
    sMbxSendQueue                            0x200026f4   Data          52  mailbox.o(.bss)
    sMbxReceiveQueue                         0x20002728   Data          52  mailbox.o(.bss)
    sSyncManOutPar                           0x2000275c   Data          68  objdef.o(.bss)
    sSyncManInPar                            0x200027a0   Data          68  objdef.o(.bss)
    aSdoInfoHeader                           0x200027e4   Data          14  sdoserv.o(.bss)
    g_PersistentParams                       0x200027f4   Data          48  ecat_api.o(.bss)
    __libspace_start                         0x20002824   Data          96  libspace.o(.bss)
    __temporary_stack_top$libspace           0x20002884   Data           0  libspace.o(.bss)



==============================================================================

Memory Map of the image

  Image Entry point : 0x08000189

  Load Region LR_IROM1 (Base: 0x08000000, Size: 0x0000d128, Max: 0x00080000, ABSOLUTE, COMPRESSED[0x0000c1b4])

    Execution Region ER_IROM1 (Base: 0x08000000, Size: 0x0000b3dc, Max: 0x00080000, ABSOLUTE)

    Base Addr    Size         Type   Attr      Idx    E Section Name        Object

    0x08000000   0x00000188   Data   RO            3    RESET               startup_stm32f407xx.o
    0x08000188   0x00000008   Code   RO         4625  * !!!main             c_w.l(__main.o)
    0x08000190   0x00000034   Code   RO         4837    !!!scatter          c_w.l(__scatter.o)
    0x080001c4   0x0000005a   Code   RO         4835    !!dczerorl2         c_w.l(__dczerorl2.o)
    0x0800021e   0x00000002   PAD
    0x08000220   0x0000001c   Code   RO         4839    !!handler_zi        c_w.l(__scatter_zi.o)
    0x0800023c   0x00000002   Code   RO         4775    .ARM.Collect$$libinit$$00000000  c_w.l(libinit.o)
    0x0800023e   0x00000004   Code   RO         4661    .ARM.Collect$$libinit$$00000001  c_w.l(libinit2.o)
    0x08000242   0x00000000   Code   RO         4664    .ARM.Collect$$libinit$$00000004  c_w.l(libinit2.o)
    0x08000242   0x00000008   Code   RO         4665    .ARM.Collect$$libinit$$00000005  c_w.l(libinit2.o)
    0x0800024a   0x00000000   Code   RO         4667    .ARM.Collect$$libinit$$0000000A  c_w.l(libinit2.o)
    0x0800024a   0x00000000   Code   RO         4669    .ARM.Collect$$libinit$$0000000C  c_w.l(libinit2.o)
    0x0800024a   0x00000000   Code   RO         4671    .ARM.Collect$$libinit$$0000000E  c_w.l(libinit2.o)
    0x0800024a   0x00000000   Code   RO         4674    .ARM.Collect$$libinit$$00000011  c_w.l(libinit2.o)
    0x0800024a   0x00000000   Code   RO         4676    .ARM.Collect$$libinit$$00000013  c_w.l(libinit2.o)
    0x0800024a   0x00000000   Code   RO         4678    .ARM.Collect$$libinit$$00000015  c_w.l(libinit2.o)
    0x0800024a   0x00000000   Code   RO         4680    .ARM.Collect$$libinit$$00000017  c_w.l(libinit2.o)
    0x0800024a   0x00000000   Code   RO         4682    .ARM.Collect$$libinit$$00000019  c_w.l(libinit2.o)
    0x0800024a   0x00000000   Code   RO         4684    .ARM.Collect$$libinit$$0000001B  c_w.l(libinit2.o)
    0x0800024a   0x00000000   Code   RO         4686    .ARM.Collect$$libinit$$0000001D  c_w.l(libinit2.o)
    0x0800024a   0x00000000   Code   RO         4688    .ARM.Collect$$libinit$$0000001F  c_w.l(libinit2.o)
    0x0800024a   0x00000000   Code   RO         4690    .ARM.Collect$$libinit$$00000021  c_w.l(libinit2.o)
    0x0800024a   0x00000000   Code   RO         4692    .ARM.Collect$$libinit$$00000023  c_w.l(libinit2.o)
    0x0800024a   0x00000000   Code   RO         4694    .ARM.Collect$$libinit$$00000025  c_w.l(libinit2.o)
    0x0800024a   0x00000000   Code   RO         4698    .ARM.Collect$$libinit$$0000002C  c_w.l(libinit2.o)
    0x0800024a   0x00000000   Code   RO         4700    .ARM.Collect$$libinit$$0000002E  c_w.l(libinit2.o)
    0x0800024a   0x00000000   Code   RO         4702    .ARM.Collect$$libinit$$00000030  c_w.l(libinit2.o)
    0x0800024a   0x00000000   Code   RO         4704    .ARM.Collect$$libinit$$00000032  c_w.l(libinit2.o)
    0x0800024a   0x00000002   Code   RO         4705    .ARM.Collect$$libinit$$00000033  c_w.l(libinit2.o)
    0x0800024c   0x00000002   Code   RO         4832    .ARM.Collect$$libshutdown$$00000000  c_w.l(libshutdown.o)
    0x0800024e   0x00000000   Code   RO         4792    .ARM.Collect$$libshutdown$$00000003  c_w.l(libshutdown2.o)
    0x0800024e   0x00000000   Code   RO         4795    .ARM.Collect$$libshutdown$$00000006  c_w.l(libshutdown2.o)
    0x0800024e   0x00000000   Code   RO         4798    .ARM.Collect$$libshutdown$$00000009  c_w.l(libshutdown2.o)
    0x0800024e   0x00000000   Code   RO         4800    .ARM.Collect$$libshutdown$$0000000B  c_w.l(libshutdown2.o)
    0x0800024e   0x00000000   Code   RO         4803    .ARM.Collect$$libshutdown$$0000000E  c_w.l(libshutdown2.o)
    0x0800024e   0x00000002   Code   RO         4804    .ARM.Collect$$libshutdown$$0000000F  c_w.l(libshutdown2.o)
    0x08000250   0x00000000   Code   RO         4629    .ARM.Collect$$rtentry$$00000000  c_w.l(__rtentry.o)
    0x08000250   0x00000000   Code   RO         4712    .ARM.Collect$$rtentry$$00000002  c_w.l(__rtentry2.o)
    0x08000250   0x00000006   Code   RO         4724    .ARM.Collect$$rtentry$$00000004  c_w.l(__rtentry4.o)
    0x08000256   0x00000000   Code   RO         4714    .ARM.Collect$$rtentry$$00000009  c_w.l(__rtentry2.o)
    0x08000256   0x00000004   Code   RO         4715    .ARM.Collect$$rtentry$$0000000A  c_w.l(__rtentry2.o)
    0x0800025a   0x00000000   Code   RO         4717    .ARM.Collect$$rtentry$$0000000C  c_w.l(__rtentry2.o)
    0x0800025a   0x00000008   Code   RO         4718    .ARM.Collect$$rtentry$$0000000D  c_w.l(__rtentry2.o)
    0x08000262   0x00000002   Code   RO         4778    .ARM.Collect$$rtexit$$00000000  c_w.l(rtexit.o)
    0x08000264   0x00000000   Code   RO         4808    .ARM.Collect$$rtexit$$00000002  c_w.l(rtexit2.o)
    0x08000264   0x00000004   Code   RO         4809    .ARM.Collect$$rtexit$$00000003  c_w.l(rtexit2.o)
    0x08000268   0x00000006   Code   RO         4810    .ARM.Collect$$rtexit$$00000004  c_w.l(rtexit2.o)
    0x0800026e   0x00000002   PAD
    0x08000270   0x00000000   Code   RO         4730    .emb_text           c_w.l(maybetermalloc1.o)
    0x08000270   0x00000040   Code   RO            4    .text               startup_stm32f407xx.o
    0x080002b0   0x0000005e   Code   RO         4553    .text               c_w.l(h1_alloc.o)
    0x0800030e   0x0000004e   Code   RO         4555    .text               c_w.l(h1_free.o)
    0x0800035c   0x000000ee   Code   RO         4611    .text               c_w.l(lludivv7m.o)
    0x0800044a   0x00000058   Code   RO         4613    .text               c_w.l(memcmp.o)
    0x080004a2   0x0000003e   Code   RO         4615    .text               c_w.l(strlen.o)
    0x080004e0   0x0000008a   Code   RO         4617    .text               c_w.l(rt_memcpy_v6.o)
    0x0800056a   0x00000064   Code   RO         4619    .text               c_w.l(rt_memcpy_w.o)
    0x080005ce   0x0000004e   Code   RO         4621    .text               c_w.l(rt_memclr_w.o)
    0x0800061c   0x00000006   Code   RO         4623    .text               c_w.l(heapauxi.o)
    0x08000622   0x00000002   PAD
    0x08000624   0x00000008   Code   RO         4637    .text               c_w.l(rt_heap_descriptor_intlibspace.o)
    0x0800062c   0x00000004   Code   RO         4639    .text               c_w.l(hguard.o)
    0x08000630   0x0000008a   Code   RO         4641    .text               c_w.l(init_alloc.o)
    0x080006ba   0x0000000e   Code   RO         4645    .text               c_w.l(h1_init.o)
    0x080006c8   0x00000008   Code   RO         4708    .text               c_w.l(libspace.o)
    0x080006d0   0x00000034   Code   RO         4732    .text               c_w.l(h1_extend.o)
    0x08000704   0x0000000e   Code   RO         4736    .text               c_w.l(defsig_rtmem_outer.o)
    0x08000712   0x00000002   Code   RO         4747    .text               c_w.l(use_no_semi.o)
    0x08000714   0x00000000   Code   RO         4749    .text               c_w.l(indicate_semi.o)
    0x08000714   0x0000004a   Code   RO         4750    .text               c_w.l(sys_stackheap_outer.o)
    0x0800075e   0x0000000c   Code   RO         4756    .text               c_w.l(exit.o)
    0x0800076a   0x0000000a   Code   RO         4758    .text               c_w.l(defsig_exit.o)
    0x08000774   0x00000050   Code   RO         4764    .text               c_w.l(defsig_rtmem_inner.o)
    0x080007c4   0x0000000c   Code   RO         4776    .text               c_w.l(sys_exit.o)
    0x080007d0   0x00000032   Code   RO         4786    .text               c_w.l(defsig_general.o)
    0x08000802   0x0000000e   Code   RO         4805    .text               c_w.l(sys_wrch.o)
    0x08000810   0x00000360   Code   RO         3666    i.AL_ControlInd     ecatslv.o
    0x08000b70   0x0000018c   Code   RO         3667    i.AL_ControlRes     ecatslv.o
    0x08000cfc   0x00000002   Code   RO         3944    i.APPL_AckErrorInd  ssc-device.o
    0x08000cfe   0x00000002   PAD
    0x08000d00   0x0000001c   Code   RO         3945    i.APPL_Application  ssc-device.o
    0x08000d1c   0x0000002c   Code   RO         4442    i.APPL_CoeRxPdoMapping  ecat_api.o
    0x08000d48   0x00000028   Code   RO         4443    i.APPL_CoeTxPdoMapping  ecat_api.o
    0x08000d70   0x000000e8   Code   RO         3946    i.APPL_GenerateMapping  ssc-device.o
    0x08000e58   0x00000004   Code   RO         3947    i.APPL_InputMapping  ssc-device.o
    0x08000e5c   0x00000004   Code   RO         3948    i.APPL_OutputMapping  ssc-device.o
    0x08000e60   0x00000004   Code   RO         3949    i.APPL_StartInputHandler  ssc-device.o
    0x08000e64   0x00000004   Code   RO         3950    i.APPL_StartMailboxHandler  ssc-device.o
    0x08000e68   0x00000004   Code   RO         3951    i.APPL_StartOutputHandler  ssc-device.o
    0x08000e6c   0x00000004   Code   RO         3952    i.APPL_StopInputHandler  ssc-device.o
    0x08000e70   0x00000004   Code   RO         3953    i.APPL_StopMailboxHandler  ssc-device.o
    0x08000e74   0x00000014   Code   RO         3954    i.APPL_StopOutputHandler  ssc-device.o
    0x08000e88   0x00000020   Code   RO         3341    i.AddObjectsToObjDictionary  coeappl.o
    0x08000ea8   0x00000034   Code   RO         4218    i.AddressingEsc     tr8253evb.o
    0x08000edc   0x00000038   Code   RO         4401    i.App_Load_Params_From_Flash  app_flash.o
    0x08000f14   0x00000090   Code   RO         4402    i.App_Save_Params_To_Flash  app_flash.o
    0x08000fa4   0x00000010   Code   RO         4444    i.Bridge_PeriodicTask  ecat_api.o
    0x08000fb4   0x00000010   Code   RO         4445    i.Bridge_SafeOutput  ecat_api.o
    0x08000fc4   0x00000002   Code   RO          339    i.BusFault_Handler  stm32f4xx_it.o
    0x08000fc6   0x00000002   PAD
    0x08000fc8   0x0000005c   Code   RO         3342    i.COE_AddObjectToDic  coeappl.o
    0x08001024   0x00000020   Code   RO         3343    i.COE_ClearObjDictionary  coeappl.o
    0x08001044   0x0000003c   Code   RO         3629    i.COE_ContinueInd   ecatcoe.o
    0x08001080   0x0000000c   Code   RO         3344    i.COE_GetObjectDictionary  coeappl.o
    0x0800108c   0x00000014   Code   RO         3630    i.COE_Init          ecatcoe.o
    0x080010a0   0x000000ac   Code   RO         3345    i.COE_Main          coeappl.o
    0x0800114c   0x00000028   Code   RO         3346    i.COE_ObjDictionaryInit  coeappl.o
    0x08001174   0x000000dc   Code   RO         3347    i.COE_ObjInit       coeappl.o
    0x08001250   0x00000038   Code   RO         3348    i.COE_RemoveDicEntry  coeappl.o
    0x08001288   0x00000026   Code   RO         3631    i.COE_ServiceInd    ecatcoe.o
    0x080012ae   0x00000002   PAD
    0x080012b0   0x0000004c   Code   RO         3349    i.COE_SyncTimeStamp  coeappl.o
    0x080012fc   0x00000044   Code   RO         3350    i.COE_UpdateSyncErrorStatus  coeappl.o
    0x08001340   0x00000060   Code   RO         3669    i.CheckIfEcatError  ecatslv.o
    0x080013a0   0x0000015c   Code   RO         3670    i.CheckSmSettings   ecatslv.o
    0x080014fc   0x0000008c   Code   RO         4046    i.CheckSyncTypeValue  objdef.o
    0x08001588   0x0000001a   Code   RO         4403    i.ComputeChecksum   app_flash.o
    0x080015a2   0x00000002   PAD
    0x080015a4   0x00000088   Code   RO         3671    i.DC_CheckWatchdog  ecatslv.o
    0x0800162c   0x00000028   Code   RO         1276    i.DMA_CalcBaseAndBitshift  stm32f4xx_hal_dma.o
    0x08001654   0x00000054   Code   RO         1277    i.DMA_CheckFifoParam  stm32f4xx_hal_dma.o
    0x080016a8   0x00000028   Code   RO         1278    i.DMA_SetConfig     stm32f4xx_hal_dma.o
    0x080016d0   0x000000a0   Code   RO         4343    i.DO_LED_Ctrl       application.o
    0x08001770   0x0000004c   Code   RO         4344    i.DO_LED_Off        application.o
    0x080017bc   0x00000002   Code   RO          340    i.DebugMon_Handler  stm32f4xx_it.o
    0x080017be   0x00000030   Code   RO         3672    i.DisableSyncManChannel  ecatslv.o
    0x080017ee   0x00000002   PAD
    0x080017f0   0x00000030   Code   RO         3502    i.ECAT_Application  ecatappl.o
    0x08001820   0x00000074   Code   RO         3503    i.ECAT_CheckTimer   ecatappl.o
    0x08001894   0x00000094   Code   RO         3673    i.ECAT_Init         ecatslv.o
    0x08001928   0x0000010c   Code   RO         3674    i.ECAT_Main         ecatslv.o
    0x08001a34   0x0000000c   Code   RO         4450    i.ECAT_RegisterPeriodicTask  ecat_api.o
    0x08001a40   0x0000000c   Code   RO         4451    i.ECAT_RegisterSafeOutput  ecat_api.o
    0x08001a4c   0x00000148   Code   RO         3504    i.ECAT_SetLedIndication  ecatappl.o
    0x08001b94   0x0000004c   Code   RO         4453    i.ECAT_Stack_Init   ecat_api.o
    0x08001be0   0x0000001c   Code   RO         4454    i.ECAT_Stack_MainLoop  ecat_api.o
    0x08001bfc   0x00000006   Code   RO          341    i.EXTI0_IRQHandler  stm32f4xx_it.o
    0x08001c02   0x00000006   Code   RO          342    i.EXTI2_IRQHandler  stm32f4xx_it.o
    0x08001c08   0x0000002e   Code   RO         3676    i.EnableSyncManChannel  ecatslv.o
    0x08001c36   0x00000004   Code   RO           13    i.Error_Handler     main.o
    0x08001c3a   0x00000002   PAD
    0x08001c3c   0x00000050   Code   RO         1091    i.FLASH_Erase_Sector  stm32f4xx_hal_flash_ex.o
    0x08001c8c   0x00000054   Code   RO         1092    i.FLASH_FlushCaches  stm32f4xx_hal_flash_ex.o
    0x08001ce0   0x00000028   Code   RO         1093    i.FLASH_MassErase   stm32f4xx_hal_flash_ex.o
    0x08001d08   0x00000020   Code   RO          973    i.FLASH_Program_Byte  stm32f4xx_hal_flash.o
    0x08001d28   0x0000002c   Code   RO          974    i.FLASH_Program_DoubleWord  stm32f4xx_hal_flash.o
    0x08001d54   0x00000024   Code   RO          975    i.FLASH_Program_HalfWord  stm32f4xx_hal_flash.o
    0x08001d78   0x00000024   Code   RO          976    i.FLASH_Program_Word  stm32f4xx_hal_flash.o
    0x08001d9c   0x00000068   Code   RO          977    i.FLASH_SetErrorCode  stm32f4xx_hal_flash.o
    0x08001e04   0x00000050   Code   RO          978    i.FLASH_WaitForLastOperation  stm32f4xx_hal_flash.o
    0x08001e54   0x00000026   Code   RO         3834    i.GetOutOfMbxQueue  mailbox.o
    0x08001e7a   0x00000002   PAD
    0x08001e7c   0x0000001c   Code   RO         3677    i.GetSyncMan        ecatslv.o
    0x08001e98   0x00000040   Code   RO         3505    i.GetSystemTimeDelay  ecatappl.o
    0x08001ed8   0x00000092   Code   RO         1279    i.HAL_DMA_Abort     stm32f4xx_hal_dma.o
    0x08001f6a   0x00000024   Code   RO         1280    i.HAL_DMA_Abort_IT  stm32f4xx_hal_dma.o
    0x08001f8e   0x00000002   PAD
    0x08001f90   0x000000d4   Code   RO         1285    i.HAL_DMA_Init      stm32f4xx_hal_dma.o
    0x08002064   0x0000006e   Code   RO         1289    i.HAL_DMA_Start_IT  stm32f4xx_hal_dma.o
    0x080020d2   0x00000002   PAD
    0x080020d4   0x00000024   Code   RO         1716    i.HAL_Delay         stm32f4xx_hal.o
    0x080020f8   0x00000098   Code   RO         1094    i.HAL_FLASHEx_Erase  stm32f4xx_hal_flash_ex.o
    0x08002190   0x00000014   Code   RO          982    i.HAL_FLASH_Lock    stm32f4xx_hal_flash.o
    0x080021a4   0x0000007c   Code   RO          987    i.HAL_FLASH_Program  stm32f4xx_hal_flash.o
    0x08002220   0x0000002c   Code   RO          989    i.HAL_FLASH_Unlock  stm32f4xx_hal_flash.o
    0x0800224c   0x00000024   Code   RO         4220    i.HAL_GPIO_EXTI_Callback  tr8253evb.o
    0x08002270   0x00000018   Code   RO         1171    i.HAL_GPIO_EXTI_IRQHandler  stm32f4xx_hal_gpio.o
    0x08002288   0x000001f0   Code   RO         1172    i.HAL_GPIO_Init     stm32f4xx_hal_gpio.o
    0x08002478   0x0000000a   Code   RO         1176    i.HAL_GPIO_WritePin  stm32f4xx_hal_gpio.o
    0x08002482   0x00000002   PAD
    0x08002484   0x0000000c   Code   RO         1722    i.HAL_GetTick       stm32f4xx_hal.o
    0x08002490   0x00000010   Code   RO         1728    i.HAL_IncTick       stm32f4xx_hal.o
    0x080024a0   0x00000034   Code   RO         1729    i.HAL_Init          stm32f4xx_hal.o
    0x080024d4   0x00000040   Code   RO         1730    i.HAL_InitTick      stm32f4xx_hal.o
    0x08002514   0x00000034   Code   RO          426    i.HAL_MspInit       stm32f4xx_hal_msp.o
    0x08002548   0x0000001a   Code   RO         1564    i.HAL_NVIC_EnableIRQ  stm32f4xx_hal_cortex.o
    0x08002562   0x00000002   PAD
    0x08002564   0x00000040   Code   RO         1570    i.HAL_NVIC_SetPriority  stm32f4xx_hal_cortex.o
    0x080025a4   0x00000024   Code   RO         1571    i.HAL_NVIC_SetPriorityGrouping  stm32f4xx_hal_cortex.o
    0x080025c8   0x00000134   Code   RO          818    i.HAL_RCC_ClockConfig  stm32f4xx_hal_rcc.o
    0x080026fc   0x00000020   Code   RO          825    i.HAL_RCC_GetPCLK1Freq  stm32f4xx_hal_rcc.o
    0x0800271c   0x00000020   Code   RO          826    i.HAL_RCC_GetPCLK2Freq  stm32f4xx_hal_rcc.o
    0x0800273c   0x00000064   Code   RO          827    i.HAL_RCC_GetSysClockFreq  stm32f4xx_hal_rcc.o
    0x080027a0   0x0000036c   Code   RO          830    i.HAL_RCC_OscConfig  stm32f4xx_hal_rcc.o
    0x08002b0c   0x000000bc   Code   RO          506    i.HAL_SPI_Init      stm32f4xx_hal_spi.o
    0x08002bc8   0x00000068   Code   RO          256    i.HAL_SPI_MspInit   spi.o
    0x08002c30   0x00000028   Code   RO         1575    i.HAL_SYSTICK_Config  stm32f4xx_hal_cortex.o
    0x08002c58   0x00000090   Code   RO         2692    i.HAL_TIMEx_MasterConfigSynchronization  stm32f4xx_hal_tim_ex.o
    0x08002ce8   0x0000005a   Code   RO         1969    i.HAL_TIM_Base_Init  stm32f4xx_hal_tim.o
    0x08002d42   0x00000002   PAD
    0x08002d44   0x00000028   Code   RO          298    i.HAL_TIM_Base_MspInit  tim.o
    0x08002d6c   0x00000078   Code   RO         1972    i.HAL_TIM_Base_Start  stm32f4xx_hal_tim.o
    0x08002de4   0x000000dc   Code   RO         1978    i.HAL_TIM_ConfigClockSource  stm32f4xx_hal_tim.o
    0x08002ec0   0x00000002   Code   RO         2952    i.HAL_UARTEx_RxEventCallback  stm32f4xx_hal_uart.o
    0x08002ec2   0x00000002   Code   RO         2966    i.HAL_UART_ErrorCallback  stm32f4xx_hal_uart.o
    0x08002ec4   0x00000280   Code   RO         2969    i.HAL_UART_IRQHandler  stm32f4xx_hal_uart.o
    0x08003144   0x00000064   Code   RO         2970    i.HAL_UART_Init     stm32f4xx_hal_uart.o
    0x080031a8   0x00000002   Code   RO         2972    i.HAL_UART_MspInit  stm32f4xx_hal_uart.o
    0x080031aa   0x0000001c   Code   RO         2974    i.HAL_UART_Receive_DMA  stm32f4xx_hal_uart.o
    0x080031c6   0x00000002   Code   RO         2976    i.HAL_UART_RxCpltCallback  stm32f4xx_hal_uart.o
    0x080031c8   0x00000002   Code   RO         2977    i.HAL_UART_RxHalfCpltCallback  stm32f4xx_hal_uart.o
    0x080031ca   0x00000002   Code   RO         2981    i.HAL_UART_TxCpltCallback  stm32f4xx_hal_uart.o
    0x080031cc   0x00000040   Code   RO         4221    i.HW_EscRead        tr8253evb.o
    0x0800320c   0x0000003c   Code   RO         4222    i.HW_EscReadIsr     tr8253evb.o
    0x08003248   0x00000040   Code   RO         4223    i.HW_EscWrite       tr8253evb.o
    0x08003288   0x00000038   Code   RO         4224    i.HW_EscWriteIsr    tr8253evb.o
    0x080032c0   0x00000018   Code   RO         4225    i.HW_GetALEventRegister  tr8253evb.o
    0x080032d8   0x00000018   Code   RO         4226    i.HW_GetALEventRegister_Isr  tr8253evb.o
    0x080032f0   0x00000080   Code   RO         4227    i.HW_Init           tr8253evb.o
    0x08003370   0x00000048   Code   RO         3506    i.HandleCycleTimeMeasurement  ecatappl.o
    0x080033b8   0x00000002   Code   RO          343    i.HardFault_Handler  stm32f4xx_it.o
    0x080033ba   0x00000002   PAD
    0x080033bc   0x000000cc   Code   RO         3835    i.MBX_CheckAndCopyMailbox  mailbox.o
    0x08003488   0x000000a8   Code   RO         3836    i.MBX_CopyToSendMailbox  mailbox.o
    0x08003530   0x00000070   Code   RO         3837    i.MBX_Init          mailbox.o
    0x080035a0   0x00000060   Code   RO         3838    i.MBX_MailboxReadInd  mailbox.o
    0x08003600   0x00000040   Code   RO         3839    i.MBX_MailboxRepeatReq  mailbox.o
    0x08003640   0x00000078   Code   RO         3840    i.MBX_MailboxSendReq  mailbox.o
    0x080036b8   0x00000068   Code   RO         3841    i.MBX_MailboxWriteInd  mailbox.o
    0x08003720   0x0000004c   Code   RO         3842    i.MBX_Main          mailbox.o
    0x0800376c   0x00000070   Code   RO         3843    i.MBX_StartMailboxHandler  mailbox.o
    0x080037dc   0x000000a8   Code   RO         3844    i.MBX_StopMailboxHandler  mailbox.o
    0x08003884   0x00000144   Code   RO          231    i.MX_GPIO_Init      gpio.o
    0x080039c8   0x00000048   Code   RO          257    i.MX_SPI1_Init      spi.o
    0x08003a10   0x00000068   Code   RO          299    i.MX_TIM3_Init      tim.o
    0x08003a78   0x00000012   Code   RO         3845    i.MailboxServiceInd  mailbox.o
    0x08003a8a   0x00000002   PAD
    0x08003a8c   0x0000007c   Code   RO         3507    i.MainInit          ecatappl.o
    0x08003b08   0x000000c4   Code   RO         3508    i.MainLoop          ecatappl.o
    0x08003bcc   0x00000002   Code   RO          344    i.MemManage_Handler  stm32f4xx_it.o
    0x08003bce   0x00000002   Code   RO          345    i.NMI_Handler       stm32f4xx_it.o
    0x08003bd0   0x00000030   Code   RO         4047    i.OBJ_CopyNumberToString  objdef.o
    0x08003c00   0x00000094   Code   RO         4048    i.OBJ_GetDesc       objdef.o
    0x08003c94   0x0000001e   Code   RO         4049    i.OBJ_GetEntryDesc  objdef.o
    0x08003cb2   0x000000d0   Code   RO         4050    i.OBJ_GetEntryOffset  objdef.o
    0x08003d82   0x0000005a   Code   RO         4051    i.OBJ_GetNoOfObjects  objdef.o
    0x08003ddc   0x00000004   Code   RO         4052    i.OBJ_GetObjDesc    objdef.o
    0x08003de0   0x00000018   Code   RO         4053    i.OBJ_GetObjectHandle  objdef.o
    0x08003df8   0x00000082   Code   RO         4054    i.OBJ_GetObjectLength  objdef.o
    0x08003e7a   0x00000002   PAD
    0x08003e7c   0x0000009c   Code   RO         4055    i.OBJ_GetObjectList  objdef.o
    0x08003f18   0x00000358   Code   RO         4056    i.OBJ_Read          objdef.o
    0x08004270   0x00000438   Code   RO         4057    i.OBJ_Write         objdef.o
    0x080046a8   0x00000010   Code   RO         4229    i.PDI_ClearTimer    tr8253evb.o
    0x080046b8   0x00000010   Code   RO         4230    i.PDI_GetTimer      tr8253evb.o
    0x080046c8   0x000000e8   Code   RO         3509    i.PDI_Isr           ecatappl.o
    0x080047b0   0x00000064   Code   RO         3510    i.PDO_InputMapping  ecatappl.o
    0x08004814   0x00000074   Code   RO         3511    i.PDO_OutputMapping  ecatappl.o
    0x08004888   0x00000002   Code   RO          346    i.PendSV_Handler    stm32f4xx_it.o
    0x0800488a   0x00000026   Code   RO         3846    i.PutInMbxQueue     mailbox.o
    0x080048b0   0x00000040   Code   RO         3351    i.Read0x10F8        coeappl.o
    0x080048f0   0x00000034   Code   RO         3678    i.ResetALEventMask  ecatslv.o
    0x08004924   0x00000044   Code   RO         4231    i.RxTxSpiData       tr8253evb.o
    0x08004968   0x000002e0   Code   RO         4146    i.SDOS_SdoInd       sdoserv.o
    0x08004c48   0x00000260   Code   RO         4147    i.SDOS_SdoInfoInd   sdoserv.o
    0x08004ea8   0x00000090   Code   RO         4148    i.SDOS_SdoRes       sdoserv.o
    0x08004f38   0x00000054   Code   RO         4149    i.SODS_ClearPendingResponse  sdoserv.o
    0x08004f8c   0x00000002   Code   RO          347    i.SVC_Handler       stm32f4xx_it.o
    0x08004f8e   0x00000002   PAD
    0x08004f90   0x000001e4   Code   RO         4150    i.SdoDownloadSegmentInd  sdoserv.o
    0x08005174   0x000000bc   Code   RO         4151    i.SdoRes            sdoserv.o
    0x08005230   0x00000118   Code   RO         4152    i.SdoUploadSegmentInd  sdoserv.o
    0x08005348   0x00000088   Code   RO          451    i.Sensor_UART_Init  usart.o
    0x080053d0   0x00000034   Code   RO         3679    i.SetALEventMask    ecatslv.o
    0x08005404   0x0000006c   Code   RO         3680    i.SetALStatus       ecatslv.o
    0x08005470   0x00000090   Code   RO          452    i.Sonar_RecvTick    usart.o
    0x08005500   0x00000068   Code   RO         4346    i.Sonar_Task        application.o
    0x08005568   0x000003f4   Code   RO         3681    i.StartInputHandler  ecatslv.o
    0x0800595c   0x00000038   Code   RO         3682    i.StartOutputHandler  ecatslv.o
    0x08005994   0x0000006c   Code   RO         3683    i.StopInputHandler  ecatslv.o
    0x08005a00   0x00000010   Code   RO         3684    i.StopOutputHandler  ecatslv.o
    0x08005a10   0x000000f8   Code   RO         3512    i.Sync0_Isr         ecatappl.o
    0x08005b08   0x00000004   Code   RO          348    i.SysTick_Handler   stm32f4xx_it.o
    0x08005b0c   0x00000098   Code   RO           14    i.SystemClock_Config  main.o
    0x08005ba4   0x00000010   Code   RO         3304    i.SystemInit        system_stm32f4xx.o
    0x08005bb4   0x000000d8   Code   RO         2062    i.TIM_Base_SetConfig  stm32f4xx_hal_tim.o
    0x08005c8c   0x00000014   Code   RO         2073    i.TIM_ETR_SetConfig  stm32f4xx_hal_tim.o
    0x08005ca0   0x00000010   Code   RO         2074    i.TIM_ITRx_SetConfig  stm32f4xx_hal_tim.o
    0x08005cb0   0x00000022   Code   RO         2080    i.TIM_TI1_ConfigInputStage  stm32f4xx_hal_tim.o
    0x08005cd2   0x00000024   Code   RO         2082    i.TIM_TI2_ConfigInputStage  stm32f4xx_hal_tim.o
    0x08005cf6   0x0000000e   Code   RO         2983    i.UART_DMAAbortOnError  stm32f4xx_hal_uart.o
    0x08005d04   0x0000004a   Code   RO         2984    i.UART_DMAError     stm32f4xx_hal_uart.o
    0x08005d4e   0x00000086   Code   RO         2985    i.UART_DMAReceiveCplt  stm32f4xx_hal_uart.o
    0x08005dd4   0x0000001e   Code   RO         2987    i.UART_DMARxHalfCplt  stm32f4xx_hal_uart.o
    0x08005df2   0x0000004e   Code   RO         2993    i.UART_EndRxTransfer  stm32f4xx_hal_uart.o
    0x08005e40   0x0000001c   Code   RO         2994    i.UART_EndTxTransfer  stm32f4xx_hal_uart.o
    0x08005e5c   0x000000c2   Code   RO         2995    i.UART_Receive_IT   stm32f4xx_hal_uart.o
    0x08005f1e   0x00000002   PAD
    0x08005f20   0x0000010c   Code   RO         2996    i.UART_SetConfig    stm32f4xx_hal_uart.o
    0x0800602c   0x000000a0   Code   RO         2997    i.UART_Start_Receive_DMA  stm32f4xx_hal_uart.o
    0x080060cc   0x0000000c   Code   RO          453    i.USART6_IRQHandler  usart.o
    0x080060d8   0x00000030   Code   RO         3685    i.UpdateEEPROMLoadedState  ecatslv.o
    0x08006108   0x00000002   Code   RO          349    i.UsageFault_Handler  stm32f4xx_it.o
    0x0800610a   0x00000022   Code   RO         3686    i.__NVIC_DisableIRQ  ecatslv.o
    0x0800612c   0x0000001a   Code   RO         3687    i.__NVIC_EnableIRQ  ecatslv.o
    0x08006146   0x0000001a   Code   RO         4234    i.__NVIC_EnableIRQ  tr8253evb.o
    0x08006160   0x00000020   Code   RO         1577    i.__NVIC_SetPriority  stm32f4xx_hal_cortex.o
    0x08006180   0x00000040   Code   RO           15    i.main              main.o
    0x080061c0   0x0000000a   Code   RO         4745    x$fpl$fpinit        fz_wm.l(fpinit.o)
    0x080061ca   0x00000008   Data   RO         1291    .constdata          stm32f4xx_hal_dma.o
    0x080061d2   0x00000010   Data   RO         3305    .constdata          system_stm32f4xx.o
    0x080061e2   0x00000008   Data   RO         3306    .constdata          system_stm32f4xx.o
    0x080061ea   0x00000600   Data   RO         3352    .constdata          coeappl.o
    0x080067ea   0x00000cfe   Data   RO         3353    .constdata          coeappl.o
    0x080074e8   0x00000600   Data   RO         3354    .constdata          coeappl.o
    0x08007ae8   0x00000cfe   Data   RO         3355    .constdata          coeappl.o
    0x080087e6   0x00000600   Data   RO         3356    .constdata          coeappl.o
    0x08008de6   0x00000cfe   Data   RO         3357    .constdata          coeappl.o
    0x08009ae4   0x00000600   Data   RO         3358    .constdata          coeappl.o
    0x0800a0e4   0x00000cfe   Data   RO         3359    .constdata          coeappl.o
    0x0800ade2   0x0000000c   Data   RO         3360    .constdata          coeappl.o
    0x0800adee   0x0000001b   Data   RO         3361    .constdata          coeappl.o
    0x0800ae09   0x00000001   PAD
    0x0800ae0a   0x0000000c   Data   RO         3362    .constdata          coeappl.o
    0x0800ae16   0x0000001b   Data   RO         3363    .constdata          coeappl.o
    0x0800ae31   0x00000001   PAD
    0x0800ae32   0x0000000c   Data   RO         3364    .constdata          coeappl.o
    0x0800ae3e   0x0000000b   Data   RO         3365    .constdata          coeappl.o
    0x0800ae49   0x00000001   PAD
    0x0800ae4a   0x0000000c   Data   RO         3366    .constdata          coeappl.o
    0x0800ae56   0x0000000b   Data   RO         3367    .constdata          coeappl.o
    0x0800ae61   0x00000001   PAD
    0x0800ae62   0x0000000c   Data   RO         3368    .constdata          coeappl.o
    0x0800ae6e   0x0000000b   Data   RO         3369    .constdata          coeappl.o
    0x0800ae79   0x00000001   PAD
    0x0800ae7a   0x0000000c   Data   RO         3370    .constdata          coeappl.o
    0x0800ae86   0x0000000b   Data   RO         3371    .constdata          coeappl.o
    0x0800ae91   0x00000001   PAD
    0x0800ae92   0x0000001e   Data   RO         3372    .constdata          coeappl.o
    0x0800aeb0   0x00000060   Data   RO         3373    .constdata          coeappl.o
    0x0800af10   0x00000006   Data   RO         3374    .constdata          coeappl.o
    0x0800af16   0x0000000c   Data   RO         3375    .constdata          coeappl.o
    0x0800af22   0x00000006   Data   RO         3376    .constdata          coeappl.o
    0x0800af28   0x0000000f   Data   RO         3377    .constdata          coeappl.o
    0x0800af37   0x00000001   PAD
    0x0800af38   0x00000006   Data   RO         3378    .constdata          coeappl.o
    0x0800af3e   0x0000000c   Data   RO         3379    .constdata          coeappl.o
    0x0800af4a   0x00000006   Data   RO         3380    .constdata          coeappl.o
    0x0800af50   0x00000011   Data   RO         3381    .constdata          coeappl.o
    0x0800af61   0x00000001   PAD
    0x0800af62   0x00000006   Data   RO         3382    .constdata          coeappl.o
    0x0800af68   0x00000011   Data   RO         3383    .constdata          coeappl.o
    0x0800af79   0x00000001   PAD
    0x0800af7a   0x0000001e   Data   RO         3384    .constdata          coeappl.o
    0x0800af98   0x00000039   Data   RO         3385    .constdata          coeappl.o
    0x0800afd1   0x00000001   PAD
    0x0800afd2   0x00000012   Data   RO         3386    .constdata          coeappl.o
    0x0800afe4   0x0000003f   Data   RO         3387    .constdata          coeappl.o
    0x0800b023   0x00000001   PAD
    0x0800b024   0x00000006   Data   RO         3388    .constdata          coeappl.o
    0x0800b02a   0x00000013   Data   RO         3389    .constdata          coeappl.o
    0x0800b03d   0x00000001   PAD
    0x0800b03e   0x0000000c   Data   RO         3390    .constdata          coeappl.o
    0x0800b04a   0x00000012   Data   RO         3391    .constdata          coeappl.o
    0x0800b05c   0x000000c6   Data   RO         3392    .constdata          coeappl.o
    0x0800b122   0x00000100   Data   RO         3393    .constdata          coeappl.o
    0x0800b222   0x000000ff   Data   RO         3394    .constdata          coeappl.o
    0x0800b321   0x00000001   PAD
    0x0800b322   0x00000020   Data   RO         4059    .constdata          objdef.o
    0x0800b342   0x00000002   PAD
    0x0800b344   0x00000078   Data   RO         4154    .constdata          sdoserv.o
    0x0800b3bc   0x00000020   Data   RO         4833    Region$$Table       anon$$obj.o


    Execution Region RW_IRAM1 (Base: 0x20000000, Size: 0x00002e88, Max: 0x0001c000, ABSOLUTE, COMPRESSED[0x00000dd8])

    Base Addr    Size         Type   Attr      Idx    E Section Name        Object

    0x20000000   0x00000008   Data   RW          455    .data               usart.o
    0x20000008   0x0000000c   Data   RW         1736    .data               stm32f4xx_hal.o
    0x20000014   0x00000004   Data   RW         3307    .data               system_stm32f4xx.o
    0x20000018   0x000003d8   Data   RW         3395    .data               coeappl.o
    0x200003f0   0x00000004   Data   RW         3396    .data               coeappl.o
    0x200003f4   0x00000002   Data   RW         3397    .data               coeappl.o
    0x200003f6   0x0000000b   Data   RW         3398    .data               coeappl.o
    0x20000401   0x00000005   Data   RW         3399    .data               coeappl.o
    0x20000406   0x00000005   Data   RW         3400    .data               coeappl.o
    0x2000040b   0x00000001   PAD
    0x2000040c   0x00000014   Data   RW         3401    .data               coeappl.o
    0x20000420   0x00000006   Data   RW         3402    .data               coeappl.o
    0x20000426   0x00000002   PAD
    0x20000428   0x00000020   Data   RW         3515    .data               ecatappl.o
    0x20000448   0x00000004   Data   RW         3632    .data               ecatcoe.o
    0x2000044c   0x00000044   Data   RW         3688    .data               ecatslv.o
    0x20000490   0x00000001   Data   RW         3689    .data               ecatslv.o
    0x20000491   0x00000001   Data   RW         3690    .data               ecatslv.o
    0x20000492   0x00000002   PAD
    0x20000494   0x00000020   Data   RW         3848    .data               mailbox.o
    0x200004b4   0x00000400   Data   RW         3955    .data               ssc-device.o
    0x200008b4   0x00000400   Data   RW         3956    .data               ssc-device.o
    0x20000cb4   0x00000400   Data   RW         3957    .data               ssc-device.o
    0x200010b4   0x00000400   Data   RW         3958    .data               ssc-device.o
    0x200014b4   0x0000000c   Data   RW         3959    .data               ssc-device.o
    0x200014c0   0x00000200   Data   RW         3960    .data               ssc-device.o
    0x200016c0   0x00000200   Data   RW         3961    .data               ssc-device.o
    0x200018c0   0x00000200   Data   RW         3962    .data               ssc-device.o
    0x20001ac0   0x00000200   Data   RW         3963    .data               ssc-device.o
    0x20001cc0   0x0000000a   Data   RW         3964    .data               ssc-device.o
    0x20001cca   0x00000002   PAD
    0x20001ccc   0x0000000c   Data   RW         4060    .data               objdef.o
    0x20001cd8   0x0000000e   Data   RW         4061    .data               objdef.o
    0x20001ce6   0x00000002   Data   RW         4062    .data               objdef.o
    0x20001ce8   0x00000034   Data   RW         4155    .data               sdoserv.o
    0x20001d1c   0x00000004   Data   RW         4156    .data               sdoserv.o
    0x20001d20   0x00000002   Data   RW         4235    .data               tr8253evb.o
    0x20001d22   0x00000002   PAD
    0x20001d24   0x00000008   Data   RW         4347    .data               application.o
    0x20001d2c   0x00000004   Data   RW         4348    .data               application.o
    0x20001d30   0x00000001   Data   RW         4404    .data               app_flash.o
    0x20001d31   0x00000003   PAD
    0x20001d34   0x00000018   Data   RW         4456    .data               ecat_api.o
    0x20001d4c   0x00000058   Zero   RW          258    .bss                spi.o
    0x20001da4   0x00000048   Zero   RW          300    .bss                tim.o
    0x20001dec   0x000000e8   Zero   RW          454    .bss                usart.o
    0x20001ed4   0x00000020   Zero   RW          990    .bss                stm32f4xx_hal_flash.o
    0x20001ef4   0x00000800   Zero   RW         3514    .bss                ecatappl.o
    0x200026f4   0x00000068   Zero   RW         3847    .bss                mailbox.o
    0x2000275c   0x00000088   Zero   RW         4058    .bss                objdef.o
    0x200027e4   0x0000000e   Zero   RW         4153    .bss                sdoserv.o
    0x200027f2   0x00000002   PAD
    0x200027f4   0x00000030   Zero   RW         4455    .bss                ecat_api.o
    0x20002824   0x00000060   Zero   RW         4709    .bss                c_w.l(libspace.o)
    0x20002884   0x00000004   PAD
    0x20002888   0x00000200   Zero   RW            2    HEAP                startup_stm32f407xx.o
    0x20002a88   0x00000400   Zero   RW            1    STACK               startup_stm32f407xx.o


    Execution Region RW_IRAM2 (Base: 0x2001c000, Size: 0x00000000, Max: 0x00004000, ABSOLUTE)

    **** No section assigned to this execution region ****


==============================================================================

Image component sizes


      Code (inc. data)   RO Data    RW Data    ZI Data      Debug   Object Name

       226         24          0          1          0       2757   app_flash.o
       340         38          0         12          0       2702   application.o
       864        142      20779       1037          0      29069   coeappl.o
       244         64          0         24         48       6087   ecat_api.o
      1644        274          0         32       2048      53189   ecatappl.o
       118         26          0          4          0       3087   ecatcoe.o
      3890        166          0         70          0      18090   ecatslv.o
       324         22          0          0          0       1147   gpio.o
      1318         92          0         32        104      11865   mailbox.o
       220         20          0          0          0     725675   main.o
      2914        124         32         28        136      16065   objdef.o
      2524         86        120         56         14      22643   sdoserv.o
       176         22          0          0         88       1729   spi.o
       310         18          0       6166          0      22119   ssc-device.o
        64         26        392          0       1536        864   startup_stm32f407xx.o
       180         28          0         12          0       9489   stm32f4xx_hal.o
       198         14          0          0          0      33571   stm32f4xx_hal_cortex.o
       668         12          8          0          0       5673   stm32f4xx_hal_dma.o
       520         66          0          0         32       6374   stm32f4xx_hal_flash.o
       356         24          0          0          0       3834   stm32f4xx_hal_flash_ex.o
       530         52          0          0          0       2691   stm32f4xx_hal_gpio.o
        52          4          0          0          0        906   stm32f4xx_hal_msp.o
      1348         76          0          0          0       5132   stm32f4xx_hal_rcc.o
       188          0          0          0          0       1223   stm32f4xx_hal_spi.o
       752         76          0          0          0       6712   stm32f4xx_hal_tim.o
       144         28          0          0          0       1360   stm32f4xx_hal_tim_ex.o
      1760         28          0          0          0      13209   stm32f4xx_hal_uart.o
        32          0          0          0          0       5300   stm32f4xx_it.o
        16          4         24          4          0       1187   system_stm32f4xx.o
       144         20          0          0         72       1714   tim.o
       634         78          0          2          0      39844   tr8253evb.o
       292         44          0          8        232       2440   usart.o

    ----------------------------------------------------------------------
     23024       1698      21402       7500       4312    1057747   Object Totals
         0          0         32          0          0          0   (incl. Generated)
        34          0         15         12          2          0   (incl. Padding)

    ----------------------------------------------------------------------

      Code (inc. data)   RO Data    RW Data    ZI Data      Debug   Library Member Name

        90          0          0          0          0          0   __dczerorl2.o
         8          0          0          0          0         68   __main.o
         0          0          0          0          0          0   __rtentry.o
        12          0          0          0          0          0   __rtentry2.o
         6          0          0          0          0          0   __rtentry4.o
        52          8          0          0          0          0   __scatter.o
        28          0          0          0          0          0   __scatter_zi.o
        10          0          0          0          0         68   defsig_exit.o
        50          0          0          0          0         88   defsig_general.o
        80         58          0          0          0         76   defsig_rtmem_inner.o
        14          0          0          0          0         80   defsig_rtmem_outer.o
        12          0          0          0          0         72   exit.o
        94          0          0          0          0         80   h1_alloc.o
        52          0          0          0          0         68   h1_extend.o
        78          0          0          0          0         80   h1_free.o
        14          0          0          0          0         84   h1_init.o
         6          0          0          0          0        152   heapauxi.o
         4          0          0          0          0        136   hguard.o
         0          0          0          0          0          0   indicate_semi.o
       138          0          0          0          0        168   init_alloc.o
         2          0          0          0          0          0   libinit.o
        14          0          0          0          0          0   libinit2.o
         2          0          0          0          0          0   libshutdown.o
         2          0          0          0          0          0   libshutdown2.o
         8          4          0          0         96         68   libspace.o
       238          0          0          0          0        100   lludivv7m.o
         0          0          0          0          0          0   maybetermalloc1.o
        88          0          0          0          0         76   memcmp.o
         8          4          0          0          0         68   rt_heap_descriptor_intlibspace.o
        78          0          0          0          0         80   rt_memclr_w.o
       138          0          0          0          0         68   rt_memcpy_v6.o
       100          0          0          0          0         80   rt_memcpy_w.o
         2          0          0          0          0          0   rtexit.o
        10          0          0          0          0          0   rtexit2.o
        62          0          0          0          0         76   strlen.o
        12          4          0          0          0         68   sys_exit.o
        74          0          0          0          0         80   sys_stackheap_outer.o
        14          0          0          0          0         76   sys_wrch.o
         2          0          0          0          0         68   use_no_semi.o
        10          0          0          0          0        116   fpinit.o

    ----------------------------------------------------------------------
      1618         78          0          0        100       2244   Library Totals
         6          0          0          0          4          0   (incl. Padding)

    ----------------------------------------------------------------------

      Code (inc. data)   RO Data    RW Data    ZI Data      Debug   Library Name

      1602         78          0          0         96       2128   c_w.l
        10          0          0          0          0        116   fz_wm.l

    ----------------------------------------------------------------------
      1618         78          0          0        100       2244   Library Totals

    ----------------------------------------------------------------------

==============================================================================


      Code (inc. data)   RO Data    RW Data    ZI Data      Debug   

     24642       1776      21402       7500       4412    1039147   Grand Totals
     24642       1776      21402       3544       4412    1039147   ELF Image Totals (compressed)
     24642       1776      21402       3544          0          0   ROM Totals

==============================================================================

    Total RO  Size (Code + RO Data)                46044 (  44.96kB)
    Total RW  Size (RW Data + ZI Data)             11912 (  11.63kB)
    Total ROM Size (Code + RO Data + RW Data)      49588 (  48.43kB)

==============================================================================

