Component: ARM Compiler 5.05 update 1 (build 106) Tool: armlink [4d0efa]

==============================================================================

Section Cross References

    startup_stm32f407xx.o(STACK) refers (Special) to heapauxi.o(.text) for __use_two_region_memory
    startup_stm32f407xx.o(HEAP) refers (Special) to heapauxi.o(.text) for __use_two_region_memory
    startup_stm32f407xx.o(RESET) refers (Special) to heapauxi.o(.text) for __use_two_region_memory
    startup_stm32f407xx.o(RESET) refers to startup_stm32f407xx.o(STACK) for __initial_sp
    startup_stm32f407xx.o(RESET) refers to startup_stm32f407xx.o(.text) for Reset_Handler
    startup_stm32f407xx.o(RESET) refers to stm32f4xx_it.o(i.NMI_Handler) for NMI_Handler
    startup_stm32f407xx.o(RESET) refers to stm32f4xx_it.o(i.HardFault_Handler) for HardFault_Handler
    startup_stm32f407xx.o(RESET) refers to stm32f4xx_it.o(i.MemManage_Handler) for MemManage_Handler
    startup_stm32f407xx.o(RESET) refers to stm32f4xx_it.o(i.BusFault_Handler) for BusFault_Handler
    startup_stm32f407xx.o(RESET) refers to stm32f4xx_it.o(i.UsageFault_Handler) for UsageFault_Handler
    startup_stm32f407xx.o(RESET) refers to stm32f4xx_it.o(i.SVC_Handler) for SVC_Handler
    startup_stm32f407xx.o(RESET) refers to stm32f4xx_it.o(i.DebugMon_Handler) for DebugMon_Handler
    startup_stm32f407xx.o(RESET) refers to stm32f4xx_it.o(i.PendSV_Handler) for PendSV_Handler
    startup_stm32f407xx.o(RESET) refers to stm32f4xx_it.o(i.SysTick_Handler) for SysTick_Handler
    startup_stm32f407xx.o(RESET) refers to stm32f4xx_it.o(i.EXTI0_IRQHandler) for EXTI0_IRQHandler
    startup_stm32f407xx.o(RESET) refers to stm32f4xx_it.o(i.EXTI2_IRQHandler) for EXTI2_IRQHandler
    startup_stm32f407xx.o(RESET) refers to usart.o(i.USART6_IRQHandler) for USART6_IRQHandler
    startup_stm32f407xx.o(.text) refers (Special) to heapauxi.o(.text) for __use_two_region_memory
    startup_stm32f407xx.o(.text) refers to system_stm32f4xx.o(i.SystemInit) for SystemInit
    startup_stm32f407xx.o(.text) refers to __main.o(!!!main) for __main
    startup_stm32f407xx.o(.text) refers to startup_stm32f407xx.o(HEAP) for Heap_Mem
    startup_stm32f407xx.o(.text) refers to startup_stm32f407xx.o(STACK) for Stack_Mem
    main.o(i.SystemClock_Config) refers to rt_memclr_w.o(.text) for __aeabi_memclr4
    main.o(i.SystemClock_Config) refers to stm32f4xx_hal_rcc.o(i.HAL_RCC_OscConfig) for HAL_RCC_OscConfig
    main.o(i.SystemClock_Config) refers to stm32f4xx_hal_rcc.o(i.HAL_RCC_ClockConfig) for HAL_RCC_ClockConfig
    main.o(i.main) refers to stm32f4xx_hal.o(i.HAL_Init) for HAL_Init
    main.o(i.main) refers to main.o(i.SystemClock_Config) for SystemClock_Config
    main.o(i.main) refers to gpio.o(i.MX_GPIO_Init) for MX_GPIO_Init
    main.o(i.main) refers to spi.o(i.MX_SPI1_Init) for MX_SPI1_Init
    main.o(i.main) refers to tim.o(i.MX_TIM3_Init) for MX_TIM3_Init
    main.o(i.main) refers to stm32f4xx_hal.o(i.HAL_Delay) for HAL_Delay
    main.o(i.main) refers to tr8253evb.o(i.HW_Init) for HW_Init
    main.o(i.main) refers to ecatappl.o(i.MainInit) for MainInit
    main.o(i.main) refers to ecatappl.o(i.MainLoop) for MainLoop
    main.o(i.main) refers to tr8253evb.o(i.HW_Release) for HW_Release
    main.o(i.main) refers to ecatappl.o(.data) for bRunApplication
    gpio.o(i.MX_GPIO_Init) refers to rt_memclr_w.o(.text) for __aeabi_memclr4
    gpio.o(i.MX_GPIO_Init) refers to stm32f4xx_hal_gpio.o(i.HAL_GPIO_WritePin) for HAL_GPIO_WritePin
    gpio.o(i.MX_GPIO_Init) refers to stm32f4xx_hal_gpio.o(i.HAL_GPIO_Init) for HAL_GPIO_Init
    gpio.o(i.MX_GPIO_Init) refers to stm32f4xx_hal_cortex.o(i.HAL_NVIC_SetPriority) for HAL_NVIC_SetPriority
    gpio.o(i.MX_GPIO_Init) refers to stm32f4xx_hal_cortex.o(i.HAL_NVIC_EnableIRQ) for HAL_NVIC_EnableIRQ
    spi.o(i.HAL_SPI_MspDeInit) refers to stm32f4xx_hal_gpio.o(i.HAL_GPIO_DeInit) for HAL_GPIO_DeInit
    spi.o(i.HAL_SPI_MspInit) refers to rt_memclr_w.o(.text) for __aeabi_memclr4
    spi.o(i.HAL_SPI_MspInit) refers to stm32f4xx_hal_gpio.o(i.HAL_GPIO_Init) for HAL_GPIO_Init
    spi.o(i.MX_SPI1_Init) refers to stm32f4xx_hal_spi.o(i.HAL_SPI_Init) for HAL_SPI_Init
    spi.o(i.MX_SPI1_Init) refers to main.o(i.Error_Handler) for Error_Handler
    spi.o(i.MX_SPI1_Init) refers to spi.o(.bss) for .bss
    tim.o(i.MX_TIM3_Init) refers to stm32f4xx_hal_tim.o(i.HAL_TIM_Base_Init) for HAL_TIM_Base_Init
    tim.o(i.MX_TIM3_Init) refers to main.o(i.Error_Handler) for Error_Handler
    tim.o(i.MX_TIM3_Init) refers to stm32f4xx_hal_tim.o(i.HAL_TIM_ConfigClockSource) for HAL_TIM_ConfigClockSource
    tim.o(i.MX_TIM3_Init) refers to stm32f4xx_hal_tim_ex.o(i.HAL_TIMEx_MasterConfigSynchronization) for HAL_TIMEx_MasterConfigSynchronization
    tim.o(i.MX_TIM3_Init) refers to tim.o(.bss) for .bss
    stm32f4xx_it.o(i.EXTI0_IRQHandler) refers to stm32f4xx_hal_gpio.o(i.HAL_GPIO_EXTI_IRQHandler) for HAL_GPIO_EXTI_IRQHandler
[...]
    huart6                                   0x20000b30   Data          72  usart.o(.bss)
    s_RxBuf                                  0x20000b78   Data         256  usart.o(.bss)
    .bss                                     0x20000c78   Section     2048  ecatappl.o(.bss)
    .bss                                     0x20001478   Section      104  mailbox.o(.bss)
    .bss                                     0x200014e0   Section      136  objdef.o(.bss)
    .bss                                     0x20001568   Section       14  sdoserv.o(.bss)
    .bss                                     0x20001578   Section       96  libspace.o(.bss)
    HEAP                                     0x200015d8   Section      512  startup_stm32f407xx.o(HEAP)
    Heap_Mem                                 0x200015d8   Data         512  startup_stm32f407xx.o(HEAP)
    STACK                                    0x200017d8   Section     1024  startup_stm32f407xx.o(STACK)
    Stack_Mem                                0x200017d8   Data        1024  startup_stm32f407xx.o(STACK)
    __initial_sp                             0x20001bd8   Data           0  startup_stm32f407xx.o(STACK)

    Global Symbols

    Symbol Name                              Value     Ov Type        Size  Object(Section)

    BuildAttributes$$THM_ISAv4$E$P$D$K$B$S$7EM$VFPi3$EXTD16$VFPS$VFMA$PE$A:L22UL41UL21$X:L11$S22US41US21$IEEE1$IW$USESV6$~STKCKD$USESV7$~SHL$OTIME$ROPI$EBA8$UX$STANDARDLIB$REQ8$PRES8$EABIv2 0x00000000   Number         0  anon$$obj.o ABSOLUTE
    __ARM_use_no_argv                        0x00000000   Number         0  main.o ABSOLUTE
    __ARM_exceptions_init                     - Undefined Weak Reference
    __alloca_initialize                       - Undefined Weak Reference
    __arm_preinit_                            - Undefined Weak Reference
    __cpp_initialize__aeabi_                  - Undefined Weak Reference
    __cxa_finalize                            - Undefined Weak Reference
    __rt_locale                               - Undefined Weak Reference
    __sigvec_lookup                           - Undefined Weak Reference
    __user_heap_extent                        - Undefined Weak Reference
    _atexit_init                              - Undefined Weak Reference
    _call_atexit_fns                          - Undefined Weak Reference
    _clock_init                               - Undefined Weak Reference
    _fp_trap_init                             - Undefined Weak Reference
    _fp_trap_shutdown                         - Undefined Weak Reference
    _get_lc_collate                           - Undefined Weak Reference
    _get_lc_ctype                             - Undefined Weak Reference
    _get_lc_monetary                          - Undefined Weak Reference
    _get_lc_numeric                           - Undefined Weak Reference
    _get_lc_time                              - Undefined Weak Reference
    _getenv_init                              - Undefined Weak Reference
    _handle_redirection                       - Undefined Weak Reference
    _initio                                   - Undefined Weak Reference
    _mutex_acquire                            - Undefined Weak Reference
    _mutex_free                               - Undefined Weak Reference
    _mutex_release                            - Undefined Weak Reference
    _rand_init                                - Undefined Weak Reference
    _signal_finish                            - Undefined Weak Reference
    _signal_init                              - Undefined Weak Reference
    _terminateio                              - Undefined Weak Reference
    __Vectors_Size                           0x00000188   Number         0  startup_stm32f407xx.o ABSOLUTE
    __Vectors                                0x08000000   Data           4  startup_stm32f407xx.o(RESET)
    __Vectors_End                            0x08000188   Data           0  startup_stm32f407xx.o(RESET)
    __main                                   0x08000189   Thumb Code     8  __main.o(!!!main)
    __scatterload                            0x08000191   Thumb Code     0  __scatter.o(!!!scatter)
    __scatterload_rt2                        0x08000191   Thumb Code    44  __scatter.o(!!!scatter)
    __scatterload_rt2_thumb_only             0x08000191   Thumb Code     0  __scatter.o(!!!scatter)
    __scatterload_null                       0x0800019f   Thumb Code     0  __scatter.o(!!!scatter)
    __decompress                             0x080001c5   Thumb Code    90  __dczerorl2.o(!!dczerorl2)
    __decompress1                            0x080001c5   Thumb Code     0  __dczerorl2.o(!!dczerorl2)
    __scatterload_zeroinit                   0x08000221   Thumb Code    28  __scatter_zi.o(!!handler_zi)
    __rt_lib_init                            0x0800023d   Thumb Code     0  libinit.o(.ARM.Collect$$libinit$$00000000)
    __rt_lib_init_fp_1                       0x0800023f   Thumb Code     0  libinit2.o(.ARM.Collect$$libinit$$00000001)
    __rt_lib_init_heap_2                     0x08000243   Thumb Code     0  libinit2.o(.ARM.Collect$$libinit$$00000005)
    __rt_lib_init_preinit_1                  0x08000243   Thumb Code     0  libinit2.o(.ARM.Collect$$libinit$$00000004)
    __rt_lib_init_alloca_1                   0x0800024b   Thumb Code     0  libinit2.o(.ARM.Collect$$libinit$$0000002E)
    __rt_lib_init_argv_1                     0x0800024b   Thumb Code     0  libinit2.o(.ARM.Collect$$libinit$$0000002C)
    __rt_lib_init_atexit_1                   0x0800024b   Thumb Code     0  libinit2.o(.ARM.Collect$$libinit$$0000001B)
    __rt_lib_init_clock_1                    0x0800024b   Thumb Code     0  libinit2.o(.ARM.Collect$$libinit$$00000021)
    __rt_lib_init_cpp_1                      0x0800024b   Thumb Code     0  libinit2.o(.ARM.Collect$$libinit$$00000032)
    __rt_lib_init_exceptions_1               0x0800024b   Thumb Code     0  libinit2.o(.ARM.Collect$$libinit$$00000030)
    __rt_lib_init_fp_trap_1                  0x0800024b   Thumb Code     0  libinit2.o(.ARM.Collect$$libinit$$0000001F)
    __rt_lib_init_getenv_1                   0x0800024b   Thumb Code     0  libinit2.o(.ARM.Collect$$libinit$$00000023)
    __rt_lib_init_heap_1                     0x0800024b   Thumb Code     0  libinit2.o(.ARM.Collect$$libinit$$0000000A)
    __rt_lib_init_lc_collate_1               0x0800024b   Thumb Code     0  libinit2.o(.ARM.Collect$$libinit$$00000011)
    __rt_lib_init_lc_ctype_1                 0x0800024b   Thumb Code     0  libinit2.o(.ARM.Collect$$libinit$$00000013)
    __rt_lib_init_lc_monetary_1              0x0800024b   Thumb Code     0  libinit2.o(.ARM.Collect$$libinit$$00000015)
    __rt_lib_init_lc_numeric_1               0x0800024b   Thumb Code     0  libinit2.o(.ARM.Collect$$libinit$$00000017)
    __rt_lib_init_lc_time_1                  0x0800024b   Thumb Code     0  libinit2.o(.ARM.Collect$$libinit$$00000019)
    __rt_lib_init_rand_1                     0x0800024b   Thumb Code     0  libinit2.o(.ARM.Collect$$libinit$$0000000E)
    __rt_lib_init_return                     0x0800024b   Thumb Code     0  libinit2.o(.ARM.Collect$$libinit$$00000033)
    __rt_lib_init_signal_1                   0x0800024b   Thumb Code     0  libinit2.o(.ARM.Collect$$libinit$$0000001D)
    __rt_lib_init_stdio_1                    0x0800024b   Thumb Code     0  libinit2.o(.ARM.Collect$$libinit$$00000025)
    __rt_lib_init_user_alloc_1               0x0800024b   Thumb Code     0  libinit2.o(.ARM.Collect$$libinit$$0000000C)
    __rt_lib_shutdown                        0x0800024d   Thumb Code     0  libshutdown.o(.ARM.Collect$$libshutdown$$00000000)
    __rt_lib_shutdown_fp_trap_1              0x0800024f   Thumb Code     0  libshutdown2.o(.ARM.Collect$$libshutdown$$00000006)
    __rt_lib_shutdown_heap_1                 0x0800024f   Thumb Code     0  libshutdown2.o(.ARM.Collect$$libshutdown$$0000000E)
    __rt_lib_shutdown_return                 0x0800024f   Thumb Code     0  libshutdown2.o(.ARM.Collect$$libshutdown$$0000000F)
    __rt_lib_shutdown_signal_1               0x0800024f   Thumb Code     0  libshutdown2.o(.ARM.Collect$$libshutdown$$00000009)
    __rt_lib_shutdown_stdio_1                0x0800024f   Thumb Code     0  libshutdown2.o(.ARM.Collect$$libshutdown$$00000003)
    __rt_lib_shutdown_user_alloc_1           0x0800024f   Thumb Code     0  libshutdown2.o(.ARM.Collect$$libshutdown$$0000000B)
    __rt_entry                               0x08000251   Thumb Code     0  __rtentry.o(.ARM.Collect$$rtentry$$00000000)
    __rt_entry_presh_1                       0x08000251   Thumb Code     0  __rtentry2.o(.ARM.Collect$$rtentry$$00000002)
    __rt_entry_sh                            0x08000251   Thumb Code     0  __rtentry4.o(.ARM.Collect$$rtentry$$00000004)
    __rt_entry_li                            0x08000257   Thumb Code     0  __rtentry2.o(.ARM.Collect$$rtentry$$0000000A)
    __rt_entry_postsh_1                      0x08000257   Thumb Code     0  __rtentry2.o(.ARM.Collect$$rtentry$$00000009)
    __rt_entry_main                          0x0800025b   Thumb Code     0  __rtentry2.o(.ARM.Collect$$rtentry$$0000000D)
    __rt_entry_postli_1                      0x0800025b   Thumb Code     0  __rtentry2.o(.ARM.Collect$$rtentry$$0000000C)
    __rt_exit                                0x08000263   Thumb Code     0  rtexit.o(.ARM.Collect$$rtexit$$00000000)
    __rt_exit_ls                             0x08000265   Thumb Code     0  rtexit2.o(.ARM.Collect$$rtexit$$00000003)
    __rt_exit_prels_1                        0x08000265   Thumb Code     0  rtexit2.o(.ARM.Collect$$rtexit$$00000002)
    __rt_exit_exit                           0x08000269   Thumb Code     0  rtexit2.o(.ARM.Collect$$rtexit$$00000004)
    Reset_Handler                            0x08000271   Thumb Code     8  startup_stm32f407xx.o(.text)
    _maybe_terminate_alloc                   0x08000271   Thumb Code     0  maybetermalloc1.o(.emb_text)
    ADC_IRQHandler                           0x0800028b   Thumb Code     0  startup_stm32f407xx.o(.text)
    CAN1_RX0_IRQHandler                      0x0800028b   Thumb Code     0  startup_stm32f407xx.o(.text)
    CAN1_RX1_IRQHandler                      0x0800028b   Thumb Code     0  startup_stm32f407xx.o(.text)
    CAN1_SCE_IRQHandler                      0x0800028b   Thumb Code     0  startup_stm32f407xx.o(.text)
    CAN1_TX_IRQHandler                       0x0800028b   Thumb Code     0  startup_stm32f407xx.o(.text)
    CAN2_RX0_IRQHandler                      0x0800028b   Thumb Code     0  startup_stm32f407xx.o(.text)
    CAN2_RX1_IRQHandler                      0x0800028b   Thumb Code     0  startup_stm32f407xx.o(.text)
    CAN2_SCE_IRQHandler                      0x0800028b   Thumb Code     0  startup_stm32f407xx.o(.text)
    CAN2_TX_IRQHandler                       0x0800028b   Thumb Code     0  startup_stm32f407xx.o(.text)
    DCMI_IRQHandler                          0x0800028b   Thumb Code     0  startup_stm32f407xx.o(.text)
    DMA1_Stream0_IRQHandler                  0x0800028b   Thumb Code     0  startup_stm32f407xx.o(.text)
    DMA1_Stream1_IRQHandler                  0x0800028b   Thumb Code     0  startup_stm32f407xx.o(.text)
    DMA1_Stream2_IRQHandler                  0x0800028b   Thumb Code     0  startup_stm32f407xx.o(.text)
    DMA1_Stream3_IRQHandler                  0x0800028b   Thumb Code     0  startup_stm32f407xx.o(.text)
    DMA1_Stream4_IRQHandler                  0x0800028b   Thumb Code     0  startup_stm32f407xx.o(.text)
    DMA1_Stream5_IRQHandler                  0x0800028b   Thumb Code     0  startup_stm32f407xx.o(.text)
    DMA1_Stream6_IRQHandler                  0x0800028b   Thumb Code     0  startup_stm32f407xx.o(.text)
    DMA1_Stream7_IRQHandler                  0x0800028b   Thumb Code     0  startup_stm32f407xx.o(.text)
    DMA2_Stream0_IRQHandler                  0x0800028b   Thumb Code     0  startup_stm32f407xx.o(.text)
    DMA2_Stream1_IRQHandler                  0x0800028b   Thumb Code     0  startup_stm32f407xx.o(.text)
    DMA2_Stream2_IRQHandler                  0x0800028b   Thumb Code     0  startup_stm32f407xx.o(.text)
    DMA2_Stream3_IRQHandler                  0x0800028b   Thumb Code     0  startup_stm32f407xx.o(.text)
    DMA2_Stream4_IRQHandler                  0x0800028b   Thumb Code     0  startup_stm32f407xx.o(.text)
    DMA2_Stream5_IRQHandler                  0x0800028b   Thumb Code     0  startup_stm32f407xx.o(.text)
    DMA2_Stream6_IRQHandler                  0x0800028b   Thumb Code     0  startup_stm32f407xx.o(.text)
    DMA2_Stream7_IRQHandler                  0x0800028b   Thumb Code     0  startup_stm32f407xx.o(.text)
    ETH_IRQHandler                           0x0800028b   Thumb Code     0  startup_stm32f407xx.o(.text)
    ETH_WKUP_IRQHandler                      0x0800028b   Thumb Code     0  startup_stm32f407xx.o(.text)
    EXTI15_10_IRQHandler                     0x0800028b   Thumb Code     0  startup_stm32f407xx.o(.text)
    EXTI1_IRQHandler                         0x0800028b   Thumb Code     0  startup_stm32f407xx.o(.text)
    EXTI3_IRQHandler                         0x0800028b   Thumb Code     0  startup_stm32f407xx.o(.text)
    EXTI4_IRQHandler                         0x0800028b   Thumb Code     0  startup_stm32f407xx.o(.text)
    EXTI9_5_IRQHandler                       0x0800028b   Thumb Code     0  startup_stm32f407xx.o(.text)
    FLASH_IRQHandler                         0x0800028b   Thumb Code     0  startup_stm32f407xx.o(.text)
    FMC_IRQHandler                           0x0800028b   Thumb Code     0  startup_stm32f407xx.o(.text)
    FPU_IRQHandler                           0x0800028b   Thumb Code     0  startup_stm32f407xx.o(.text)
    HASH_RNG_IRQHandler                      0x0800028b   Thumb Code     0  startup_stm32f407xx.o(.text)
    I2C1_ER_IRQHandler                       0x0800028b   Thumb Code     0  startup_stm32f407xx.o(.text)
    I2C1_EV_IRQHandler                       0x0800028b   Thumb Code     0  startup_stm32f407xx.o(.text)
    I2C2_ER_IRQHandler                       0x0800028b   Thumb Code     0  startup_stm32f407xx.o(.text)
    I2C2_EV_IRQHandler                       0x0800028b   Thumb Code     0  startup_stm32f407xx.o(.text)
    I2C3_ER_IRQHandler                       0x0800028b   Thumb Code     0  startup_stm32f407xx.o(.text)
    I2C3_EV_IRQHandler                       0x0800028b   Thumb Code     0  startup_stm32f407xx.o(.text)
    OTG_FS_IRQHandler                        0x0800028b   Thumb Code     0  startup_stm32f407xx.o(.text)
    OTG_FS_WKUP_IRQHandler                   0x0800028b   Thumb Code     0  startup_stm32f407xx.o(.text)
    OTG_HS_EP1_IN_IRQHandler                 0x0800028b   Thumb Code     0  startup_stm32f407xx.o(.text)
    OTG_HS_EP1_OUT_IRQHandler                0x0800028b   Thumb Code     0  startup_stm32f407xx.o(.text)
    OTG_HS_IRQHandler                        0x0800028b   Thumb Code     0  startup_stm32f407xx.o(.text)
    OTG_HS_WKUP_IRQHandler                   0x0800028b   Thumb Code     0  startup_stm32f407xx.o(.text)
    PVD_IRQHandler                           0x0800028b   Thumb Code     0  startup_stm32f407xx.o(.text)
    RCC_IRQHandler                           0x0800028b   Thumb Code     0  startup_stm32f407xx.o(.text)
    RTC_Alarm_IRQHandler                     0x0800028b   Thumb Code     0  startup_stm32f407xx.o(.text)
    RTC_WKUP_IRQHandler                      0x0800028b   Thumb Code     0  startup_stm32f407xx.o(.text)
    SDIO_IRQHandler                          0x0800028b   Thumb Code     0  startup_stm32f407xx.o(.text)
    SPI1_IRQHandler                          0x0800028b   Thumb Code     0  startup_stm32f407xx.o(.text)
    SPI2_IRQHandler                          0x0800028b   Thumb Code     0  startup_stm32f407xx.o(.text)
    SPI3_IRQHandler                          0x0800028b   Thumb Code     0  startup_stm32f407xx.o(.text)
    TAMP_STAMP_IRQHandler                    0x0800028b   Thumb Code     0  startup_stm32f407xx.o(.text)
    TIM1_BRK_TIM9_IRQHandler                 0x0800028b   Thumb Code     0  startup_stm32f407xx.o(.text)
    TIM1_CC_IRQHandler                       0x0800028b   Thumb Code     0  startup_stm32f407xx.o(.text)
    TIM1_TRG_COM_TIM11_IRQHandler            0x0800028b   Thumb Code     0  startup_stm32f407xx.o(.text)
    TIM1_UP_TIM10_IRQHandler                 0x0800028b   Thumb Code     0  startup_stm32f407xx.o(.text)
    TIM2_IRQHandler                          0x0800028b   Thumb Code     0  startup_stm32f407xx.o(.text)
    TIM3_IRQHandler                          0x0800028b   Thumb Code     0  startup_stm32f407xx.o(.text)
    TIM4_IRQHandler                          0x0800028b   Thumb Code     0  startup_stm32f407xx.o(.text)
    TIM5_IRQHandler                          0x0800028b   Thumb Code     0  startup_stm32f407xx.o(.text)
    TIM6_DAC_IRQHandler                      0x0800028b   Thumb Code     0  startup_stm32f407xx.o(.text)
    TIM7_IRQHandler                          0x0800028b   Thumb Code     0  startup_stm32f407xx.o(.text)
    TIM8_BRK_TIM12_IRQHandler                0x0800028b   Thumb Code     0  startup_stm32f407xx.o(.text)
    TIM8_CC_IRQHandler                       0x0800028b   Thumb Code     0  startup_stm32f407xx.o(.text)
    TIM8_TRG_COM_TIM14_IRQHandler            0x0800028b   Thumb Code     0  startup_stm32f407xx.o(.text)
    TIM8_UP_TIM13_IRQHandler                 0x0800028b   Thumb Code     0  startup_stm32f407xx.o(.text)
    UART4_IRQHandler                         0x0800028b   Thumb Code     0  startup_stm32f407xx.o(.text)
    UART5_IRQHandler                         0x0800028b   Thumb Code     0  startup_stm32f407xx.o(.text)
    USART1_IRQHandler                        0x0800028b   Thumb Code     0  startup_stm32f407xx.o(.text)
    USART2_IRQHandler                        0x0800028b   Thumb Code     0  startup_stm32f407xx.o(.text)
    USART3_IRQHandler                        0x0800028b   Thumb Code     0  startup_stm32f407xx.o(.text)
    WWDG_IRQHandler                          0x0800028b   Thumb Code     0  startup_stm32f407xx.o(.text)
    __user_initial_stackheap                 0x0800028d   Thumb Code     0  startup_stm32f407xx.o(.text)
    malloc                                   0x080002b1   Thumb Code    94  h1_alloc.o(.text)
    free                                     0x0800030f   Thumb Code    78  h1_free.o(.text)
    __aeabi_uldivmod                         0x0800035d   Thumb Code     0  lludivv7m.o(.text)
    _ll_udiv                                 0x0800035d   Thumb Code   238  lludivv7m.o(.text)
    strlen                                   0x0800044b   Thumb Code    62  strlen.o(.text)
    __aeabi_memcpy                           0x08000489   Thumb Code     0  rt_memcpy_v6.o(.text)
    __rt_memcpy                              0x08000489   Thumb Code   138  rt_memcpy_v6.o(.text)
    _memcpy_lastbytes                        0x080004ef   Thumb Code     0  rt_memcpy_v6.o(.text)
    __aeabi_memcpy4                          0x08000513   Thumb Code     0  rt_memcpy_w.o(.text)
    __aeabi_memcpy8                          0x08000513   Thumb Code     0  rt_memcpy_w.o(.text)
    __rt_memcpy_w                            0x08000513   Thumb Code   100  rt_memcpy_w.o(.text)
    _memcpy_lastbytes_aligned                0x0800055b   Thumb Code     0  rt_memcpy_w.o(.text)
    __aeabi_memclr4                          0x08000577   Thumb Code     0  rt_memclr_w.o(.text)
    __aeabi_memclr8                          0x08000577   Thumb Code     0  rt_memclr_w.o(.text)
    __rt_memclr_w                            0x08000577   Thumb Code    78  rt_memclr_w.o(.text)
    _memset_w                                0x0800057b   Thumb Code     0  rt_memclr_w.o(.text)
    __use_two_region_memory                  0x080005c5   Thumb Code     2  heapauxi.o(.text)
    __rt_heap_escrow                         0x080005c7   Thumb Code     2  heapauxi.o(.text)
    __rt_heap_expand                         0x080005c9   Thumb Code     2  heapauxi.o(.text)
    __rt_heap_descriptor                     0x080005cd   Thumb Code     8  rt_heap_descriptor_intlibspace.o(.text)
    __use_no_heap                            0x080005d5   Thumb Code     2  hguard.o(.text)
    __heap$guard                             0x080005d7   Thumb Code     2  hguard.o(.text)
    _terminate_user_alloc                    0x080005d9   Thumb Code     2  init_alloc.o(.text)
    _init_user_alloc                         0x080005db   Thumb Code     2  init_alloc.o(.text)
    __Heap_Full                              0x080005dd   Thumb Code    34  init_alloc.o(.text)
    __Heap_Broken                            0x080005ff   Thumb Code     6  init_alloc.o(.text)
    _init_alloc                              0x08000605   Thumb Code    94  init_alloc.o(.text)
    __Heap_Initialize                        0x08000663   Thumb Code    10  h1_init.o(.text)
    __Heap_DescSize                          0x0800066d   Thumb Code     4  h1_init.o(.text)
    __user_libspace                          0x08000671   Thumb Code     8  libspace.o(.text)
    __user_perproc_libspace                  0x08000671   Thumb Code     0  libspace.o(.text)
    __user_perthread_libspace                0x08000671   Thumb Code     0  libspace.o(.text)
    __Heap_ProvideMemory                     0x08000679   Thumb Code    52  h1_extend.o(.text)
    __rt_SIGRTMEM                            0x080006ad   Thumb Code    14  defsig_rtmem_outer.o(.text)
    __I$use$semihosting                      0x080006bb   Thumb Code     0  use_no_semi.o(.text)
    __use_no_semihosting_swi                 0x080006bb   Thumb Code     2  use_no_semi.o(.text)
    __semihosting_library_function           0x080006bd   Thumb Code     0  indicate_semi.o(.text)
    __user_setup_stackheap                   0x080006bd   Thumb Code    74  sys_stackheap_outer.o(.text)
    exit                                     0x08000707   Thumb Code    12  exit.o(.text)
    __sig_exit                               0x08000713   Thumb Code    10  defsig_exit.o(.text)
    __rt_SIGRTMEM_inner                      0x0800071d   Thumb Code    22  defsig_rtmem_inner.o(.text)
    _sys_exit                                0x0800076d   Thumb Code     8  sys_exit.o(.text)
    __default_signal_display                 0x08000779   Thumb Code    50  defsig_general.o(.text)
    _ttywrch                                 0x080007ab   Thumb Code    14  sys_wrch.o(.text)
    AL_ControlInd                            0x080007b9   Thumb Code   852  ecatslv.o(i.AL_ControlInd)
    AL_ControlRes                            0x08000b19   Thumb Code   388  ecatslv.o(i.AL_ControlRes)
    APPL_AckErrorInd                         0x08000ca5   Thumb Code     2  ssc-device.o(i.APPL_AckErrorInd)
    APPL_Application                         0x08000ca9   Thumb Code    14  ssc-device.o(i.APPL_Application)
    APPL_CoeRxPdoMapping                     0x08000cbd   Thumb Code    12  application.o(i.APPL_CoeRxPdoMapping)
    APPL_CoeTxPdoMapping                     0x08000ccd   Thumb Code     8  application.o(i.APPL_CoeTxPdoMapping)
    APPL_GenerateMapping                     0x08000cd9   Thumb Code    12  ssc-device.o(i.APPL_GenerateMapping)
    APPL_InputMapping                        0x08000ce5   Thumb Code     4  ssc-device.o(i.APPL_InputMapping)
    APPL_OutputMapping                       0x08000ce9   Thumb Code     4  ssc-device.o(i.APPL_OutputMapping)
    APPL_StartInputHandler                   0x08000ced   Thumb Code     4  ssc-device.o(i.APPL_StartInputHandler)
    APPL_StartMailboxHandler                 0x08000cf1   Thumb Code     4  ssc-device.o(i.APPL_StartMailboxHandler)
    APPL_StartOutputHandler                  0x08000cf5   Thumb Code     4  ssc-device.o(i.APPL_StartOutputHandler)
    APPL_StopInputHandler                    0x08000cf9   Thumb Code     4  ssc-device.o(i.APPL_StopInputHandler)
    APPL_StopMailboxHandler                  0x08000cfd   Thumb Code     4  ssc-device.o(i.APPL_StopMailboxHandler)
    APPL_StopOutputHandler                   0x08000d01   Thumb Code    10  ssc-device.o(i.APPL_StopOutputHandler)
    AddObjectsToObjDictionary                0x08000d0b   Thumb Code    32  coeappl.o(i.AddObjectsToObjDictionary)
    BusFault_Handler                         0x08000d61   Thumb Code     2  stm32f4xx_it.o(i.BusFault_Handler)
    COE_AddObjectToDic                       0x08000d65   Thumb Code    88  coeappl.o(i.COE_AddObjectToDic)
    COE_ClearObjDictionary                   0x08000dc1   Thumb Code    26  coeappl.o(i.COE_ClearObjDictionary)
    COE_ContinueInd                          0x08000de1   Thumb Code    52  ecatcoe.o(i.COE_ContinueInd)
    COE_GetObjectDictionary                  0x08000e1d   Thumb Code     6  coeappl.o(i.COE_GetObjectDictionary)
    COE_Init                                 0x08000e29   Thumb Code    12  ecatcoe.o(i.COE_Init)
    COE_Main                                 0x08000e3d   Thumb Code   140  coeappl.o(i.COE_Main)
    COE_ObjDictionaryInit                    0x08000ee9   Thumb Code    34  coeappl.o(i.COE_ObjDictionaryInit)
    COE_ObjInit                              0x08000f11   Thumb Code   162  coeappl.o(i.COE_ObjInit)
    COE_RemoveDicEntry                       0x08000fed   Thumb Code    52  coeappl.o(i.COE_RemoveDicEntry)
    COE_ServiceInd                           0x08001025   Thumb Code    38  ecatcoe.o(i.COE_ServiceInd)
    COE_SyncTimeStamp                        0x0800104d   Thumb Code    68  coeappl.o(i.COE_SyncTimeStamp)
    COE_UpdateSyncErrorStatus                0x08001099   Thumb Code    56  coeappl.o(i.COE_UpdateSyncErrorStatus)
    CheckIfEcatError                         0x080010dd   Thumb Code    92  ecatslv.o(i.CheckIfEcatError)
    CheckSmSettings                          0x0800113d   Thumb Code   344  ecatslv.o(i.CheckSmSettings)
    CheckSyncTypeValue                       0x08001299   Thumb Code   128  objdef.o(i.CheckSyncTypeValue)
    DC_CheckWatchdog                         0x08001325   Thumb Code   124  ecatslv.o(i.DC_CheckWatchdog)
    DO_LED_Ctrl                              0x080013ad   Thumb Code   146  application.o(i.DO_LED_Ctrl)
    DO_LED_Off                               0x08001451   Thumb Code    72  application.o(i.DO_LED_Off)
    DebugMon_Handler                         0x080014a1   Thumb Code     2  stm32f4xx_it.o(i.DebugMon_Handler)
    DisableSyncManChannel                    0x080014a3   Thumb Code    48  ecatslv.o(i.DisableSyncManChannel)
    ECAT_Application                         0x080014d5   Thumb Code    36  ecatappl.o(i.ECAT_Application)
    ECAT_CheckTimer                          0x08001505   Thumb Code    86  ecatappl.o(i.ECAT_CheckTimer)
    ECAT_Init                                0x08001579   Thumb Code   144  ecatslv.o(i.ECAT_Init)
    ECAT_Main                                0x0800160d   Thumb Code   250  ecatslv.o(i.ECAT_Main)
    ECAT_SetLedIndication                    0x08001719   Thumb Code   308  ecatappl.o(i.ECAT_SetLedIndication)
    EXTI0_IRQHandler                         0x08001861   Thumb Code     6  stm32f4xx_it.o(i.EXTI0_IRQHandler)
    EXTI2_IRQHandler                         0x08001867   Thumb Code     6  stm32f4xx_it.o(i.EXTI2_IRQHandler)
    EnableSyncManChannel                     0x0800186d   Thumb Code    46  ecatslv.o(i.EnableSyncManChannel)
    Error_Handler                            0x0800189b   Thumb Code     4  main.o(i.Error_Handler)
    GetOutOfMbxQueue                         0x0800189f   Thumb Code    38  mailbox.o(i.GetOutOfMbxQueue)
    GetSyncMan                               0x080018c5   Thumb Code    22  ecatslv.o(i.GetSyncMan)
    GetSystemTimeDelay                       0x080018e1   Thumb Code    58  ecatappl.o(i.GetSystemTimeDelay)
    HAL_DMA_Abort                            0x08001921   Thumb Code   146  stm32f4xx_hal_dma.o(i.HAL_DMA_Abort)
    HAL_DMA_Abort_IT                         0x080019b3   Thumb Code    36  stm32f4xx_hal_dma.o(i.HAL_DMA_Abort_IT)
    HAL_Delay                                0x080019d9   Thumb Code    32  stm32f4xx_hal.o(i.HAL_Delay)
    HAL_GPIO_EXTI_Callback                   0x080019fd   Thumb Code    30  tr8253evb.o(i.HAL_GPIO_EXTI_Callback)
    HAL_GPIO_EXTI_IRQHandler                 0x08001a21   Thumb Code    18  stm32f4xx_hal_gpio.o(i.HAL_GPIO_EXTI_IRQHandler)
    HAL_GPIO_Init                            0x08001a39   Thumb Code   450  stm32f4xx_hal_gpio.o(i.HAL_GPIO_Init)
    HAL_GPIO_WritePin                        0x08001c29   Thumb Code    10  stm32f4xx_hal_gpio.o(i.HAL_GPIO_WritePin)
    HAL_GetTick                              0x08001c35   Thumb Code     6  stm32f4xx_hal.o(i.HAL_GetTick)
    HAL_IncTick                              0x08001c41   Thumb Code    12  stm32f4xx_hal.o(i.HAL_IncTick)
    HAL_Init                                 0x08001c51   Thumb Code    48  stm32f4xx_hal.o(i.HAL_Init)
    HAL_InitTick                             0x08001c85   Thumb Code    54  stm32f4xx_hal.o(i.HAL_InitTick)
    HAL_MspInit                              0x08001cc5   Thumb Code    48  stm32f4xx_hal_msp.o(i.HAL_MspInit)
    HAL_NVIC_EnableIRQ                       0x08001cf9   Thumb Code    26  stm32f4xx_hal_cortex.o(i.HAL_NVIC_EnableIRQ)
    HAL_NVIC_SetPriority                     0x08001d15   Thumb Code    60  stm32f4xx_hal_cortex.o(i.HAL_NVIC_SetPriority)
    HAL_NVIC_SetPriorityGrouping             0x08001d55   Thumb Code    26  stm32f4xx_hal_cortex.o(i.HAL_NVIC_SetPriorityGrouping)
    HAL_RCC_ClockConfig                      0x08001d79   Thumb Code   288  stm32f4xx_hal_rcc.o(i.HAL_RCC_ClockConfig)
    HAL_RCC_GetSysClockFreq                  0x08001ead   Thumb Code    88  stm32f4xx_hal_rcc.o(i.HAL_RCC_GetSysClockFreq)
    HAL_RCC_OscConfig                        0x08001f11   Thumb Code   856  stm32f4xx_hal_rcc.o(i.HAL_RCC_OscConfig)
    HAL_SPI_Init                             0x0800227d   Thumb Code   188  stm32f4xx_hal_spi.o(i.HAL_SPI_Init)
    HAL_SPI_MspInit                          0x08002339   Thumb Code    92  spi.o(i.HAL_SPI_MspInit)
    HAL_SYSTICK_Config                       0x080023a1   Thumb Code    40  stm32f4xx_hal_cortex.o(i.HAL_SYSTICK_Config)
    HAL_TIMEx_MasterConfigSynchronization    0x080023c9   Thumb Code   116  stm32f4xx_hal_tim_ex.o(i.HAL_TIMEx_MasterConfigSynchronization)
    HAL_TIM_Base_Init                        0x08002459   Thumb Code    90  stm32f4xx_hal_tim.o(i.HAL_TIM_Base_Init)
    HAL_TIM_Base_MspInit                     0x080024b5   Thumb Code    30  tim.o(i.HAL_TIM_Base_MspInit)
    HAL_TIM_Base_Start                       0x080024dd   Thumb Code    90  stm32f4xx_hal_tim.o(i.HAL_TIM_Base_Start)
    HAL_TIM_ConfigClockSource                0x08002555   Thumb Code   220  stm32f4xx_hal_tim.o(i.HAL_TIM_ConfigClockSource)
    HAL_UARTEx_RxEventCallback               0x08002631   Thumb Code     2  stm32f4xx_hal_uart.o(i.HAL_UARTEx_RxEventCallback)
    HAL_UART_ErrorCallback                   0x08002633   Thumb Code     2  stm32f4xx_hal_uart.o(i.HAL_UART_ErrorCallback)
    HAL_UART_IRQHandler                      0x08002635   Thumb Code   636  stm32f4xx_hal_uart.o(i.HAL_UART_IRQHandler)
    HAL_UART_Receive_IT                      0x080028b5   Thumb Code    28  stm32f4xx_hal_uart.o(i.HAL_UART_Receive_IT)
    HAL_UART_RxCpltCallback                  0x080028d1   Thumb Code    40  usart.o(i.HAL_UART_RxCpltCallback)
    HAL_UART_TxCpltCallback                  0x08002905   Thumb Code     2  stm32f4xx_hal_uart.o(i.HAL_UART_TxCpltCallback)
    HW_EscRead                               0x08002909   Thumb Code    60  tr8253evb.o(i.HW_EscRead)
    HW_EscReadIsr                            0x08002949   Thumb Code    54  tr8253evb.o(i.HW_EscReadIsr)
    HW_EscWrite                              0x08002985   Thumb Code    58  tr8253evb.o(i.HW_EscWrite)
    HW_EscWriteIsr                           0x080029c5   Thumb Code    50  tr8253evb.o(i.HW_EscWriteIsr)
    HW_GetALEventRegister                    0x080029fd   Thumb Code    18  tr8253evb.o(i.HW_GetALEventRegister)
    HW_GetALEventRegister_Isr                0x08002a15   Thumb Code    18  tr8253evb.o(i.HW_GetALEventRegister_Isr)
    HW_Init                                  0x08002a2d   Thumb Code    90  tr8253evb.o(i.HW_Init)
    HW_Release                               0x08002a8d   Thumb Code     2  tr8253evb.o(i.HW_Release)
    HandleCycleTimeMeasurement               0x08002a91   Thumb Code    56  ecatappl.o(i.HandleCycleTimeMeasurement)
    HardFault_Handler                        0x08002ad9   Thumb Code     2  stm32f4xx_it.o(i.HardFault_Handler)
    MBX_CheckAndCopyMailbox                  0x08002add   Thumb Code   194  mailbox.o(i.MBX_CheckAndCopyMailbox)
    MBX_CopyToSendMailbox                    0x08002ba9   Thumb Code   156  mailbox.o(i.MBX_CopyToSendMailbox)
    MBX_Init                                 0x08002c51   Thumb Code   102  mailbox.o(i.MBX_Init)
    MBX_MailboxReadInd                       0x08002cc1   Thumb Code    86  mailbox.o(i.MBX_MailboxReadInd)
    MBX_MailboxRepeatReq                     0x08002d21   Thumb Code    58  mailbox.o(i.MBX_MailboxRepeatReq)
    MBX_MailboxSendReq                       0x08002d61   Thumb Code   108  mailbox.o(i.MBX_MailboxSendReq)
    MBX_MailboxWriteInd                      0x08002dd9   Thumb Code    94  mailbox.o(i.MBX_MailboxWriteInd)
    MBX_Main                                 0x08002e41   Thumb Code    66  mailbox.o(i.MBX_Main)
    MBX_StartMailboxHandler                  0x08002e8d   Thumb Code   108  mailbox.o(i.MBX_StartMailboxHandler)
    MBX_StopMailboxHandler                   0x08002efd   Thumb Code   160  mailbox.o(i.MBX_StopMailboxHandler)
    MX_GPIO_Init                             0x08002fa5   Thumb Code   302  gpio.o(i.MX_GPIO_Init)
    MX_SPI1_Init                             0x080030e9   Thumb Code    62  spi.o(i.MX_SPI1_Init)
    MX_TIM3_Init                             0x08003131   Thumb Code    94  tim.o(i.MX_TIM3_Init)
    MailboxServiceInd                        0x08003199   Thumb Code    18  mailbox.o(i.MailboxServiceInd)
    MainInit                                 0x080031ad   Thumb Code   118  ecatappl.o(i.MainInit)
    MainLoop                                 0x08003229   Thumb Code   162  ecatappl.o(i.MainLoop)
    MemManage_Handler                        0x080032ed   Thumb Code     2  stm32f4xx_it.o(i.MemManage_Handler)
    NMI_Handler                              0x080032ef   Thumb Code     2  stm32f4xx_it.o(i.NMI_Handler)
    OBJ_CopyNumberToString                   0x080032f1   Thumb Code    48  objdef.o(i.OBJ_CopyNumberToString)
    OBJ_GetDesc                              0x08003321   Thumb Code   142  objdef.o(i.OBJ_GetDesc)
    OBJ_GetEntryDesc                         0x080033b5   Thumb Code    30  objdef.o(i.OBJ_GetEntryDesc)
    OBJ_GetEntryOffset                       0x080033d3   Thumb Code   208  objdef.o(i.OBJ_GetEntryOffset)
    OBJ_GetNoOfObjects                       0x080034a3   Thumb Code    90  objdef.o(i.OBJ_GetNoOfObjects)
    OBJ_GetObjDesc                           0x080034fd   Thumb Code     4  objdef.o(i.OBJ_GetObjDesc)
    OBJ_GetObjectHandle                      0x08003501   Thumb Code    24  objdef.o(i.OBJ_GetObjectHandle)
    OBJ_GetObjectLength                      0x08003519   Thumb Code   130  objdef.o(i.OBJ_GetObjectLength)
    OBJ_GetObjectList                        0x0800359d   Thumb Code   152  objdef.o(i.OBJ_GetObjectList)
    OBJ_Read                                 0x08003639   Thumb Code   848  objdef.o(i.OBJ_Read)
    OBJ_Write                                0x08003991   Thumb Code  1060  objdef.o(i.OBJ_Write)
    PDI_ClearTimer                           0x08003dc9   Thumb Code    10  tr8253evb.o(i.PDI_ClearTimer)
    PDI_GetTimer                             0x08003dd9   Thumb Code    10  tr8253evb.o(i.PDI_GetTimer)
    PDI_Isr                                  0x08003de9   Thumb Code   184  ecatappl.o(i.PDI_Isr)
    PDO_InputMapping                         0x08003ed1   Thumb Code    80  ecatappl.o(i.PDO_InputMapping)
    PDO_OutputMapping                        0x08003f35   Thumb Code    92  ecatappl.o(i.PDO_OutputMapping)
    PendSV_Handler                           0x08003fa9   Thumb Code     2  stm32f4xx_it.o(i.PendSV_Handler)
    PutInMbxQueue                            0x08003fab   Thumb Code    38  mailbox.o(i.PutInMbxQueue)
    Read0x10F8                               0x08003fd1   Thumb Code    58  coeappl.o(i.Read0x10F8)
    ResetALEventMask                         0x08004011   Thumb Code    52  ecatslv.o(i.ResetALEventMask)
    SDOS_SdoInd                              0x08004089   Thumb Code   722  sdoserv.o(i.SDOS_SdoInd)
    SDOS_SdoInfoInd                          0x08004369   Thumb Code   584  sdoserv.o(i.SDOS_SdoInfoInd)
    SDOS_SdoRes                              0x080045c9   Thumb Code   136  sdoserv.o(i.SDOS_SdoRes)
    SODS_ClearPendingResponse                0x08004659   Thumb Code    70  sdoserv.o(i.SODS_ClearPendingResponse)
    SVC_Handler                              0x080046ad   Thumb Code     2  stm32f4xx_it.o(i.SVC_Handler)
    SdoRes                                   0x08004895   Thumb Code   178  sdoserv.o(i.SdoRes)
    SetALEventMask                           0x08004a69   Thumb Code    52  ecatslv.o(i.SetALEventMask)
    SetALStatus                              0x08004a9d   Thumb Code   104  ecatslv.o(i.SetALStatus)
    StartInputHandler                        0x08004b09   Thumb Code   966  ecatslv.o(i.StartInputHandler)
    StartOutputHandler                       0x08004efd   Thumb Code    42  ecatslv.o(i.StartOutputHandler)
    StopInputHandler                         0x08004f35   Thumb Code    92  ecatslv.o(i.StopInputHandler)
    StopOutputHandler                        0x08004fa1   Thumb Code    10  ecatslv.o(i.StopOutputHandler)
    Sync0_Isr                                0x08004fb1   Thumb Code   200  ecatappl.o(i.Sync0_Isr)
    SysTick_Handler                          0x080050a9   Thumb Code     4  stm32f4xx_it.o(i.SysTick_Handler)
    SystemClock_Config                       0x080050ad   Thumb Code   142  main.o(i.SystemClock_Config)
    SystemInit                               0x08005145   Thumb Code    12  system_stm32f4xx.o(i.SystemInit)
    TIM_Base_SetConfig                       0x08005155   Thumb Code   170  stm32f4xx_hal_tim.o(i.TIM_Base_SetConfig)
    TIM_ETR_SetConfig                        0x0800522d   Thumb Code    20  stm32f4xx_hal_tim.o(i.TIM_ETR_SetConfig)
    UART_Start_Receive_IT                    0x080053b5   Thumb Code    54  stm32f4xx_hal_uart.o(i.UART_Start_Receive_IT)
    USART6_IRQHandler                        0x080053ed   Thumb Code     6  usart.o(i.USART6_IRQHandler)
    UpdateEEPROMLoadedState                  0x080053f9   Thumb Code    44  ecatslv.o(i.UpdateEEPROMLoadedState)
    UsageFault_Handler                       0x08005429   Thumb Code     2  stm32f4xx_it.o(i.UsageFault_Handler)
    main                                     0x080054a1   Thumb Code    62  main.o(i.main)
    _fp_init                                 0x080054e5   Thumb Code    10  fpinit.o(x$fpl$fpinit)
    __fplib_config_fpu_vfp                   0x080054ed   Thumb Code     0  fpinit.o(x$fpl$fpinit)
    __fplib_config_pureend_doubles           0x080054ed   Thumb Code     0  fpinit.o(x$fpl$fpinit)
    AHBPrescTable                            0x080054ee   Data          16  system_stm32f4xx.o(.constdata)
    asEntryDesc0x1600                        0x080054fe   Data         102  coeappl.o(.constdata)
    aName0x1600                              0x08005564   Data         219  coeappl.o(.constdata)
    asEntryDesc0x1A00                        0x08005640   Data         102  coeappl.o(.constdata)
    aName0x1A00                              0x080056a6   Data         219  coeappl.o(.constdata)
    asEntryDesc0x1C12                        0x08005782   Data          12  coeappl.o(.constdata)
    aName0x1C12                              0x0800578e   Data          27  coeappl.o(.constdata)
    asEntryDesc0x1C13                        0x080057aa   Data          12  coeappl.o(.constdata)
    aName0x1C13                              0x080057b6   Data          27  coeappl.o(.constdata)
    asEntryDesc0x6000                        0x080057d2   Data         102  coeappl.o(.constdata)
    aName0x6000                              0x08005838   Data          98  coeappl.o(.constdata)
    asEntryDesc0x7000                        0x0800589a   Data         102  coeappl.o(.constdata)
    aName0x7000                              0x08005900   Data          98  coeappl.o(.constdata)
    asEntryDesc0xF008                        0x08005962   Data          30  coeappl.o(.constdata)
    aName0xF008                              0x08005980   Data          96  coeappl.o(.constdata)
    sEntryDesc0x1000                         0x080059e0   Data           6  coeappl.o(.constdata)
    aName0x1000                              0x080059e6   Data          12  coeappl.o(.constdata)
    sEntryDesc0x1001                         0x080059f2   Data           6  coeappl.o(.constdata)
    aName0x1001                              0x080059f8   Data          15  coeappl.o(.constdata)
    sEntryDesc0x1008                         0x08005a08   Data           6  coeappl.o(.constdata)
    aName0x1008                              0x08005a0e   Data          12  coeappl.o(.constdata)
    sEntryDesc0x1009                         0x08005a1a   Data           6  coeappl.o(.constdata)
    aName0x1009                              0x08005a20   Data          17  coeappl.o(.constdata)
    sEntryDesc0x100A                         0x08005a32   Data           6  coeappl.o(.constdata)
    aName0x100A                              0x08005a38   Data          17  coeappl.o(.constdata)
    asEntryDesc0x1018                        0x08005a4a   Data          30  coeappl.o(.constdata)
    aName0x1018                              0x08005a68   Data          57  coeappl.o(.constdata)
    asEntryDesc0x10F1                        0x08005aa2   Data          18  coeappl.o(.constdata)
    aName0x10F1                              0x08005ab4   Data          63  coeappl.o(.constdata)
    sEntryDesc0x10F8                         0x08005af4   Data           6  coeappl.o(.constdata)
    aName0x10F8                              0x08005afa   Data          19  coeappl.o(.constdata)
    asEntryDesc0x1C00                        0x08005b0e   Data          12  coeappl.o(.constdata)
    aName0x1C00                              0x08005b1a   Data          18  coeappl.o(.constdata)
    asEntryDesc0x1C3x                        0x08005b2c   Data         198  coeappl.o(.constdata)
    aName0x1C32                              0x08005bf2   Data         256  coeappl.o(.constdata)
    aName0x1C33                              0x08005cf2   Data         255  coeappl.o(.constdata)
    cBitMask                                 0x08005df2   Data          32  objdef.o(.constdata)
    cAbortCode                               0x08005e14   Data         120  sdoserv.o(.constdata)
    Region$$Table$$Base                      0x08005e8c   Number         0  anon$$obj.o(Region$$Table)
    Region$$Table$$Limit                     0x08005eac   Number         0  anon$$obj.o(Region$$Table)
    uwTickFreq                               0x20000008   Data           1  stm32f4xx_hal.o(.data)
    uwTickPrio                               0x2000000c   Data           4  stm32f4xx_hal.o(.data)
    uwTick                                   0x20000010   Data           4  stm32f4xx_hal.o(.data)
    SystemCoreClock                          0x20000014   Data           4  system_stm32f4xx.o(.data)
    ObjDicList                               0x20000018   Data           4  coeappl.o(.data)
    u32LastDc32Value                         0x2000001c   Data           4  coeappl.o(.data)
    u32CheckForDcOverrunCnt                  0x20000020   Data           4  coeappl.o(.data)
    u64Timestamp                             0x20000028   Data           8  coeappl.o(.data)
    ApplicationObjDic                        0x20000030   Data         320  coeappl.o(.data)
    GenObjDic                                0x20000170   Data         480  coeappl.o(.data)
    u32Devicetype                            0x20000350   Data           4  coeappl.o(.data)
    u16ErrorRegister                         0x20000354   Data           2  coeappl.o(.data)
    acDevicename                             0x20000356   Data          11  coeappl.o(.data)
    acHardwareversion                        0x20000361   Data           5  coeappl.o(.data)
    acSoftwareversion                        0x20000366   Data           5  coeappl.o(.data)
    sIdentity                                0x2000036c   Data          20  coeappl.o(.data)
    sSyncmanagertype                         0x20000380   Data           6  coeappl.o(.data)
    bInitFinished                            0x20000388   Data           1  ecatappl.o(.data)
    bEtherCATRunLed                          0x2000038b   Data           1  ecatappl.o(.data)
    bEtherCATErrorLed                        0x2000038c   Data           1  ecatappl.o(.data)
    bMinCycleTimeMeasurementStarted          0x2000038d   Data           1  ecatappl.o(.data)
    pAPPL_MainLoop                           0x20000394   Data           4  ecatappl.o(.data)
    u32CycleTimeStartValue                   0x20000398   Data           4  ecatappl.o(.data)
    u32MinCycleTimeStartValue                0x2000039c   Data           4  ecatappl.o(.data)
    u32SystemTimeReadFailure                 0x200003a0   Data           4  ecatappl.o(.data)
    u32MinCycleTimeValue                     0x200003a4   Data           4  ecatappl.o(.data)
    bRunApplication                          0x200003a8   Data           1  ecatappl.o(.data)
    pCoeSendStored                           0x200003ac   Data           4  ecatcoe.o(.data)
    EepromLoaded                             0x200003b0   Data           1  ecatslv.o(.data)
    bEcatOutputUpdateRunning                 0x200003b1   Data           1  ecatslv.o(.data)
    bEcatInputUpdateRunning                  0x200003b2   Data           1  ecatslv.o(.data)
    bEcatFirstOutputsReceived                0x200003b3   Data           1  ecatslv.o(.data)
    bWdTrigger                               0x200003b4   Data           1  ecatslv.o(.data)
    bDcSyncActive                            0x200003b5   Data           1  ecatslv.o(.data)
    bDcRunning                               0x200003b6   Data           1  ecatslv.o(.data)
    bSmSyncSequenceValid                     0x200003b7   Data           1  ecatslv.o(.data)
    bEscIntEnabled                           0x200003b8   Data           1  ecatslv.o(.data)
    b3BufferMode                             0x200003b9   Data           1  ecatslv.o(.data)
    bLocalErrorFlag                          0x200003ba   Data           1  ecatslv.o(.data)
    bApplEsmPending                          0x200003bb   Data           1  ecatslv.o(.data)
    bEcatWaitForAlControlRes                 0x200003bc   Data           1  ecatslv.o(.data)
    u8EcatErrorLed                           0x200003bd   Data           1  ecatslv.o(.data)
    nMaxSyncMan                              0x200003be   Data           1  ecatslv.o(.data)
    nAlStatus                                0x200003bf   Data           1  ecatslv.o(.data)
    SMActivate                               0x200003c0   Data           2  ecatslv.o(.data)
    EsmTimeoutCounter                        0x200003c2   Data           2  ecatslv.o(.data)
    u16SmSync0Counter                        0x200003c4   Data           2  ecatslv.o(.data)
    u16SmSync0Value                          0x200003c6   Data           2  ecatslv.o(.data)
    i16WaitForPllRunningTimeout              0x200003c8   Data           2  ecatslv.o(.data)
    i16WaitForPllRunningCnt                  0x200003ca   Data           2  ecatslv.o(.data)
    Sync0WdCounter                           0x200003cc   Data           2  ecatslv.o(.data)
    Sync0WdValue                             0x200003ce   Data           2  ecatslv.o(.data)
    Sync1WdCounter                           0x200003d0   Data           2  ecatslv.o(.data)
    Sync1WdValue                             0x200003d2   Data           2  ecatslv.o(.data)
    LatchInputSync0Value                     0x200003d4   Data           2  ecatslv.o(.data)
    LatchInputSync0Counter                   0x200003d6   Data           2  ecatslv.o(.data)
    u16LocalErrorCode                        0x200003d8   Data           2  ecatslv.o(.data)
    nEcatStateTrans                          0x200003da   Data           2  ecatslv.o(.data)
    nPdInputSize                             0x200003dc   Data           2  ecatslv.o(.data)
    nPdOutputSize                            0x200003de   Data           2  ecatslv.o(.data)
    nMaxEscAddress                           0x200003e0   Data           2  ecatslv.o(.data)
    EcatWdValue                              0x200003e2   Data           2  ecatslv.o(.data)
    nEscAddrOutputData                       0x200003e4   Data           2  ecatslv.o(.data)
    nEscAddrInputData                        0x200003e6   Data           2  ecatslv.o(.data)
    u16ALEventMask                           0x200003e8   Data           2  ecatslv.o(.data)
    u16dummy                                 0x200003ea   Data           2  ecatslv.o(.data)
    SyncManInfo                              0x200003ec   Data           8  ecatslv.o(.data)
    b32BitDc                                 0x200003f4   Data           1  ecatslv.o(.data)
    u8EcatRunLed                             0x200003f5   Data           1  ecatslv.o(.data)
    bReceiveMbxIsLocked                      0x200003f8   Data           1  mailbox.o(.data)
    bSendMbxIsFull                           0x200003f9   Data           1  mailbox.o(.data)
    bMbxRunning                              0x200003fa   Data           1  mailbox.o(.data)
    bMbxRepeatToggle                         0x200003fb   Data           1  mailbox.o(.data)
    u8MbxWriteCounter                        0x200003fc   Data           1  mailbox.o(.data)
    u8MbxReadCounter                         0x200003fd   Data           1  mailbox.o(.data)
    u8MailboxSendReqStored                   0x200003fe   Data           1  mailbox.o(.data)
    bNoMbxMemoryAvailable                    0x200003ff   Data           1  mailbox.o(.data)
    u16SendMbxSize                           0x20000400   Data           2  mailbox.o(.data)
    u16ReceiveMbxSize                        0x20000402   Data           2  mailbox.o(.data)
    u16EscAddrReceiveMbx                     0x20000404   Data           2  mailbox.o(.data)
    u16EscAddrSendMbx                        0x20000406   Data           2  mailbox.o(.data)
    psWriteMbx                               0x20000408   Data           4  mailbox.o(.data)
    psReadMbx                                0x2000040c   Data           4  mailbox.o(.data)
    psRepeatMbx                              0x20000410   Data           4  mailbox.o(.data)
    psStoreMbx                               0x20000414   Data           4  mailbox.o(.data)
    DOUnit20x1600                            0x20000418   Data         516  ssc-device.o(.data)
    DIUnit10x1A00                            0x2000061c   Data         516  ssc-device.o(.data)
    sRxPDOassign                             0x20000820   Data           4  ssc-device.o(.data)
    sTxPDOassign                             0x20000824   Data           4  ssc-device.o(.data)
    DIUnit10x6000                            0x20000828   Data         258  ssc-device.o(.data)
    DOUnit20x7000                            0x2000092a   Data         258  ssc-device.o(.data)
    ParametersHanding0xF008                  0x20000a2c   Data          10  ssc-device.o(.data)
    sErrorSettings                           0x20000a38   Data          12  objdef.o(.data)
    bSyncSetByUser                           0x20000a44   Data           1  objdef.o(.data)
    aSubindexDesc                            0x20000a45   Data          13  objdef.o(.data)
    sCycleDiag                               0x20000a52   Data           2  objdef.o(.data)
    bSdoInWork                               0x20000a54   Data           1  sdoserv.o(.data)
    u8PendingSdo                             0x20000a55   Data           1  sdoserv.o(.data)
    bStoreCompleteAccess                     0x20000a56   Data           1  sdoserv.o(.data)
    u8StoreSubindex                          0x20000a57   Data           1  sdoserv.o(.data)
    nSdoSegService                           0x20000a58   Data           1  sdoserv.o(.data)
    bSdoSegFollows                           0x20000a59   Data           1  sdoserv.o(.data)
    bSdoSegAccess                            0x20000a5a   Data           1  sdoserv.o(.data)
    nSdoSegSubindex                          0x20000a5b   Data           1  sdoserv.o(.data)
    bSdoSegLastToggle                        0x20000a5c   Data           1  sdoserv.o(.data)
    u16StoreIndex                            0x20000a5e   Data           2  sdoserv.o(.data)
    nSdoInfoFragmentsLeft                    0x20000a60   Data           2  sdoserv.o(.data)
    nSdoInfoIndex                            0x20000a62   Data           2  sdoserv.o(.data)
    nSdoSegIndex                             0x20000a64   Data           2  sdoserv.o(.data)
    u32StoreDataSize                         0x20000a68   Data           4  sdoserv.o(.data)
    pStoreData                               0x20000a6c   Data           4  sdoserv.o(.data)
    pSdoPendFunc                             0x20000a70   Data           4  sdoserv.o(.data)
    pSdoSegData                              0x20000a74   Data           4  sdoserv.o(.data)
    pSdoResStored                            0x20000a78   Data           4  sdoserv.o(.data)
    nSdoSegBytesToHandle                     0x20000a7c   Data           4  sdoserv.o(.data)
    nSdoSegCompleteSize                      0x20000a80   Data           4  sdoserv.o(.data)
    pSdoSegObjEntry                          0x20000a84   Data           4  sdoserv.o(.data)
    pSdoInfoObjEntry                         0x20000a88   Data           4  sdoserv.o(.data)
    EscALEvent                               0x20000a8c   Data           2  tr8253evb.o(.data)
    hspi1                                    0x20000a90   Data          88  spi.o(.bss)
    htim3                                    0x20000ae8   Data          72  tim.o(.bss)
    aPdOutputData                            0x20000c78   Data        1024  ecatappl.o(.bss)
    aPdInputData                             0x20001078   Data        1024  ecatappl.o(.bss)
    sMbxSendQueue                            0x20001478   Data          52  mailbox.o(.bss)
    sMbxReceiveQueue                         0x200014ac   Data          52  mailbox.o(.bss)
    sSyncManOutPar                           0x200014e0   Data          68  objdef.o(.bss)
    sSyncManInPar                            0x20001524   Data          68  objdef.o(.bss)
    aSdoInfoHeader                           0x20001568   Data          14  sdoserv.o(.bss)
    __libspace_start                         0x20001578   Data          96  libspace.o(.bss)
    __temporary_stack_top$libspace           0x200015d8   Data           0  libspace.o(.bss)



==============================================================================

Memory Map of the image

  Image Entry point : 0x08000189

  Load Region LR_IROM1 (Base: 0x08000000, Size: 0x0000693c, Max: 0x00080000, ABSOLUTE, COMPRESSED[0x00006338])

    Execution Region ER_IROM1 (Base: 0x08000000, Size: 0x00005eac, Max: 0x00080000, ABSOLUTE)

    Base Addr    Size         Type   Attr      Idx    E Section Name        Object

    0x08000000   0x00000188   Data   RO            3    RESET               startup_stm32f407xx.o
    0x08000188   0x00000008   Code   RO         4657  * !!!main             c_w.l(__main.o)
    0x08000190   0x00000034   Code   RO         4869    !!!scatter          c_w.l(__scatter.o)
    0x080001c4   0x0000005a   Code   RO         4867    !!dczerorl2         c_w.l(__dczerorl2.o)
    0x0800021e   0x00000002   PAD
    0x08000220   0x0000001c   Code   RO         4871    !!handler_zi        c_w.l(__scatter_zi.o)
    0x0800023c   0x00000002   Code   RO         4807    .ARM.Collect$$libinit$$00000000  c_w.l(libinit.o)
    0x0800023e   0x00000004   Code   RO         4693    .ARM.Collect$$libinit$$00000001  c_w.l(libinit2.o)
    0x08000242   0x00000000   Code   RO         4696    .ARM.Collect$$libinit$$00000004  c_w.l(libinit2.o)
    0x08000242   0x00000008   Code   RO         4697    .ARM.Collect$$libinit$$00000005  c_w.l(libinit2.o)
    0x0800024a   0x00000000   Code   RO         4699    .ARM.Collect$$libinit$$0000000A  c_w.l(libinit2.o)
    0x0800024a   0x00000000   Code   RO         4701    .ARM.Collect$$libinit$$0000000C  c_w.l(libinit2.o)
    0x0800024a   0x00000000   Code   RO         4703    .ARM.Collect$$libinit$$0000000E  c_w.l(libinit2.o)
    0x0800024a   0x00000000   Code   RO         4706    .ARM.Collect$$libinit$$00000011  c_w.l(libinit2.o)
    0x0800024a   0x00000000   Code   RO         4708    .ARM.Collect$$libinit$$00000013  c_w.l(libinit2.o)
    0x0800024a   0x00000000   Code   RO         4710    .ARM.Collect$$libinit$$00000015  c_w.l(libinit2.o)
    0x0800024a   0x00000000   Code   RO         4712    .ARM.Collect$$libinit$$00000017  c_w.l(libinit2.o)
    0x0800024a   0x00000000   Code   RO         4714    .ARM.Collect$$libinit$$00000019  c_w.l(libinit2.o)
    0x0800024a   0x00000000   Code   RO         4716    .ARM.Collect$$libinit$$0000001B  c_w.l(libinit2.o)
    0x0800024a   0x00000000   Code   RO         4718    .ARM.Collect$$libinit$$0000001D  c_w.l(libinit2.o)
    0x0800024a   0x00000000   Code   RO         4720    .ARM.Collect$$libinit$$0000001F  c_w.l(libinit2.o)
    0x0800024a   0x00000000   Code   RO         4722    .ARM.Collect$$libinit$$00000021  c_w.l(libinit2.o)
    0x0800024a   0x00000000   Code   RO         4724    .ARM.Collect$$libinit$$00000023  c_w.l(libinit2.o)
    0x0800024a   0x00000000   Code   RO         4726    .ARM.Collect$$libinit$$00000025  c_w.l(libinit2.o)
    0x0800024a   0x00000000   Code   RO         4730    .ARM.Collect$$libinit$$0000002C  c_w.l(libinit2.o)
    0x0800024a   0x00000000   Code   RO         4732    .ARM.Collect$$libinit$$0000002E  c_w.l(libinit2.o)
    0x0800024a   0x00000000   Code   RO         4734    .ARM.Collect$$libinit$$00000030  c_w.l(libinit2.o)
    0x0800024a   0x00000000   Code   RO         4736    .ARM.Collect$$libinit$$00000032  c_w.l(libinit2.o)
    0x0800024a   0x00000002   Code   RO         4737    .ARM.Collect$$libinit$$00000033  c_w.l(libinit2.o)
    0x0800024c   0x00000002   Code   RO         4864    .ARM.Collect$$libshutdown$$00000000  c_w.l(libshutdown.o)
    0x0800024e   0x00000000   Code   RO         4824    .ARM.Collect$$libshutdown$$00000003  c_w.l(libshutdown2.o)
    0x0800024e   0x00000000   Code   RO         4827    .ARM.Collect$$libshutdown$$00000006  c_w.l(libshutdown2.o)
    0x0800024e   0x00000000   Code   RO         4830    .ARM.Collect$$libshutdown$$00000009  c_w.l(libshutdown2.o)
    0x0800024e   0x00000000   Code   RO         4832    .ARM.Collect$$libshutdown$$0000000B  c_w.l(libshutdown2.o)
    0x0800024e   0x00000000   Code   RO         4835    .ARM.Collect$$libshutdown$$0000000E  c_w.l(libshutdown2.o)
    0x0800024e   0x00000002   Code   RO         4836    .ARM.Collect$$libshutdown$$0000000F  c_w.l(libshutdown2.o)
    0x08000250   0x00000000   Code   RO         4661    .ARM.Collect$$rtentry$$00000000  c_w.l(__rtentry.o)
    0x08000250   0x00000000   Code   RO         4744    .ARM.Collect$$rtentry$$00000002  c_w.l(__rtentry2.o)
    0x08000250   0x00000006   Code   RO         4756    .ARM.Collect$$rtentry$$00000004  c_w.l(__rtentry4.o)
    0x08000256   0x00000000   Code   RO         4746    .ARM.Collect$$rtentry$$00000009  c_w.l(__rtentry2.o)
    0x08000256   0x00000004   Code   RO         4747    .ARM.Collect$$rtentry$$0000000A  c_w.l(__rtentry2.o)
    0x0800025a   0x00000000   Code   RO         4749    .ARM.Collect$$rtentry$$0000000C  c_w.l(__rtentry2.o)
    0x0800025a   0x00000008   Code   RO         4750    .ARM.Collect$$rtentry$$0000000D  c_w.l(__rtentry2.o)
    0x08000262   0x00000002   Code   RO         4810    .ARM.Collect$$rtexit$$00000000  c_w.l(rtexit.o)
    0x08000264   0x00000000   Code   RO         4840    .ARM.Collect$$rtexit$$00000002  c_w.l(rtexit2.o)
    0x08000264   0x00000004   Code   RO         4841    .ARM.Collect$$rtexit$$00000003  c_w.l(rtexit2.o)
    0x08000268   0x00000006   Code   RO         4842    .ARM.Collect$$rtexit$$00000004  c_w.l(rtexit2.o)
    0x0800026e   0x00000002   PAD
    0x08000270   0x00000000   Code   RO         4762    .emb_text           c_w.l(maybetermalloc1.o)
    0x08000270   0x00000040   Code   RO            4    .text               startup_stm32f407xx.o
    0x080002b0   0x0000005e   Code   RO         4583    .text               c_w.l(h1_alloc.o)
    0x0800030e   0x0000004e   Code   RO         4585    .text               c_w.l(h1_free.o)
    0x0800035c   0x000000ee   Code   RO         4641    .text               c_w.l(lludivv7m.o)
    0x0800044a   0x0000003e   Code   RO         4645    .text               c_w.l(strlen.o)
    0x08000488   0x0000008a   Code   RO         4647    .text               c_w.l(rt_memcpy_v6.o)
    0x08000512   0x00000064   Code   RO         4649    .text               c_w.l(rt_memcpy_w.o)
    0x08000576   0x0000004e   Code   RO         4653    .text               c_w.l(rt_memclr_w.o)
    0x080005c4   0x00000006   Code   RO         4655    .text               c_w.l(heapauxi.o)
    0x080005ca   0x00000002   PAD
    0x080005cc   0x00000008   Code   RO         4669    .text               c_w.l(rt_heap_descriptor_intlibspace.o)
    0x080005d4   0x00000004   Code   RO         4671    .text               c_w.l(hguard.o)
    0x080005d8   0x0000008a   Code   RO         4673    .text               c_w.l(init_alloc.o)
    0x08000662   0x0000000e   Code   RO         4677    .text               c_w.l(h1_init.o)
    0x08000670   0x00000008   Code   RO         4740    .text               c_w.l(libspace.o)
    0x08000678   0x00000034   Code   RO         4764    .text               c_w.l(h1_extend.o)
    0x080006ac   0x0000000e   Code   RO         4768    .text               c_w.l(defsig_rtmem_outer.o)
    0x080006ba   0x00000002   Code   RO         4779    .text               c_w.l(use_no_semi.o)
    0x080006bc   0x00000000   Code   RO         4781    .text               c_w.l(indicate_semi.o)
    0x080006bc   0x0000004a   Code   RO         4782    .text               c_w.l(sys_stackheap_outer.o)
    0x08000706   0x0000000c   Code   RO         4788    .text               c_w.l(exit.o)
    0x08000712   0x0000000a   Code   RO         4790    .text               c_w.l(defsig_exit.o)
    0x0800071c   0x00000050   Code   RO         4796    .text               c_w.l(defsig_rtmem_inner.o)
    0x0800076c   0x0000000c   Code   RO         4808    .text               c_w.l(sys_exit.o)
    0x08000778   0x00000032   Code   RO         4818    .text               c_w.l(defsig_general.o)
    0x080007aa   0x0000000e   Code   RO         4837    .text               c_w.l(sys_wrch.o)
    0x080007b8   0x00000360   Code   RO         3672    i.AL_ControlInd     ecatslv.o
    0x08000b18   0x0000018c   Code   RO         3673    i.AL_ControlRes     ecatslv.o
    0x08000ca4   0x00000002   Code   RO         3950    i.APPL_AckErrorInd  ssc-device.o
    0x08000ca6   0x00000002   PAD
    0x08000ca8   0x00000014   Code   RO         3951    i.APPL_Application  ssc-device.o
    0x08000cbc   0x00000010   Code   RO         4360    i.APPL_CoeRxPdoMapping  application.o
    0x08000ccc   0x0000000c   Code   RO         4361    i.APPL_CoeTxPdoMapping  application.o
    0x08000cd8   0x0000000c   Code   RO         3952    i.APPL_GenerateMapping  ssc-device.o
    0x08000ce4   0x00000004   Code   RO         3953    i.APPL_InputMapping  ssc-device.o
    0x08000ce8   0x00000004   Code   RO         3954    i.APPL_OutputMapping  ssc-device.o
    0x08000cec   0x00000004   Code   RO         3955    i.APPL_StartInputHandler  ssc-device.o
    0x08000cf0   0x00000004   Code   RO         3956    i.APPL_StartMailboxHandler  ssc-device.o
    0x08000cf4   0x00000004   Code   RO         3957    i.APPL_StartOutputHandler  ssc-device.o
    0x08000cf8   0x00000004   Code   RO         3958    i.APPL_StopInputHandler  ssc-device.o
    0x08000cfc   0x00000004   Code   RO         3959    i.APPL_StopMailboxHandler  ssc-device.o
    0x08000d00   0x0000000a   Code   RO         3960    i.APPL_StopOutputHandler  ssc-device.o
    0x08000d0a   0x00000020   Code   RO         3355    i.AddObjectsToObjDictionary  coeappl.o
    0x08000d2a   0x00000002   PAD
    0x08000d2c   0x00000034   Code   RO         4228    i.AddressingEsc     tr8253evb.o
    0x08000d60   0x00000002   Code   RO          338    i.BusFault_Handler  stm32f4xx_it.o
    0x08000d62   0x00000002   PAD
    0x08000d64   0x0000005c   Code   RO         3356    i.COE_AddObjectToDic  coeappl.o
    0x08000dc0   0x00000020   Code   RO         3357    i.COE_ClearObjDictionary  coeappl.o
    0x08000de0   0x0000003c   Code   RO         3635    i.COE_ContinueInd   ecatcoe.o
    0x08000e1c   0x0000000c   Code   RO         3358    i.COE_GetObjectDictionary  coeappl.o
    0x08000e28   0x00000014   Code   RO         3636    i.COE_Init          ecatcoe.o
    0x08000e3c   0x000000ac   Code   RO         3359    i.COE_Main          coeappl.o
    0x08000ee8   0x00000028   Code   RO         3360    i.COE_ObjDictionaryInit  coeappl.o
    0x08000f10   0x000000dc   Code   RO         3361    i.COE_ObjInit       coeappl.o
    0x08000fec   0x00000038   Code   RO         3362    i.COE_RemoveDicEntry  coeappl.o
    0x08001024   0x00000026   Code   RO         3637    i.COE_ServiceInd    ecatcoe.o
    0x0800104a   0x00000002   PAD
    0x0800104c   0x0000004c   Code   RO         3363    i.COE_SyncTimeStamp  coeappl.o
    0x08001098   0x00000044   Code   RO         3364    i.COE_UpdateSyncErrorStatus  coeappl.o
    0x080010dc   0x00000060   Code   RO         3675    i.CheckIfEcatError  ecatslv.o
    0x0800113c   0x0000015c   Code   RO         3676    i.CheckSmSettings   ecatslv.o
    0x08001298   0x0000008c   Code   RO         4056    i.CheckSyncTypeValue  objdef.o
    0x08001324   0x00000088   Code   RO         3677    i.DC_CheckWatchdog  ecatslv.o
    0x080013ac   0x000000a4   Code   RO         4362    i.DO_LED_Ctrl       application.o
    0x08001450   0x00000050   Code   RO         4363    i.DO_LED_Off        application.o
    0x080014a0   0x00000002   Code   RO          339    i.DebugMon_Handler  stm32f4xx_it.o
    0x080014a2   0x00000030   Code   RO         3678    i.DisableSyncManChannel  ecatslv.o
    0x080014d2   0x00000002   PAD
    0x080014d4   0x00000030   Code   RO         3508    i.ECAT_Application  ecatappl.o
    0x08001504   0x00000074   Code   RO         3509    i.ECAT_CheckTimer   ecatappl.o
    0x08001578   0x00000094   Code   RO         3679    i.ECAT_Init         ecatslv.o
    0x0800160c   0x0000010c   Code   RO         3680    i.ECAT_Main         ecatslv.o
    0x08001718   0x00000148   Code   RO         3510    i.ECAT_SetLedIndication  ecatappl.o
    0x08001860   0x00000006   Code   RO          340    i.EXTI0_IRQHandler  stm32f4xx_it.o
    0x08001866   0x00000006   Code   RO          341    i.EXTI2_IRQHandler  stm32f4xx_it.o
    0x0800186c   0x0000002e   Code   RO         3682    i.EnableSyncManChannel  ecatslv.o
    0x0800189a   0x00000004   Code   RO           13    i.Error_Handler     main.o
    0x0800189e   0x00000026   Code   RO         3840    i.GetOutOfMbxQueue  mailbox.o
    0x080018c4   0x0000001c   Code   RO         3683    i.GetSyncMan        ecatslv.o
    0x080018e0   0x00000040   Code   RO         3511    i.GetSystemTimeDelay  ecatappl.o
    0x08001920   0x00000092   Code   RO         1293    i.HAL_DMA_Abort     stm32f4xx_hal_dma.o
    0x080019b2   0x00000024   Code   RO         1294    i.HAL_DMA_Abort_IT  stm32f4xx_hal_dma.o
    0x080019d6   0x00000002   PAD
    0x080019d8   0x00000024   Code   RO         1730    i.HAL_Delay         stm32f4xx_hal.o
    0x080019fc   0x00000024   Code   RO         4230    i.HAL_GPIO_EXTI_Callback  tr8253evb.o
    0x08001a20   0x00000018   Code   RO         1185    i.HAL_GPIO_EXTI_IRQHandler  stm32f4xx_hal_gpio.o
    0x08001a38   0x000001f0   Code   RO         1186    i.HAL_GPIO_Init     stm32f4xx_hal_gpio.o
    0x08001c28   0x0000000a   Code   RO         1190    i.HAL_GPIO_WritePin  stm32f4xx_hal_gpio.o
    0x08001c32   0x00000002   PAD
    0x08001c34   0x0000000c   Code   RO         1736    i.HAL_GetTick       stm32f4xx_hal.o
    0x08001c40   0x00000010   Code   RO         1742    i.HAL_IncTick       stm32f4xx_hal.o
    0x08001c50   0x00000034   Code   RO         1743    i.HAL_Init          stm32f4xx_hal.o
    0x08001c84   0x00000040   Code   RO         1744    i.HAL_InitTick      stm32f4xx_hal.o
    0x08001cc4   0x00000034   Code   RO          425    i.HAL_MspInit       stm32f4xx_hal_msp.o
    0x08001cf8   0x0000001a   Code   RO         1578    i.HAL_NVIC_EnableIRQ  stm32f4xx_hal_cortex.o
    0x08001d12   0x00000002   PAD
    0x08001d14   0x00000040   Code   RO         1584    i.HAL_NVIC_SetPriority  stm32f4xx_hal_cortex.o
    0x08001d54   0x00000024   Code   RO         1585    i.HAL_NVIC_SetPriorityGrouping  stm32f4xx_hal_cortex.o
    0x08001d78   0x00000134   Code   RO          832    i.HAL_RCC_ClockConfig  stm32f4xx_hal_rcc.o
    0x08001eac   0x00000064   Code   RO          841    i.HAL_RCC_GetSysClockFreq  stm32f4xx_hal_rcc.o
    0x08001f10   0x0000036c   Code   RO          844    i.HAL_RCC_OscConfig  stm32f4xx_hal_rcc.o
    0x0800227c   0x000000bc   Code   RO          520    i.HAL_SPI_Init      stm32f4xx_hal_spi.o
    0x08002338   0x00000068   Code   RO          255    i.HAL_SPI_MspInit   spi.o
    0x080023a0   0x00000028   Code   RO         1589    i.HAL_SYSTICK_Config  stm32f4xx_hal_cortex.o
    0x080023c8   0x00000090   Code   RO         2706    i.HAL_TIMEx_MasterConfigSynchronization  stm32f4xx_hal_tim_ex.o
    0x08002458   0x0000005a   Code   RO         1983    i.HAL_TIM_Base_Init  stm32f4xx_hal_tim.o
    0x080024b2   0x00000002   PAD
    0x080024b4   0x00000028   Code   RO          297    i.HAL_TIM_Base_MspInit  tim.o
    0x080024dc   0x00000078   Code   RO         1986    i.HAL_TIM_Base_Start  stm32f4xx_hal_tim.o
    0x08002554   0x000000dc   Code   RO         1992    i.HAL_TIM_ConfigClockSource  stm32f4xx_hal_tim.o
    0x08002630   0x00000002   Code   RO         2966    i.HAL_UARTEx_RxEventCallback  stm32f4xx_hal_uart.o
    0x08002632   0x00000002   Code   RO         2980    i.HAL_UART_ErrorCallback  stm32f4xx_hal_uart.o
    0x08002634   0x00000280   Code   RO         2983    i.HAL_UART_IRQHandler  stm32f4xx_hal_uart.o
    0x080028b4   0x0000001c   Code   RO         2989    i.HAL_UART_Receive_IT  stm32f4xx_hal_uart.o
    0x080028d0   0x00000034   Code   RO          449    i.HAL_UART_RxCpltCallback  usart.o
    0x08002904   0x00000002   Code   RO         2995    i.HAL_UART_TxCpltCallback  stm32f4xx_hal_uart.o
    0x08002906   0x00000002   PAD
    0x08002908   0x00000040   Code   RO         4231    i.HW_EscRead        tr8253evb.o
    0x08002948   0x0000003c   Code   RO         4232    i.HW_EscReadIsr     tr8253evb.o
    0x08002984   0x00000040   Code   RO         4233    i.HW_EscWrite       tr8253evb.o
    0x080029c4   0x00000038   Code   RO         4234    i.HW_EscWriteIsr    tr8253evb.o
    0x080029fc   0x00000018   Code   RO         4235    i.HW_GetALEventRegister  tr8253evb.o
    0x08002a14   0x00000018   Code   RO         4236    i.HW_GetALEventRegister_Isr  tr8253evb.o
    0x08002a2c   0x00000060   Code   RO         4237    i.HW_Init           tr8253evb.o
    0x08002a8c   0x00000002   Code   RO         4238    i.HW_Release        tr8253evb.o
    0x08002a8e   0x00000002   PAD
    0x08002a90   0x00000048   Code   RO         3512    i.HandleCycleTimeMeasurement  ecatappl.o
    0x08002ad8   0x00000002   Code   RO          342    i.HardFault_Handler  stm32f4xx_it.o
    0x08002ada   0x00000002   PAD
    0x08002adc   0x000000cc   Code   RO         3841    i.MBX_CheckAndCopyMailbox  mailbox.o
    0x08002ba8   0x000000a8   Code   RO         3842    i.MBX_CopyToSendMailbox  mailbox.o
    0x08002c50   0x00000070   Code   RO         3843    i.MBX_Init          mailbox.o
    0x08002cc0   0x00000060   Code   RO         3844    i.MBX_MailboxReadInd  mailbox.o
    0x08002d20   0x00000040   Code   RO         3845    i.MBX_MailboxRepeatReq  mailbox.o
    0x08002d60   0x00000078   Code   RO         3846    i.MBX_MailboxSendReq  mailbox.o
    0x08002dd8   0x00000068   Code   RO         3847    i.MBX_MailboxWriteInd  mailbox.o
    0x08002e40   0x0000004c   Code   RO         3848    i.MBX_Main          mailbox.o
    0x08002e8c   0x00000070   Code   RO         3849    i.MBX_StartMailboxHandler  mailbox.o
    0x08002efc   0x000000a8   Code   RO         3850    i.MBX_StopMailboxHandler  mailbox.o
    0x08002fa4   0x00000144   Code   RO          230    i.MX_GPIO_Init      gpio.o
    0x080030e8   0x00000048   Code   RO          256    i.MX_SPI1_Init      spi.o
    0x08003130   0x00000068   Code   RO          298    i.MX_TIM3_Init      tim.o
    0x08003198   0x00000012   Code   RO         3851    i.MailboxServiceInd  mailbox.o
    0x080031aa   0x00000002   PAD
    0x080031ac   0x0000007c   Code   RO         3513    i.MainInit          ecatappl.o
    0x08003228   0x000000c4   Code   RO         3514    i.MainLoop          ecatappl.o
    0x080032ec   0x00000002   Code   RO          343    i.MemManage_Handler  stm32f4xx_it.o
    0x080032ee   0x00000002   Code   RO          344    i.NMI_Handler       stm32f4xx_it.o
    0x080032f0   0x00000030   Code   RO         4057    i.OBJ_CopyNumberToString  objdef.o
    0x08003320   0x00000094   Code   RO         4058    i.OBJ_GetDesc       objdef.o
    0x080033b4   0x0000001e   Code   RO         4059    i.OBJ_GetEntryDesc  objdef.o
    0x080033d2   0x000000d0   Code   RO         4060    i.OBJ_GetEntryOffset  objdef.o
    0x080034a2   0x0000005a   Code   RO         4061    i.OBJ_GetNoOfObjects  objdef.o
    0x080034fc   0x00000004   Code   RO         4062    i.OBJ_GetObjDesc    objdef.o
    0x08003500   0x00000018   Code   RO         4063    i.OBJ_GetObjectHandle  objdef.o
    0x08003518   0x00000082   Code   RO         4064    i.OBJ_GetObjectLength  objdef.o
    0x0800359a   0x00000002   PAD
    0x0800359c   0x0000009c   Code   RO         4065    i.OBJ_GetObjectList  objdef.o
    0x08003638   0x00000358   Code   RO         4066    i.OBJ_Read          objdef.o
    0x08003990   0x00000438   Code   RO         4067    i.OBJ_Write         objdef.o
    0x08003dc8   0x00000010   Code   RO         4239    i.PDI_ClearTimer    tr8253evb.o
    0x08003dd8   0x00000010   Code   RO         4240    i.PDI_GetTimer      tr8253evb.o
    0x08003de8   0x000000e8   Code   RO         3515    i.PDI_Isr           ecatappl.o
    0x08003ed0   0x00000064   Code   RO         3516    i.PDO_InputMapping  ecatappl.o
    0x08003f34   0x00000074   Code   RO         3517    i.PDO_OutputMapping  ecatappl.o
    0x08003fa8   0x00000002   Code   RO          345    i.PendSV_Handler    stm32f4xx_it.o
    0x08003faa   0x00000026   Code   RO         3852    i.PutInMbxQueue     mailbox.o
    0x08003fd0   0x00000040   Code   RO         3365    i.Read0x10F8        coeappl.o
    0x08004010   0x00000034   Code   RO         3684    i.ResetALEventMask  ecatslv.o
    0x08004044   0x00000044   Code   RO         4241    i.RxTxSpiData       tr8253evb.o
    0x08004088   0x000002e0   Code   RO         4156    i.SDOS_SdoInd       sdoserv.o
    0x08004368   0x00000260   Code   RO         4157    i.SDOS_SdoInfoInd   sdoserv.o
    0x080045c8   0x00000090   Code   RO         4158    i.SDOS_SdoRes       sdoserv.o
    0x08004658   0x00000054   Code   RO         4159    i.SODS_ClearPendingResponse  sdoserv.o
    0x080046ac   0x00000002   Code   RO          346    i.SVC_Handler       stm32f4xx_it.o
    0x080046ae   0x00000002   PAD
    0x080046b0   0x000001e4   Code   RO         4160    i.SdoDownloadSegmentInd  sdoserv.o
    0x08004894   0x000000bc   Code   RO         4161    i.SdoRes            sdoserv.o
    0x08004950   0x00000118   Code   RO         4162    i.SdoUploadSegmentInd  sdoserv.o
    0x08004a68   0x00000034   Code   RO         3685    i.SetALEventMask    ecatslv.o
    0x08004a9c   0x0000006c   Code   RO         3686    i.SetALStatus       ecatslv.o
    0x08004b08   0x000003f4   Code   RO         3687    i.StartInputHandler  ecatslv.o
    0x08004efc   0x00000038   Code   RO         3688    i.StartOutputHandler  ecatslv.o
    0x08004f34   0x0000006c   Code   RO         3689    i.StopInputHandler  ecatslv.o
    0x08004fa0   0x00000010   Code   RO         3690    i.StopOutputHandler  ecatslv.o
    0x08004fb0   0x000000f8   Code   RO         3518    i.Sync0_Isr         ecatappl.o
    0x080050a8   0x00000004   Code   RO          347    i.SysTick_Handler   stm32f4xx_it.o
    0x080050ac   0x00000098   Code   RO           14    i.SystemClock_Config  main.o
    0x08005144   0x00000010   Code   RO         3318    i.SystemInit        system_stm32f4xx.o
    0x08005154   0x000000d8   Code   RO         2076    i.TIM_Base_SetConfig  stm32f4xx_hal_tim.o
    0x0800522c   0x00000014   Code   RO         2087    i.TIM_ETR_SetConfig  stm32f4xx_hal_tim.o
    0x08005240   0x00000010   Code   RO         2088    i.TIM_ITRx_SetConfig  stm32f4xx_hal_tim.o
    0x08005250   0x00000022   Code   RO         2094    i.TIM_TI1_ConfigInputStage  stm32f4xx_hal_tim.o
    0x08005272   0x00000024   Code   RO         2096    i.TIM_TI2_ConfigInputStage  stm32f4xx_hal_tim.o
    0x08005296   0x0000000e   Code   RO         2997    i.UART_DMAAbortOnError  stm32f4xx_hal_uart.o
    0x080052a4   0x0000004e   Code   RO         3007    i.UART_EndRxTransfer  stm32f4xx_hal_uart.o
    0x080052f2   0x000000c2   Code   RO         3009    i.UART_Receive_IT   stm32f4xx_hal_uart.o
    0x080053b4   0x00000036   Code   RO         3012    i.UART_Start_Receive_IT  stm32f4xx_hal_uart.o
    0x080053ea   0x00000002   PAD
    0x080053ec   0x0000000c   Code   RO          454    i.USART6_IRQHandler  usart.o
    0x080053f8   0x00000030   Code   RO         3691    i.UpdateEEPROMLoadedState  ecatslv.o
    0x08005428   0x00000002   Code   RO          348    i.UsageFault_Handler  stm32f4xx_it.o
    0x0800542a   0x00000022   Code   RO         3692    i.__NVIC_DisableIRQ  ecatslv.o
    0x0800544c   0x0000001a   Code   RO         3693    i.__NVIC_EnableIRQ  ecatslv.o
    0x08005466   0x0000001a   Code   RO         4244    i.__NVIC_EnableIRQ  tr8253evb.o
    0x08005480   0x00000020   Code   RO         1591    i.__NVIC_SetPriority  stm32f4xx_hal_cortex.o
    0x080054a0   0x00000044   Code   RO           15    i.main              main.o
    0x080054e4   0x0000000a   Code   RO         4777    x$fpl$fpinit        fz_wm.l(fpinit.o)
    0x080054ee   0x00000010   Data   RO         3319    .constdata          system_stm32f4xx.o
    0x080054fe   0x00000066   Data   RO         3366    .constdata          coeappl.o
    0x08005564   0x000000db   Data   RO         3367    .constdata          coeappl.o
    0x0800563f   0x00000001   PAD
    0x08005640   0x00000066   Data   RO         3368    .constdata          coeappl.o
    0x080056a6   0x000000db   Data   RO         3369    .constdata          coeappl.o
    0x08005781   0x00000001   PAD
    0x08005782   0x0000000c   Data   RO         3370    .constdata          coeappl.o
    0x0800578e   0x0000001b   Data   RO         3371    .constdata          coeappl.o
    0x080057a9   0x00000001   PAD
    0x080057aa   0x0000000c   Data   RO         3372    .constdata          coeappl.o
    0x080057b6   0x0000001b   Data   RO         3373    .constdata          coeappl.o
    0x080057d1   0x00000001   PAD
    0x080057d2   0x00000066   Data   RO         3374    .constdata          coeappl.o
    0x08005838   0x00000062   Data   RO         3375    .constdata          coeappl.o
    0x0800589a   0x00000066   Data   RO         3376    .constdata          coeappl.o
    0x08005900   0x00000062   Data   RO         3377    .constdata          coeappl.o
    0x08005962   0x0000001e   Data   RO         3378    .constdata          coeappl.o
    0x08005980   0x00000060   Data   RO         3379    .constdata          coeappl.o
    0x080059e0   0x00000006   Data   RO         3380    .constdata          coeappl.o
    0x080059e6   0x0000000c   Data   RO         3381    .constdata          coeappl.o
    0x080059f2   0x00000006   Data   RO         3382    .constdata          coeappl.o
    0x080059f8   0x0000000f   Data   RO         3383    .constdata          coeappl.o
    0x08005a07   0x00000001   PAD
    0x08005a08   0x00000006   Data   RO         3384    .constdata          coeappl.o
    0x08005a0e   0x0000000c   Data   RO         3385    .constdata          coeappl.o
    0x08005a1a   0x00000006   Data   RO         3386    .constdata          coeappl.o
    0x08005a20   0x00000011   Data   RO         3387    .constdata          coeappl.o
    0x08005a31   0x00000001   PAD
    0x08005a32   0x00000006   Data   RO         3388    .constdata          coeappl.o
    0x08005a38   0x00000011   Data   RO         3389    .constdata          coeappl.o
    0x08005a49   0x00000001   PAD
    0x08005a4a   0x0000001e   Data   RO         3390    .constdata          coeappl.o
    0x08005a68   0x00000039   Data   RO         3391    .constdata          coeappl.o
    0x08005aa1   0x00000001   PAD
    0x08005aa2   0x00000012   Data   RO         3392    .constdata          coeappl.o
    0x08005ab4   0x0000003f   Data   RO         3393    .constdata          coeappl.o
    0x08005af3   0x00000001   PAD
    0x08005af4   0x00000006   Data   RO         3394    .constdata          coeappl.o
    0x08005afa   0x00000013   Data   RO         3395    .constdata          coeappl.o
    0x08005b0d   0x00000001   PAD
    0x08005b0e   0x0000000c   Data   RO         3396    .constdata          coeappl.o
    0x08005b1a   0x00000012   Data   RO         3397    .constdata          coeappl.o
    0x08005b2c   0x000000c6   Data   RO         3398    .constdata          coeappl.o
    0x08005bf2   0x00000100   Data   RO         3399    .constdata          coeappl.o
    0x08005cf2   0x000000ff   Data   RO         3400    .constdata          coeappl.o
    0x08005df1   0x00000001   PAD
    0x08005df2   0x00000020   Data   RO         4069    .constdata          objdef.o
    0x08005e12   0x00000002   PAD
    0x08005e14   0x00000078   Data   RO         4164    .constdata          sdoserv.o
    0x08005e8c   0x00000020   Data   RO         4865    Region$$Table       anon$$obj.o


    Execution Region RW_IRAM1 (Base: 0x20000000, Size: 0x00001bd8, Max: 0x0001c000, ABSOLUTE, COMPRESSED[0x0000048c])

    Base Addr    Size         Type   Attr      Idx    E Section Name        Object

    0x20000000   0x00000006   Data   RW          456    .data               usart.o
    0x20000006   0x00000002   PAD
    0x20000008   0x0000000c   Data   RW         1750    .data               stm32f4xx_hal.o
    0x20000014   0x00000004   Data   RW         3321    .data               system_stm32f4xx.o
    0x20000018   0x00000338   Data   RW         3401    .data               coeappl.o
    0x20000350   0x00000004   Data   RW         3402    .data               coeappl.o
    0x20000354   0x00000002   Data   RW         3403    .data               coeappl.o
    0x20000356   0x0000000b   Data   RW         3404    .data               coeappl.o
    0x20000361   0x00000005   Data   RW         3405    .data               coeappl.o
    0x20000366   0x00000005   Data   RW         3406    .data               coeappl.o
    0x2000036b   0x00000001   PAD
    0x2000036c   0x00000014   Data   RW         3407    .data               coeappl.o
    0x20000380   0x00000006   Data   RW         3408    .data               coeappl.o
    0x20000386   0x00000002   PAD
    0x20000388   0x00000020   Data   RW         3521    .data               ecatappl.o
    0x200003a8   0x00000001   Data   RW         3523    .data               ecatappl.o
    0x200003a9   0x00000003   PAD
    0x200003ac   0x00000004   Data   RW         3638    .data               ecatcoe.o
    0x200003b0   0x00000044   Data   RW         3694    .data               ecatslv.o
    0x200003f4   0x00000001   Data   RW         3695    .data               ecatslv.o
    0x200003f5   0x00000001   Data   RW         3696    .data               ecatslv.o
    0x200003f6   0x00000002   PAD
    0x200003f8   0x00000020   Data   RW         3854    .data               mailbox.o
    0x20000418   0x00000204   Data   RW         3961    .data               ssc-device.o
    0x2000061c   0x00000204   Data   RW         3962    .data               ssc-device.o
    0x20000820   0x00000004   Data   RW         3963    .data               ssc-device.o
    0x20000824   0x00000004   Data   RW         3964    .data               ssc-device.o
    0x20000828   0x00000102   Data   RW         3965    .data               ssc-device.o
    0x2000092a   0x00000102   Data   RW         3966    .data               ssc-device.o
    0x20000a2c   0x0000000a   Data   RW         3967    .data               ssc-device.o
    0x20000a36   0x00000002   PAD
    0x20000a38   0x0000000c   Data   RW         4070    .data               objdef.o
    0x20000a44   0x0000000e   Data   RW         4071    .data               objdef.o
    0x20000a52   0x00000002   Data   RW         4072    .data               objdef.o
    0x20000a54   0x00000034   Data   RW         4165    .data               sdoserv.o
    0x20000a88   0x00000004   Data   RW         4166    .data               sdoserv.o
    0x20000a8c   0x00000002   Data   RW         4245    .data               tr8253evb.o
    0x20000a8e   0x00000002   PAD
    0x20000a90   0x00000058   Zero   RW          257    .bss                spi.o
    0x20000ae8   0x00000048   Zero   RW          299    .bss                tim.o
    0x20000b30   0x00000148   Zero   RW          455    .bss                usart.o
    0x20000c78   0x00000800   Zero   RW         3520    .bss                ecatappl.o
    0x20001478   0x00000068   Zero   RW         3853    .bss                mailbox.o
    0x200014e0   0x00000088   Zero   RW         4068    .bss                objdef.o
    0x20001568   0x0000000e   Zero   RW         4163    .bss                sdoserv.o
    0x20001576   0x00000002   PAD
    0x20001578   0x00000060   Zero   RW         4741    .bss                c_w.l(libspace.o)
    0x200015d8   0x00000200   Zero   RW            2    HEAP                startup_stm32f407xx.o
    0x200017d8   0x00000400   Zero   RW            1    STACK               startup_stm32f407xx.o


    Execution Region RW_IRAM2 (Base: 0x2001c000, Size: 0x00000000, Max: 0x00004000, ABSOLUTE)

    **** No section assigned to this execution region ****


==============================================================================

Image component sizes


      Code (inc. data)   RO Data    RW Data    ZI Data      Debug   Object Name

       272         34          0          0          0       2669   application.o
       864        142       2281        877          0      21013   coeappl.o
      1644        274          0         33       2048      53189   ecatappl.o
       118         26          0          4          0       3087   ecatcoe.o
      3890        166          0         70          0      18090   ecatslv.o
       324         22          0          0          0       1147   gpio.o
      1318         92          0         32        104      11865   mailbox.o
       224         16          0          0          0     716798   main.o
      2914        124         32         28        136      16065   objdef.o
      2524         86        120         56         14      22643   sdoserv.o
       176         22          0          0         88       1729   spi.o
        72          6          0       1566          0      13619   ssc-device.o
        64         26        392          0       1536        864   startup_stm32f407xx.o
       180         28          0         12          0       9489   stm32f4xx_hal.o
       198         14          0          0          0      33571   stm32f4xx_hal_cortex.o
       182          0          0          0          0       2023   stm32f4xx_hal_dma.o
       530         52          0          0          0       2691   stm32f4xx_hal_gpio.o
        52          4          0          0          0        906   stm32f4xx_hal_msp.o
      1284         52          0          0          0       3902   stm32f4xx_hal_rcc.o
       188          0          0          0          0       1223   stm32f4xx_hal_spi.o
       752         76          0          0          0       6712   stm32f4xx_hal_tim.o
       144         28          0          0          0       1360   stm32f4xx_hal_tim_ex.o
      1014          4          0          0          0       7412   stm32f4xx_hal_uart.o
        32          0          0          0          0       5300   stm32f4xx_it.o
        16          4         16          4          0       1187   system_stm32f4xx.o
       144         20          0          0         72       1714   tim.o
       604         76          0          2          0      40189   tr8253evb.o
        64         18          0          6        328       1734   usart.o

    ----------------------------------------------------------------------
     19820       1412       2886       2704       4328    1002191   Object Totals
         0          0         32          0          0          0   (incl. Generated)
        32          0         13         14          2          0   (incl. Padding)

    ----------------------------------------------------------------------

      Code (inc. data)   RO Data    RW Data    ZI Data      Debug   Library Member Name

        90          0          0          0          0          0   __dczerorl2.o
         8          0          0          0          0         68   __main.o
         0          0          0          0          0          0   __rtentry.o
        12          0          0          0          0          0   __rtentry2.o
         6          0          0          0          0          0   __rtentry4.o
        52          8          0          0          0          0   __scatter.o
        28          0          0          0          0          0   __scatter_zi.o
        10          0          0          0          0         68   defsig_exit.o
        50          0          0          0          0         88   defsig_general.o
        80         58          0          0          0         76   defsig_rtmem_inner.o
        14          0          0          0          0         80   defsig_rtmem_outer.o
        12          0          0          0          0         72   exit.o
        94          0          0          0          0         80   h1_alloc.o
        52          0          0          0          0         68   h1_extend.o
        78          0          0          0          0         80   h1_free.o
        14          0          0          0          0         84   h1_init.o
         6          0          0          0          0        152   heapauxi.o
         4          0          0          0          0        136   hguard.o
         0          0          0          0          0          0   indicate_semi.o
       138          0          0          0          0        168   init_alloc.o
         2          0          0          0          0          0   libinit.o
        14          0          0          0          0          0   libinit2.o
         2          0          0          0          0          0   libshutdown.o
         2          0          0          0          0          0   libshutdown2.o
         8          4          0          0         96         68   libspace.o
       238          0          0          0          0        100   lludivv7m.o
         0          0          0          0          0          0   maybetermalloc1.o
         8          4          0          0          0         68   rt_heap_descriptor_intlibspace.o
        78          0          0          0          0         80   rt_memclr_w.o
       138          0          0          0          0         68   rt_memcpy_v6.o
       100          0          0          0          0         80   rt_memcpy_w.o
         2          0          0          0          0          0   rtexit.o
        10          0          0          0          0          0   rtexit2.o
        62          0          0          0          0         76   strlen.o
        12          4          0          0          0         68   sys_exit.o
        74          0          0          0          0         80   sys_stackheap_outer.o
        14          0          0          0          0         76   sys_wrch.o
         2          0          0          0          0         68   use_no_semi.o
        10          0          0          0          0        116   fpinit.o

    ----------------------------------------------------------------------
      1530         78          0          0         96       2168   Library Totals
         6          0          0          0          0          0   (incl. Padding)

    ----------------------------------------------------------------------

      Code (inc. data)   RO Data    RW Data    ZI Data      Debug   Library Name

      1514         78          0          0         96       2052   c_w.l
        10          0          0          0          0        116   fz_wm.l

    ----------------------------------------------------------------------
      1530         78          0          0         96       2168   Library Totals

    ----------------------------------------------------------------------

==============================================================================


      Code (inc. data)   RO Data    RW Data    ZI Data      Debug   

     21350       1490       2886       2704       4424     987467   Grand Totals
     21350       1490       2886       1164       4424     987467   ELF Image Totals (compressed)
     21350       1490       2886       1164          0          0   ROM Totals

==============================================================================

    Total RO  Size (Code + RO Data)                24236 (  23.67kB)
    Total RW  Size (RW Data + ZI Data)              7128 (   6.96kB)
    Total ROM Size (Code + RO Data + RW Data)      25400 (  24.80kB)

==============================================================================

