<html>
<body>
<pre>
<h1>µVision Build Log</h1>
<h2>Tool Versions:</h2>
IDE-Version: ¦ÌVision V5.14.0.0
Copyright (C) 2015 ARM Ltd and ARM Germany GmbH. All rights reserved.
License Information: 1 User, 1, LIC=8MZI6-D5GIJ-D3UM3-AMFJV-PG19A-PM7DB
 
Tool Versions:
Toolchain:       MDK-ARM Professional  Version: 5.14.0.0
Toolchain Path:  D:\Keil_V5\ARM\ARMCC\Bin
C Compiler:      Armcc.exe V5.05 update 1 (build 106)
Assembler:       Armasm.exe V5.05 update 1 (build 106)
Linker/Locator:  ArmLink.exe V5.05 update 1 (build 106)
Library Manager: ArmAr.exe V5.05 update 1 (build 106)
Hex Converter:   FromElf.exe V5.05 update 1 (build 106)
CPU DLL:         SARMCM3.DLL V5.14.0.0
Dialog DLL:      DCM.DLL V1.13.1.0
Target DLL:      Segger\JL2CM3.dll V2.99.13.0
Dialog DLL:      TCM.DLL V1.14.4.0
 
<h2>Project:</h2>
D:\YPC\Desktop\Keil5 Project\HAL-TR8253-EVB-SPI-0X05-DC\MDK-ARM\stm32f407_ssc_hal.uvprojx
Project File Date:  06/02/2026

<h2>Output:</h2>
Rebuild target 'stm32f407_ssc_hal'
assembling startup_stm32f407xx.s...
compiling main.c...
compiling gpio.c...
compiling spi.c...
compiling tim.c...
compiling stm32f4xx_it.c...
compiling stm32f4xx_hal_msp.c...
compiling usart.c...
compiling stm32f4xx_hal_spi.c...
compiling stm32f4xx_hal_rcc.c...
compiling stm32f4xx_hal_rcc_ex.c...
compiling stm32f4xx_hal_flash.c...
compiling stm32f4xx_hal_flash_ex.c...
compiling stm32f4xx_hal_flash_ramfunc.c...
compiling stm32f4xx_hal_gpio.c...
compiling stm32f4xx_hal_dma_ex.c...
compiling stm32f4xx_hal_dma.c...
compiling stm32f4xx_hal_pwr.c...
compiling stm32f4xx_hal_pwr_ex.c...
compiling stm32f4xx_hal_cortex.c...
compiling stm32f4xx_hal.c...
compiling stm32f4xx_hal_exti.c...
compiling stm32f4xx_hal_tim.c...
compiling stm32f4xx_hal_tim_ex.c...
compiling stm32f4xx_hal_uart.c...
compiling system_stm32f4xx.c...
compiling coeappl.c...
compiling ecatappl.c...
compiling ecatcoe.c...
compiling ecatslv.c...
compiling mailbox.c...
compiling SSC-Device.c...
compiling objdef.c...
compiling sdoserv.c...
compiling TR8253Evb.c...
compiling Application.c...
compiling App_Flash.c...
compiling ecat_api.c...
linking...
Program Size: Code=21350 RO-data=2886 RW-data=2704 ZI-data=4424  
FromELF: creating hex file...
"stm32f407_ssc_hal\stm32f407_ssc_hal.axf" - 0 Error(s), 0 Warning(s).

<h2>Software Packages used:</h2>

Package Vendor: ARM
                http://www.keil.com/pack/ARM.CMSIS.4.2.0.pack
                ARM::CMSIS:CORE:3.40.0
                CMSIS (Cortex Microcontroller Software Interface Standard)
   * Component: CORE Version: 3.40.0

<h2>Collection of Component include folders:</h2>
  D:\YPC\Desktop\Keil5 Project\HAL-TR8253-EVB-SPI-0X05-DC\MDK-ARM\RTE
  D:\Keil_V5\ARM\PACK\ARM\CMSIS\4.2.0\CMSIS\Include
  D:\Keil_V5\ARM\PACK\Keil\STM32F4xx_DFP\2.17.0

<h2>Collection of Component Files used:</h2>

   * Component: ARM::CMSIS:CORE:3.40.0
      Source file:   CMSIS\UserCodeTemplates\ARM\ITM_Retarget.c
</pre>
</body>
</html>
